@!@!@STARTMSG 2262:0 @!@!@
TLC2 Version 2.16 of 31 December 2020 (rev: cdddf55)
@!@!@ENDMSG 2262 @!@!@
@!@!@STARTMSG 2187:0 @!@!@
Running breadth-first search Model-Checking with fp 122 and seed 8449831801135351698 with 2 workers on 4 cores with 608MB heap and 1365MB offheap memory [pid: 17307] (Mac OS X 10.16 x86_64, AdoptOpenJDK 14.0.1 x86_64, OffHeapDiskFPSet, DiskStateQueue).
@!@!@ENDMSG 2187 @!@!@
@!@!@STARTMSG 2220:0 @!@!@
Starting SANY...
@!@!@ENDMSG 2220 @!@!@
Parsing file /Users/BiaLeao/Documents/verification_des_system/exercise 2/ticketing2.toolbox/Model_1/MC.tla
Parsing file /Users/BiaLeao/Documents/verification_des_system/exercise 2/ticketing2.toolbox/Model_1/ticketing2.tla
Warning: symbols were renamed.
Parsing file /Applications/TLA+ Toolbox.app/Contents/Eclipse/plugins/org.lamport.tlatools_1.0.0.202012311918/tla2sany/StandardModules/TLC.tla
Parsing file /Applications/TLA+ Toolbox.app/Contents/Eclipse/plugins/org.lamport.tlatools_1.0.0.202012311918/tla2sany/StandardModules/Integers.tla
Parsing file /Applications/TLA+ Toolbox.app/Contents/Eclipse/plugins/org.lamport.tlatools_1.0.0.202012311918/tla2sany/StandardModules/Sequences.tla
Parsing file /Applications/TLA+ Toolbox.app/Contents/Eclipse/plugins/org.lamport.tlatools_1.0.0.202012311918/tla2sany/StandardModules/FiniteSets.tla
Parsing file /Applications/TLA+ Toolbox.app/Contents/Eclipse/plugins/org.lamport.tlatools_1.0.0.202012311918/tla2sany/StandardModules/Naturals.tla
Semantic processing of module Naturals
Semantic processing of module Integers
Semantic processing of module Sequences
Semantic processing of module FiniteSets
Semantic processing of module TLC
Semantic processing of module ticketing2
Semantic processing of module MC
@!@!@STARTMSG 2219:0 @!@!@
SANY finished.
@!@!@ENDMSG 2219 @!@!@
@!@!@STARTMSG 2185:0 @!@!@
Starting... (2026-02-02 15:10:34)
@!@!@ENDMSG 2185 @!@!@
@!@!@STARTMSG 2212:0 @!@!@
Implied-temporal checking--satisfiability problem has 1 branches.
@!@!@ENDMSG 2212 @!@!@
@!@!@STARTMSG 2189:0 @!@!@
Computing initial states...
@!@!@ENDMSG 2189 @!@!@
@!@!@STARTMSG 2190:0 @!@!@
Finished computing initial states: 1 distinct state generated at 2026-02-02 15:10:40.
@!@!@ENDMSG 2190 @!@!@
@!@!@STARTMSG 2192:0 @!@!@
Checking temporal properties for the current state space with 3329 total distinct states at (2026-02-02 15:10:43)
@!@!@ENDMSG 2192 @!@!@
@!@!@STARTMSG 2267:0 @!@!@
Finished checking temporal properties in 00s at 2026-02-02 15:10:43
@!@!@ENDMSG 2267 @!@!@
@!@!@STARTMSG 2200:0 @!@!@
Progress(7) at 2026-02-02 15:10:43: 8,797 states generated (8,797 s/min), 3,329 distinct states found (3,329 ds/min), 1,742 states left on queue.
@!@!@ENDMSG 2200 @!@!@
@!@!@STARTMSG 2110:1 @!@!@
Invariant MaliciousHasNoTickets is violated.
@!@!@ENDMSG 2110 @!@!@
@!@!@STARTMSG 2121:1 @!@!@
The behavior up to this point is:
@!@!@ENDMSG 2121 @!@!@
@!@!@STARTMSG 2217:4 @!@!@
1: <Initial predicate>
/\ seatMap = << "available",
   "available",
   "available",
   "available",
   "available",
   "available",
   "available",
   "available",
   "available",
   "available" >>
/\ ip_H = <<1, 2, 3>>
/\ MyTickets = (-1 :> {})
/\ targetID = (-1 :> 0)
/\ targetSeat = (-1 :> 1)
/\ internalReq = [type |-> "buy", from |-> 0, seat |-> 1, bankID |-> 0]
/\ pc = ( -1 :> "MStep" @@
  0 :> "s1_" @@
  1 :> "InitTarget" @@
  2 :> "InitTarget" @@
  3 :> "InitTarget" )
/\ reply = (-1 :> [type |-> "buy", from |-> 0, seat |-> 1, bankID |-> 0])
/\ wantSeat = <<1, 1, 1>>
/\ scamsCount = (-1 :> 0)
/\ target = <<0, 0, 0>>
/\ Tickets = <<{}, {}, {}>>
/\ id = <<1, 2, 3>>
/\ ip_ = 0
/\ ip = (-1 :> -1)
/\ id_ = 0
/\ Channels = (-1 :> <<>> @@ 0 :> <<>> @@ 1 :> <<>> @@ 2 :> <<>> @@ 3 :> <<>>)
/\ BankAccount = (-1 :> 4 @@ 0 :> 0 @@ 1 :> 4 @@ 2 :> 4 @@ 3 :> 4)
/\ reply_ = << [type |-> "buy", from |-> 0, seat |-> 1, bankID |-> 0],
   [type |-> "buy", from |-> 0, seat |-> 1, bankID |-> 0],
   [type |-> "buy", from |-> 0, seat |-> 1, bankID |-> 0] >>
/\ availSeats = <<{}, {}, {}>>
/\ CState = <<"idle", "idle", "idle">>

@!@!@ENDMSG 2217 @!@!@
@!@!@STARTMSG 2217:4 @!@!@
2: <s1_ line 344, col 8 to line 351, col 43 of module ticketing2>
/\ seatMap = << "available",
   "available",
   "available",
   "available",
   "available",
   "available",
   "available",
   "available",
   "available",
   "available" >>
/\ ip_H = <<1, 2, 3>>
/\ MyTickets = (-1 :> {})
/\ targetID = (-1 :> 0)
/\ targetSeat = (-1 :> 1)
/\ internalReq = [type |-> "buy", from |-> 0, seat |-> 1, bankID |-> 0]
/\ pc = ( -1 :> "MStep" @@
  0 :> "WW" @@
  1 :> "InitTarget" @@
  2 :> "InitTarget" @@
  3 :> "InitTarget" )
/\ reply = (-1 :> [type |-> "buy", from |-> 0, seat |-> 1, bankID |-> 0])
/\ wantSeat = <<1, 1, 1>>
/\ scamsCount = (-1 :> 0)
/\ target = <<0, 0, 0>>
/\ Tickets = <<{}, {}, {}>>
/\ id = <<1, 2, 3>>
/\ ip_ = 0
/\ ip = (-1 :> -1)
/\ id_ = 0
/\ Channels = (-1 :> <<>> @@ 0 :> <<>> @@ 1 :> <<>> @@ 2 :> <<>> @@ 3 :> <<>>)
/\ BankAccount = (-1 :> 4 @@ 0 :> 0 @@ 1 :> 4 @@ 2 :> 4 @@ 3 :> 4)
/\ reply_ = << [type |-> "buy", from |-> 0, seat |-> 1, bankID |-> 0],
   [type |-> "buy", from |-> 0, seat |-> 1, bankID |-> 0],
   [type |-> "buy", from |-> 0, seat |-> 1, bankID |-> 0] >>
/\ availSeats = <<{}, {}, {}>>
/\ CState = <<"idle", "idle", "idle">>

@!@!@ENDMSG 2217 @!@!@
@!@!@STARTMSG 2217:4 @!@!@
3: <MStep line 491, col 16 to line 500, col 44 of module ticketing2>
/\ seatMap = << "available",
   "available",
   "available",
   "available",
   "available",
   "available",
   "available",
   "available",
   "available",
   "available" >>
/\ ip_H = <<1, 2, 3>>
/\ MyTickets = (-1 :> {})
/\ targetID = (-1 :> 1)
/\ targetSeat = (-1 :> 1)
/\ internalReq = [type |-> "buy", from |-> 0, seat |-> 1, bankID |-> 0]
/\ pc = ( -1 :> "MSend" @@
  0 :> "WW" @@
  1 :> "InitTarget" @@
  2 :> "InitTarget" @@
  3 :> "InitTarget" )
/\ reply = (-1 :> [type |-> "buy", from |-> 0, seat |-> 1, bankID |-> 0])
/\ wantSeat = <<1, 1, 1>>
/\ scamsCount = (-1 :> 0)
/\ target = <<0, 0, 0>>
/\ Tickets = <<{}, {}, {}>>
/\ id = <<1, 2, 3>>
/\ ip_ = 0
/\ ip = (-1 :> -1)
/\ id_ = 0
/\ Channels = (-1 :> <<>> @@ 0 :> <<>> @@ 1 :> <<>> @@ 2 :> <<>> @@ 3 :> <<>>)
/\ BankAccount = (-1 :> 4 @@ 0 :> 0 @@ 1 :> 4 @@ 2 :> 4 @@ 3 :> 4)
/\ reply_ = << [type |-> "buy", from |-> 0, seat |-> 1, bankID |-> 0],
   [type |-> "buy", from |-> 0, seat |-> 1, bankID |-> 0],
   [type |-> "buy", from |-> 0, seat |-> 1, bankID |-> 0] >>
/\ availSeats = <<{}, {}, {}>>
/\ CState = <<"idle", "idle", "idle">>

@!@!@ENDMSG 2217 @!@!@
@!@!@STARTMSG 2217:4 @!@!@
4: <MSend line 502, col 16 to line 510, col 61 of module ticketing2>
/\ seatMap = << "available",
   "available",
   "available",
   "available",
   "available",
   "available",
   "available",
   "available",
   "available",
   "available" >>
/\ ip_H = <<1, 2, 3>>
/\ MyTickets = (-1 :> {})
/\ targetID = (-1 :> 1)
/\ targetSeat = (-1 :> 1)
/\ internalReq = [type |-> "buy", from |-> 0, seat |-> 1, bankID |-> 0]
/\ pc = ( -1 :> "MGetReply" @@
  0 :> "WW" @@
  1 :> "InitTarget" @@
  2 :> "InitTarget" @@
  3 :> "InitTarget" )
/\ reply = (-1 :> [type |-> "buy", from |-> 0, seat |-> 1, bankID |-> 0])
/\ wantSeat = <<1, 1, 1>>
/\ scamsCount = (-1 :> 1)
/\ target = <<0, 0, 0>>
/\ Tickets = <<{}, {}, {}>>
/\ id = <<1, 2, 3>>
/\ ip_ = 0
/\ ip = (-1 :> -1)
/\ id_ = 0
/\ Channels = ( -1 :> <<>> @@
  0 :> <<[type |-> "buy", from |-> -1, seat |-> 1, bankID |-> 1]>> @@
  1 :> <<>> @@
  2 :> <<>> @@
  3 :> <<>> )
/\ BankAccount = (-1 :> 4 @@ 0 :> 0 @@ 1 :> 4 @@ 2 :> 4 @@ 3 :> 4)
/\ reply_ = << [type |-> "buy", from |-> 0, seat |-> 1, bankID |-> 0],
   [type |-> "buy", from |-> 0, seat |-> 1, bankID |-> 0],
   [type |-> "buy", from |-> 0, seat |-> 1, bankID |-> 0] >>
/\ availSeats = <<{}, {}, {}>>
/\ CState = <<"idle", "idle", "idle">>

@!@!@ENDMSG 2217 @!@!@
@!@!@STARTMSG 2217:4 @!@!@
5: <WW line 353, col 7 to line 359, col 42 of module ticketing2>
/\ seatMap = << "available",
   "available",
   "available",
   "available",
   "available",
   "available",
   "available",
   "available",
   "available",
   "available" >>
/\ ip_H = <<1, 2, 3>>
/\ MyTickets = (-1 :> {})
/\ targetID = (-1 :> 1)
/\ targetSeat = (-1 :> 1)
/\ internalReq = [type |-> "buy", from |-> 0, seat |-> 1, bankID |-> 0]
/\ pc = ( -1 :> "MGetReply" @@
  0 :> "GET" @@
  1 :> "InitTarget" @@
  2 :> "InitTarget" @@
  3 :> "InitTarget" )
/\ reply = (-1 :> [type |-> "buy", from |-> 0, seat |-> 1, bankID |-> 0])
/\ wantSeat = <<1, 1, 1>>
/\ scamsCount = (-1 :> 1)
/\ target = <<0, 0, 0>>
/\ Tickets = <<{}, {}, {}>>
/\ id = <<1, 2, 3>>
/\ ip_ = 0
/\ ip = (-1 :> -1)
/\ id_ = 0
/\ Channels = ( -1 :> <<>> @@
  0 :> <<[type |-> "buy", from |-> -1, seat |-> 1, bankID |-> 1]>> @@
  1 :> <<>> @@
  2 :> <<>> @@
  3 :> <<>> )
/\ BankAccount = (-1 :> 4 @@ 0 :> 0 @@ 1 :> 4 @@ 2 :> 4 @@ 3 :> 4)
/\ reply_ = << [type |-> "buy", from |-> 0, seat |-> 1, bankID |-> 0],
   [type |-> "buy", from |-> 0, seat |-> 1, bankID |-> 0],
   [type |-> "buy", from |-> 0, seat |-> 1, bankID |-> 0] >>
/\ availSeats = <<{}, {}, {}>>
/\ CState = <<"idle", "idle", "idle">>

@!@!@ENDMSG 2217 @!@!@
@!@!@STARTMSG 2217:4 @!@!@
6: <GET line 361, col 8 to line 367, col 65 of module ticketing2>
/\ seatMap = << "available",
   "available",
   "available",
   "available",
   "available",
   "available",
   "available",
   "available",
   "available",
   "available" >>
/\ ip_H = <<1, 2, 3>>
/\ MyTickets = (-1 :> {})
/\ targetID = (-1 :> 1)
/\ targetSeat = (-1 :> 1)
/\ internalReq = [type |-> "buy", from |-> -1, seat |-> 1, bankID |-> 1]
/\ pc = ( -1 :> "MGetReply" @@
  0 :> "TREAT" @@
  1 :> "InitTarget" @@
  2 :> "InitTarget" @@
  3 :> "InitTarget" )
/\ reply = (-1 :> [type |-> "buy", from |-> 0, seat |-> 1, bankID |-> 0])
/\ wantSeat = <<1, 1, 1>>
/\ scamsCount = (-1 :> 1)
/\ target = <<0, 0, 0>>
/\ Tickets = <<{}, {}, {}>>
/\ id = <<1, 2, 3>>
/\ ip_ = 0
/\ ip = (-1 :> -1)
/\ id_ = 0
/\ Channels = (-1 :> <<>> @@ 0 :> <<>> @@ 1 :> <<>> @@ 2 :> <<>> @@ 3 :> <<>>)
/\ BankAccount = (-1 :> 4 @@ 0 :> 0 @@ 1 :> 4 @@ 2 :> 4 @@ 3 :> 4)
/\ reply_ = << [type |-> "buy", from |-> 0, seat |-> 1, bankID |-> 0],
   [type |-> "buy", from |-> 0, seat |-> 1, bankID |-> 0],
   [type |-> "buy", from |-> 0, seat |-> 1, bankID |-> 0] >>
/\ availSeats = <<{}, {}, {}>>
/\ CState = <<"idle", "idle", "idle">>

@!@!@ENDMSG 2217 @!@!@
@!@!@STARTMSG 2217:4 @!@!@
7: <TREAT line 369, col 10 to line 396, col 57 of module ticketing2>
/\ seatMap = << "paid",
   "available",
   "available",
   "available",
   "available",
   "available",
   "available",
   "available",
   "available",
   "available" >>
/\ ip_H = <<1, 2, 3>>
/\ MyTickets = (-1 :> {})
/\ targetID = (-1 :> 1)
/\ targetSeat = (-1 :> 1)
/\ internalReq = [type |-> "buy", from |-> -1, seat |-> 1, bankID |-> 1]
/\ pc = ( -1 :> "MGetReply" @@
  0 :> "s1_" @@
  1 :> "InitTarget" @@
  2 :> "InitTarget" @@
  3 :> "InitTarget" )
/\ reply = (-1 :> [type |-> "buy", from |-> 0, seat |-> 1, bankID |-> 0])
/\ wantSeat = <<1, 1, 1>>
/\ scamsCount = (-1 :> 1)
/\ target = <<0, 0, 0>>
/\ Tickets = <<{1}, {}, {}>>
/\ id = <<1, 2, 3>>
/\ ip_ = 0
/\ ip = (-1 :> -1)
/\ id_ = 0
/\ Channels = ( -1 :> <<[type |-> "confirm", from |-> 0, seat |-> 1, bankID |-> -2]>> @@
  0 :> <<>> @@
  1 :> <<>> @@
  2 :> <<>> @@
  3 :> <<>> )
/\ BankAccount = (-1 :> 4 @@ 0 :> 1 @@ 1 :> 3 @@ 2 :> 4 @@ 3 :> 4)
/\ reply_ = << [type |-> "buy", from |-> 0, seat |-> 1, bankID |-> 0],
   [type |-> "buy", from |-> 0, seat |-> 1, bankID |-> 0],
   [type |-> "buy", from |-> 0, seat |-> 1, bankID |-> 0] >>
/\ availSeats = <<{}, {}, {}>>
/\ CState = <<"idle", "idle", "idle">>

@!@!@ENDMSG 2217 @!@!@
@!@!@STARTMSG 2217:4 @!@!@
8: <MGetReply line 512, col 20 to line 520, col 70 of module ticketing2>
/\ seatMap = << "paid",
   "available",
   "available",
   "available",
   "available",
   "available",
   "available",
   "available",
   "available",
   "available" >>
/\ ip_H = <<1, 2, 3>>
/\ MyTickets = (-1 :> {})
/\ targetID = (-1 :> 1)
/\ targetSeat = (-1 :> 1)
/\ internalReq = [type |-> "buy", from |-> -1, seat |-> 1, bankID |-> 1]
/\ pc = ( -1 :> "MStore" @@
  0 :> "s1_" @@
  1 :> "InitTarget" @@
  2 :> "InitTarget" @@
  3 :> "InitTarget" )
/\ reply = (-1 :> [type |-> "confirm", from |-> 0, seat |-> 1, bankID |-> -2])
/\ wantSeat = <<1, 1, 1>>
/\ scamsCount = (-1 :> 1)
/\ target = <<0, 0, 0>>
/\ Tickets = <<{1}, {}, {}>>
/\ id = <<1, 2, 3>>
/\ ip_ = 0
/\ ip = (-1 :> -1)
/\ id_ = 0
/\ Channels = (-1 :> <<>> @@ 0 :> <<>> @@ 1 :> <<>> @@ 2 :> <<>> @@ 3 :> <<>>)
/\ BankAccount = (-1 :> 4 @@ 0 :> 1 @@ 1 :> 3 @@ 2 :> 4 @@ 3 :> 4)
/\ reply_ = << [type |-> "buy", from |-> 0, seat |-> 1, bankID |-> 0],
   [type |-> "buy", from |-> 0, seat |-> 1, bankID |-> 0],
   [type |-> "buy", from |-> 0, seat |-> 1, bankID |-> 0] >>
/\ availSeats = <<{}, {}, {}>>
/\ CState = <<"idle", "idle", "idle">>

@!@!@ENDMSG 2217 @!@!@
@!@!@STARTMSG 2217:4 @!@!@
9: <MStore line 522, col 17 to line 531, col 74 of module ticketing2>
/\ seatMap = << "paid",
   "available",
   "available",
   "available",
   "available",
   "available",
   "available",
   "available",
   "available",
   "available" >>
/\ ip_H = <<1, 2, 3>>
/\ MyTickets = (-1 :> {1})
/\ targetID = (-1 :> 1)
/\ targetSeat = (-1 :> 1)
/\ internalReq = [type |-> "buy", from |-> -1, seat |-> 1, bankID |-> 1]
/\ pc = ( -1 :> "Done" @@
  0 :> "s1_" @@
  1 :> "InitTarget" @@
  2 :> "InitTarget" @@
  3 :> "InitTarget" )
/\ reply = (-1 :> [type |-> "confirm", from |-> 0, seat |-> 1, bankID |-> -2])
/\ wantSeat = <<1, 1, 1>>
/\ scamsCount = (-1 :> 1)
/\ target = <<0, 0, 0>>
/\ Tickets = <<{1}, {}, {}>>
/\ id = <<1, 2, 3>>
/\ ip_ = 0
/\ ip = (-1 :> -1)
/\ id_ = 0
/\ Channels = (-1 :> <<>> @@ 0 :> <<>> @@ 1 :> <<>> @@ 2 :> <<>> @@ 3 :> <<>>)
/\ BankAccount = (-1 :> 4 @@ 0 :> 1 @@ 1 :> 3 @@ 2 :> 4 @@ 3 :> 4)
/\ reply_ = << [type |-> "buy", from |-> 0, seat |-> 1, bankID |-> 0],
   [type |-> "buy", from |-> 0, seat |-> 1, bankID |-> 0],
   [type |-> "buy", from |-> 0, seat |-> 1, bankID |-> 0] >>
/\ availSeats = <<{}, {}, {}>>
/\ CState = <<"idle", "idle", "idle">>

@!@!@ENDMSG 2217 @!@!@
@!@!@STARTMSG 2201:0 @!@!@
The coverage statistics at 2026-02-02 15:10:49
@!@!@ENDMSG 2201 @!@!@
@!@!@STARTMSG 2773:0 @!@!@
<Init line 316, col 1 to line 316, col 4 of module ticketing2>: 2:2
@!@!@ENDMSG 2773 @!@!@
@!@!@STARTMSG 2221:0 @!@!@
  line 317, col 9 to line 342, col 76 of module ticketing2: 2
@!@!@ENDMSG 2221 @!@!@
@!@!@STARTMSG 2772:0 @!@!@
<s1_ line 344, col 1 to line 344, col 3 of module ticketing2>: 121:2837
@!@!@ENDMSG 2772 @!@!@
@!@!@STARTMSG 2221:0 @!@!@
  line 344, col 11 to line 344, col 23 of module ticketing2: 9294
@!@!@ENDMSG 2221 @!@!@
@!@!@STARTMSG 2221:0 @!@!@
  |line 344, col 11 to line 344, col 15 of module ticketing2: 6457
@!@!@ENDMSG 2221 @!@!@
@!@!@STARTMSG 2221:0 @!@!@
  line 345, col 14 to line 345, col 21 of module ticketing2: 2837
@!@!@ENDMSG 2221 @!@!@
@!@!@STARTMSG 2221:0 @!@!@
  |line 345, col 15 to line 345, col 21 of module ticketing2: 2837
@!@!@ENDMSG 2221 @!@!@
@!@!@STARTMSG 2221:0 @!@!@
  ||line 302, col 3 to line 303, col 52 of module ticketing2: 2837
@!@!@ENDMSG 2221 @!@!@
@!@!@STARTMSG 2221:0 @!@!@
  |||line 302, col 6 to line 302, col 44 of module ticketing2: 2837
@!@!@ENDMSG 2221 @!@!@
@!@!@STARTMSG 2221:0 @!@!@
  ||||line 302, col 27 to line 302, col 44 of module ticketing2: 3244
@!@!@ENDMSG 2221 @!@!@
@!@!@STARTMSG 2221:0 @!@!@
  ||||line 302, col 15 to line 302, col 23 of module ticketing2: 2837
@!@!@ENDMSG 2221 @!@!@
@!@!@STARTMSG 2221:0 @!@!@
  line 346, col 19 to line 346, col 50 of module ticketing2: 2837
@!@!@ENDMSG 2221 @!@!@
@!@!@STARTMSG 2221:0 @!@!@
  line 347, col 22 to line 347, col 54 of module ticketing2: 0
@!@!@ENDMSG 2221 @!@!@
@!@!@STARTMSG 2221:0 @!@!@
  line 348, col 11 to line 351, col 43 of module ticketing2: 2837
@!@!@ENDMSG 2221 @!@!@
@!@!@STARTMSG 2772:0 @!@!@
<WW line 353, col 1 to line 353, col 2 of module ticketing2>: 1050:1051
@!@!@ENDMSG 2772 @!@!@
@!@!@STARTMSG 2221:0 @!@!@
  line 353, col 10 to line 353, col 21 of module ticketing2: 7507
@!@!@ENDMSG 2221 @!@!@
@!@!@STARTMSG 2221:0 @!@!@
  |line 353, col 10 to line 353, col 14 of module ticketing2: 6456
@!@!@ENDMSG 2221 @!@!@
@!@!@STARTMSG 2221:0 @!@!@
  line 354, col 11 to line 354, col 32 of module ticketing2: 1051
@!@!@ENDMSG 2221 @!@!@
@!@!@STARTMSG 2221:0 @!@!@
  |line 354, col 11 to line 354, col 28 of module ticketing2: 2718
@!@!@ENDMSG 2221 @!@!@
@!@!@STARTMSG 2221:0 @!@!@
  line 355, col 10 to line 355, col 39 of module ticketing2: 1051
@!@!@ENDMSG 2221 @!@!@
@!@!@STARTMSG 2221:0 @!@!@
  line 356, col 10 to line 359, col 42 of module ticketing2: 1051
@!@!@ENDMSG 2221 @!@!@
@!@!@STARTMSG 2772:0 @!@!@
<GET line 361, col 1 to line 361, col 3 of module ticketing2>: 600:601
@!@!@ENDMSG 2772 @!@!@
@!@!@STARTMSG 2221:0 @!@!@
  line 361, col 11 to line 361, col 23 of module ticketing2: 7056
@!@!@ENDMSG 2221 @!@!@
@!@!@STARTMSG 2221:0 @!@!@
  |line 361, col 11 to line 361, col 15 of module ticketing2: 6455
@!@!@ENDMSG 2221 @!@!@
@!@!@STARTMSG 2221:0 @!@!@
  line 362, col 11 to line 362, col 44 of module ticketing2: 601
@!@!@ENDMSG 2221 @!@!@
@!@!@STARTMSG 2221:0 @!@!@
  line 363, col 11 to line 363, col 68 of module ticketing2: 601
@!@!@ENDMSG 2221 @!@!@
@!@!@STARTMSG 2221:0 @!@!@
  line 364, col 11 to line 364, col 42 of module ticketing2: 601
@!@!@ENDMSG 2221 @!@!@
@!@!@STARTMSG 2221:0 @!@!@
  line 365, col 11 to line 367, col 65 of module ticketing2: 601
@!@!@ENDMSG 2221 @!@!@
@!@!@STARTMSG 2772:0 @!@!@
<TREAT line 369, col 1 to line 369, col 5 of module ticketing2>: 300:301
@!@!@ENDMSG 2772 @!@!@
@!@!@STARTMSG 2221:0 @!@!@
  line 369, col 13 to line 369, col 27 of module ticketing2: 6755
@!@!@ENDMSG 2221 @!@!@
@!@!@STARTMSG 2221:0 @!@!@
  |line 369, col 13 to line 369, col 17 of module ticketing2: 6454
@!@!@ENDMSG 2221 @!@!@
@!@!@STARTMSG 2221:0 @!@!@
  line 370, col 16 to line 370, col 39 of module ticketing2: 301
@!@!@ENDMSG 2221 @!@!@
@!@!@STARTMSG 2221:0 @!@!@
  line 371, col 27 to line 373, col 64 of module ticketing2: 301
@!@!@ENDMSG 2221 @!@!@
@!@!@STARTMSG 2221:0 @!@!@
  line 374, col 32 to line 384, col 109 of module ticketing2: 301
@!@!@ENDMSG 2221 @!@!@
@!@!@STARTMSG 2221:0 @!@!@
  line 385, col 35 to line 389, col 109 of module ticketing2: 0
@!@!@ENDMSG 2221 @!@!@
@!@!@STARTMSG 2221:0 @!@!@
  line 390, col 35 to line 390, col 79 of module ticketing2: 0
@!@!@ENDMSG 2221 @!@!@
@!@!@STARTMSG 2221:0 @!@!@
  line 392, col 24 to line 392, col 78 of module ticketing2: 0
@!@!@ENDMSG 2221 @!@!@
@!@!@STARTMSG 2221:0 @!@!@
  line 393, col 13 to line 393, col 42 of module ticketing2: 301
@!@!@ENDMSG 2221 @!@!@
@!@!@STARTMSG 2221:0 @!@!@
  line 394, col 13 to line 396, col 57 of module ticketing2: 301
@!@!@ENDMSG 2221 @!@!@
@!@!@STARTMSG 2772:0 @!@!@
<Done__ line 398, col 1 to line 398, col 6 of module ticketing2>: 0:0
@!@!@ENDMSG 2772 @!@!@
@!@!@STARTMSG 2221:0 @!@!@
  line 398, col 14 to line 398, col 29 of module ticketing2: 6453
@!@!@ENDMSG 2221 @!@!@
@!@!@STARTMSG 2221:0 @!@!@
  line 400, col 14 to line 400, col 46 of module ticketing2: 0
@!@!@ENDMSG 2221 @!@!@
@!@!@STARTMSG 2221:0 @!@!@
  line 401, col 14 to line 404, col 46 of module ticketing2: 0
@!@!@ENDMSG 2221 @!@!@
@!@!@STARTMSG 2772:0 @!@!@
<InitTarget line 408, col 1 to line 408, col 16 of module ticketing2>: 52:7989
@!@!@ENDMSG 2772 @!@!@
@!@!@STARTMSG 2221:0 @!@!@
  line 408, col 24 to line 408, col 46 of module ticketing2: 27348
@!@!@ENDMSG 2221 @!@!@
@!@!@STARTMSG 2221:0 @!@!@
  |line 408, col 24 to line 408, col 31 of module ticketing2: 19359
@!@!@ENDMSG 2221 @!@!@
@!@!@STARTMSG 2221:0 @!@!@
  line 409, col 24 to line 409, col 107 of module ticketing2: 7989
@!@!@ENDMSG 2221 @!@!@
@!@!@STARTMSG 2221:0 @!@!@
  line 410, col 24 to line 410, col 55 of module ticketing2: 7989
@!@!@ENDMSG 2221 @!@!@
@!@!@STARTMSG 2221:0 @!@!@
  line 411, col 24 to line 414, col 78 of module ticketing2: 7989
@!@!@ENDMSG 2221 @!@!@
@!@!@STARTMSG 2772:0 @!@!@
<s1 line 416, col 1 to line 416, col 8 of module ticketing2>: 88:7284
@!@!@ENDMSG 2772 @!@!@
@!@!@STARTMSG 2221:0 @!@!@
  line 416, col 16 to line 416, col 30 of module ticketing2: 26643
@!@!@ENDMSG 2221 @!@!@
@!@!@STARTMSG 2221:0 @!@!@
  |line 416, col 16 to line 416, col 23 of module ticketing2: 19359
@!@!@ENDMSG 2221 @!@!@
@!@!@STARTMSG 2221:0 @!@!@
  line 417, col 19 to line 417, col 39 of module ticketing2: 7284
@!@!@ENDMSG 2221 @!@!@
@!@!@STARTMSG 2221:0 @!@!@
  line 418, col 24 to line 418, col 65 of module ticketing2: 5514
@!@!@ENDMSG 2221 @!@!@
@!@!@STARTMSG 2221:0 @!@!@
  line 419, col 24 to line 419, col 61 of module ticketing2: 1770
@!@!@ENDMSG 2221 @!@!@
@!@!@STARTMSG 2221:0 @!@!@
  line 420, col 16 to line 423, col 60 of module ticketing2: 7284
@!@!@ENDMSG 2221 @!@!@
@!@!@STARTMSG 2772:0 @!@!@
<CheckDone line 425, col 1 to line 425, col 15 of module ticketing2>: 48:3330
@!@!@ENDMSG 2772 @!@!@
@!@!@STARTMSG 2221:0 @!@!@
  line 425, col 23 to line 425, col 44 of module ticketing2: 22689
@!@!@ENDMSG 2221 @!@!@
@!@!@STARTMSG 2221:0 @!@!@
  |line 425, col 23 to line 425, col 30 of module ticketing2: 19359
@!@!@ENDMSG 2221 @!@!@
@!@!@STARTMSG 2221:0 @!@!@
  line 426, col 26 to line 427, col 66 of module ticketing2: 3330
@!@!@ENDMSG 2221 @!@!@
@!@!@STARTMSG 2221:0 @!@!@
  line 428, col 31 to line 429, col 65 of module ticketing2: 3330
@!@!@ENDMSG 2221 @!@!@
@!@!@STARTMSG 2221:0 @!@!@
  line 430, col 34 to line 430, col 72 of module ticketing2: 0
@!@!@ENDMSG 2221 @!@!@
@!@!@STARTMSG 2221:0 @!@!@
  line 431, col 34 to line 431, col 49 of module ticketing2: 0
@!@!@ENDMSG 2221 @!@!@
@!@!@STARTMSG 2221:0 @!@!@
  line 432, col 23 to line 435, col 77 of module ticketing2: 3330
@!@!@ENDMSG 2221 @!@!@
@!@!@STARTMSG 2772:0 @!@!@
<BWaitIdle line 437, col 1 to line 437, col 15 of module ticketing2>: 0:0
@!@!@ENDMSG 2772 @!@!@
@!@!@STARTMSG 2221:0 @!@!@
  line 437, col 23 to line 437, col 44 of module ticketing2: 19359
@!@!@ENDMSG 2221 @!@!@
@!@!@STARTMSG 2221:0 @!@!@
  line 439, col 23 to line 439, col 57 of module ticketing2: 0
@!@!@ENDMSG 2221 @!@!@
@!@!@STARTMSG 2221:0 @!@!@
  line 440, col 23 to line 444, col 48 of module ticketing2: 0
@!@!@ENDMSG 2221 @!@!@
@!@!@STARTMSG 2772:0 @!@!@
<BSend line 446, col 1 to line 446, col 11 of module ticketing2>: 0:0
@!@!@ENDMSG 2772 @!@!@
@!@!@STARTMSG 2221:0 @!@!@
  line 446, col 19 to line 446, col 36 of module ticketing2: 19359
@!@!@ENDMSG 2221 @!@!@
@!@!@STARTMSG 2221:0 @!@!@
  line 447, col 19 to line 447, col 63 of module ticketing2: 0
@!@!@ENDMSG 2221 @!@!@
@!@!@STARTMSG 2221:0 @!@!@
  line 448, col 19 to line 448, col 102 of module ticketing2: 0
@!@!@ENDMSG 2221 @!@!@
@!@!@STARTMSG 2221:0 @!@!@
  line 449, col 19 to line 449, col 95 of module ticketing2: 0
@!@!@ENDMSG 2221 @!@!@
@!@!@STARTMSG 2221:0 @!@!@
  line 450, col 19 to line 454, col 83 of module ticketing2: 0
@!@!@ENDMSG 2221 @!@!@
@!@!@STARTMSG 2221:0 @!@!@
  line 455, col 19 to line 455, col 58 of module ticketing2: 0
@!@!@ENDMSG 2221 @!@!@
@!@!@STARTMSG 2221:0 @!@!@
  line 456, col 19 to line 458, col 73 of module ticketing2: 0
@!@!@ENDMSG 2221 @!@!@
@!@!@STARTMSG 2772:0 @!@!@
<BWaitReply line 460, col 1 to line 460, col 16 of module ticketing2>: 0:0
@!@!@ENDMSG 2772 @!@!@
@!@!@STARTMSG 2221:0 @!@!@
  line 460, col 24 to line 460, col 46 of module ticketing2: 19359
@!@!@ENDMSG 2221 @!@!@
@!@!@STARTMSG 2221:0 @!@!@
  line 462, col 24 to line 462, col 85 of module ticketing2: 0
@!@!@ENDMSG 2221 @!@!@
@!@!@STARTMSG 2221:0 @!@!@
  line 463, col 24 to line 463, col 95 of module ticketing2: 0
@!@!@ENDMSG 2221 @!@!@
@!@!@STARTMSG 2221:0 @!@!@
  line 464, col 24 to line 464, col 60 of module ticketing2: 0
@!@!@ENDMSG 2221 @!@!@
@!@!@STARTMSG 2221:0 @!@!@
  line 465, col 24 to line 468, col 68 of module ticketing2: 0
@!@!@ENDMSG 2221 @!@!@
@!@!@STARTMSG 2772:0 @!@!@
<BUpdate line 470, col 1 to line 470, col 13 of module ticketing2>: 0:0
@!@!@ENDMSG 2772 @!@!@
@!@!@STARTMSG 2221:0 @!@!@
  line 470, col 21 to line 470, col 40 of module ticketing2: 19359
@!@!@ENDMSG 2221 @!@!@
@!@!@STARTMSG 2221:0 @!@!@
  line 472, col 21 to line 472, col 62 of module ticketing2: 0
@!@!@ENDMSG 2221 @!@!@
@!@!@STARTMSG 2221:0 @!@!@
  line 473, col 21 to line 473, col 52 of module ticketing2: 0
@!@!@ENDMSG 2221 @!@!@
@!@!@STARTMSG 2221:0 @!@!@
  line 474, col 21 to line 477, col 75 of module ticketing2: 0
@!@!@ENDMSG 2221 @!@!@
@!@!@STARTMSG 2772:0 @!@!@
<Done_ line 479, col 1 to line 479, col 11 of module ticketing2>: 0:756
@!@!@ENDMSG 2772 @!@!@
@!@!@STARTMSG 2221:0 @!@!@
  line 479, col 19 to line 479, col 36 of module ticketing2: 20115
@!@!@ENDMSG 2221 @!@!@
@!@!@STARTMSG 2221:0 @!@!@
  |line 479, col 19 to line 479, col 26 of module ticketing2: 19359
@!@!@ENDMSG 2221 @!@!@
@!@!@STARTMSG 2221:0 @!@!@
  line 480, col 19 to line 480, col 22 of module ticketing2: 756
@!@!@ENDMSG 2221 @!@!@
@!@!@STARTMSG 2221:0 @!@!@
  line 481, col 19 to line 481, col 53 of module ticketing2: 756
@!@!@ENDMSG 2221 @!@!@
@!@!@STARTMSG 2221:0 @!@!@
  line 482, col 19 to line 485, col 73 of module ticketing2: 756
@!@!@ENDMSG 2221 @!@!@
@!@!@STARTMSG 2772:0 @!@!@
<MStep line 491, col 1 to line 491, col 11 of module ticketing2>: 4310:4380
@!@!@ENDMSG 2772 @!@!@
@!@!@STARTMSG 2221:0 @!@!@
  line 491, col 19 to line 491, col 36 of module ticketing2: 6599
@!@!@ENDMSG 2221 @!@!@
@!@!@STARTMSG 2221:0 @!@!@
  |line 491, col 19 to line 491, col 26 of module ticketing2: 6453
@!@!@ENDMSG 2221 @!@!@
@!@!@STARTMSG 2221:0 @!@!@
  line 494, col 23 to line 495, col 70 of module ticketing2: 4380
@!@!@ENDMSG 2221 @!@!@
@!@!@STARTMSG 2775:0 @!@!@
  line 493, col 30 to line 493, col 75 of module ticketing2: 438:4818
@!@!@ENDMSG 2775 @!@!@
@!@!@STARTMSG 2221:0 @!@!@
  |line 493, col 48 to line 493, col 74 of module ticketing2: 4380
@!@!@ENDMSG 2221 @!@!@
@!@!@STARTMSG 2221:0 @!@!@
  |line 493, col 40 to line 493, col 44 of module ticketing2: 438
@!@!@ENDMSG 2221 @!@!@
@!@!@STARTMSG 2221:0 @!@!@
  line 492, col 28 to line 492, col 36 of module ticketing2: 146
@!@!@ENDMSG 2221 @!@!@
@!@!@STARTMSG 2221:0 @!@!@
  line 496, col 19 to line 496, col 53 of module ticketing2: 4380
@!@!@ENDMSG 2221 @!@!@
@!@!@STARTMSG 2221:0 @!@!@
  line 497, col 19 to line 500, col 44 of module ticketing2: 4380
@!@!@ENDMSG 2221 @!@!@
@!@!@STARTMSG 2772:0 @!@!@
<MSend line 502, col 1 to line 502, col 11 of module ticketing2>: 3180:3181
@!@!@ENDMSG 2772 @!@!@
@!@!@STARTMSG 2221:0 @!@!@
  line 502, col 19 to line 502, col 36 of module ticketing2: 9633
@!@!@ENDMSG 2221 @!@!@
@!@!@STARTMSG 2221:0 @!@!@
  |line 502, col 19 to line 502, col 26 of module ticketing2: 6452
@!@!@ENDMSG 2221 @!@!@
@!@!@STARTMSG 2221:0 @!@!@
  line 503, col 19 to line 504, col 131 of module ticketing2: 3181
@!@!@ENDMSG 2221 @!@!@
@!@!@STARTMSG 2221:0 @!@!@
  line 505, col 19 to line 505, col 82 of module ticketing2: 3181
@!@!@ENDMSG 2221 @!@!@
@!@!@STARTMSG 2221:0 @!@!@
  line 506, col 19 to line 506, col 57 of module ticketing2: 3181
@!@!@ENDMSG 2221 @!@!@
@!@!@STARTMSG 2221:0 @!@!@
  line 507, col 19 to line 510, col 61 of module ticketing2: 3181
@!@!@ENDMSG 2221 @!@!@
@!@!@STARTMSG 2772:0 @!@!@
<MGetReply line 512, col 1 to line 512, col 15 of module ticketing2>: 122:123
@!@!@ENDMSG 2772 @!@!@
@!@!@STARTMSG 2221:0 @!@!@
  line 512, col 23 to line 512, col 44 of module ticketing2: 6574
@!@!@ENDMSG 2221 @!@!@
@!@!@STARTMSG 2221:0 @!@!@
  |line 512, col 23 to line 512, col 30 of module ticketing2: 6451
@!@!@ENDMSG 2221 @!@!@
@!@!@STARTMSG 2221:0 @!@!@
  line 513, col 24 to line 513, col 50 of module ticketing2: 123
@!@!@ENDMSG 2221 @!@!@
@!@!@STARTMSG 2221:0 @!@!@
  |line 513, col 24 to line 513, col 46 of module ticketing2: 3123
@!@!@ENDMSG 2221 @!@!@
@!@!@STARTMSG 2221:0 @!@!@
  line 514, col 23 to line 514, col 80 of module ticketing2: 123
@!@!@ENDMSG 2221 @!@!@
@!@!@STARTMSG 2221:0 @!@!@
  line 515, col 23 to line 515, col 90 of module ticketing2: 123
@!@!@ENDMSG 2221 @!@!@
@!@!@STARTMSG 2221:0 @!@!@
  line 516, col 23 to line 516, col 58 of module ticketing2: 123
@!@!@ENDMSG 2221 @!@!@
@!@!@STARTMSG 2221:0 @!@!@
  line 517, col 23 to line 520, col 70 of module ticketing2: 123
@!@!@ENDMSG 2221 @!@!@
@!@!@STARTMSG 2772:0 @!@!@
<MStore line 522, col 1 to line 522, col 12 of module ticketing2>: 2:3
@!@!@ENDMSG 2772 @!@!@
@!@!@STARTMSG 2221:0 @!@!@
  line 522, col 20 to line 522, col 38 of module ticketing2: 6451
@!@!@ENDMSG 2221 @!@!@
@!@!@STARTMSG 2221:0 @!@!@
  |line 522, col 20 to line 522, col 27 of module ticketing2: 6450
@!@!@ENDMSG 2221 @!@!@
@!@!@STARTMSG 2221:0 @!@!@
  line 523, col 23 to line 523, col 50 of module ticketing2: 3
@!@!@ENDMSG 2221 @!@!@
@!@!@STARTMSG 2221:0 @!@!@
  line 524, col 31 to line 524, col 111 of module ticketing2: 1
@!@!@ENDMSG 2221 @!@!@
@!@!@STARTMSG 2221:0 @!@!@
  |line 524, col 44 to line 524, col 111 of module ticketing2: 3
@!@!@ENDMSG 2221 @!@!@
@!@!@STARTMSG 2221:0 @!@!@
  line 526, col 31 to line 526, col 49 of module ticketing2: 0
@!@!@ENDMSG 2221 @!@!@
@!@!@STARTMSG 2221:0 @!@!@
  line 527, col 20 to line 527, col 53 of module ticketing2: 1
@!@!@ENDMSG 2221 @!@!@
@!@!@STARTMSG 2221:0 @!@!@
  |line 527, col 26 to line 527, col 53 of module ticketing2: 3
@!@!@ENDMSG 2221 @!@!@
@!@!@STARTMSG 2221:0 @!@!@
  line 528, col 20 to line 531, col 74 of module ticketing2: 1
@!@!@ENDMSG 2221 @!@!@
@!@!@STARTMSG 2772:0 @!@!@
<Terminating line 537, col 1 to line 537, col 11 of module ticketing2>: 0:0
@!@!@ENDMSG 2772 @!@!@
@!@!@STARTMSG 2221:0 @!@!@
  line 537, col 19 to line 537, col 56 of module ticketing2: 6447
@!@!@ENDMSG 2221 @!@!@
@!@!@STARTMSG 2221:0 @!@!@
  line 538, col 19 to line 538, col 32 of module ticketing2: 0
@!@!@ENDMSG 2221 @!@!@
@!@!@STARTMSG 2774:0 @!@!@
<TypeOK line 272, col 1 to line 272, col 6 of module ticketing2>
@!@!@ENDMSG 2774 @!@!@
@!@!@STARTMSG 2221:0 @!@!@
  line 273, col 3 to line 278, col 49 of module ticketing2: 9874
@!@!@ENDMSG 2221 @!@!@
@!@!@STARTMSG 2774:0 @!@!@
<inv_1770041432648231000 line 25, col 1 to line 25, col 23 of module MC>
@!@!@ENDMSG 2774 @!@!@
@!@!@STARTMSG 2221:0 @!@!@
  line 26, col 2 to line 26, col 16 of module MC: 9874
@!@!@ENDMSG 2221 @!@!@
@!@!@STARTMSG 2221:0 @!@!@
  |line 281, col 3 to line 282, col 56 of module ticketing2: 9874
@!@!@ENDMSG 2221 @!@!@
@!@!@STARTMSG 2221:0 @!@!@
  ||line 282, col 5 to line 282, col 56 of module ticketing2: 29622
@!@!@ENDMSG 2221 @!@!@
@!@!@STARTMSG 2221:0 @!@!@
  ||line 281, col 12 to line 281, col 20 of module ticketing2: 9874
@!@!@ENDMSG 2221 @!@!@
@!@!@STARTMSG 2774:0 @!@!@
<TicketsPaidInv line 285, col 1 to line 285, col 14 of module ticketing2>
@!@!@ENDMSG 2774 @!@!@
@!@!@STARTMSG 2221:0 @!@!@
  line 286, col 3 to line 287, col 45 of module ticketing2: 9874
@!@!@ENDMSG 2221 @!@!@
@!@!@STARTMSG 2221:0 @!@!@
  |line 287, col 5 to line 287, col 45 of module ticketing2: 29622
@!@!@ENDMSG 2221 @!@!@
@!@!@STARTMSG 2221:0 @!@!@
  ||line 287, col 27 to line 287, col 45 of module ticketing2: 544
@!@!@ENDMSG 2221 @!@!@
@!@!@STARTMSG 2221:0 @!@!@
  ||line 287, col 14 to line 287, col 23 of module ticketing2: 29622
@!@!@ENDMSG 2221 @!@!@
@!@!@STARTMSG 2221:0 @!@!@
  |line 286, col 12 to line 286, col 20 of module ticketing2: 9874
@!@!@ENDMSG 2221 @!@!@
@!@!@STARTMSG 2774:0 @!@!@
<NoDoubleSell line 290, col 1 to line 290, col 12 of module ticketing2>
@!@!@ENDMSG 2774 @!@!@
@!@!@STARTMSG 2221:0 @!@!@
  line 291, col 3 to line 292, col 58 of module ticketing2: 9874
@!@!@ENDMSG 2221 @!@!@
@!@!@STARTMSG 2221:0 @!@!@
  |line 292, col 5 to line 292, col 58 of module ticketing2: 98740
@!@!@ENDMSG 2221 @!@!@
@!@!@STARTMSG 2221:0 @!@!@
  ||line 292, col 5 to line 292, col 53 of module ticketing2: 98740
@!@!@ENDMSG 2221 @!@!@
@!@!@STARTMSG 2221:0 @!@!@
  |||line 292, col 17 to line 292, col 52 of module ticketing2: 98740
@!@!@ENDMSG 2221 @!@!@
@!@!@STARTMSG 2221:0 @!@!@
  ||||line 292, col 36 to line 292, col 51 of module ticketing2: 296220
@!@!@ENDMSG 2221 @!@!@
@!@!@STARTMSG 2221:0 @!@!@
  ||||line 292, col 24 to line 292, col 32 of module ticketing2: 98740
@!@!@ENDMSG 2221 @!@!@
@!@!@STARTMSG 2221:0 @!@!@
  |line 291, col 12 to line 291, col 16 of module ticketing2: 9874
@!@!@ENDMSG 2221 @!@!@
@!@!@STARTMSG 2774:0 @!@!@
<MaliciousHasNoTickets line 295, col 1 to line 295, col 21 of module ticketing2>
@!@!@ENDMSG 2774 @!@!@
@!@!@STARTMSG 2221:0 @!@!@
  line 296, col 5 to line 296, col 45 of module ticketing2: 9874
@!@!@ENDMSG 2221 @!@!@
@!@!@STARTMSG 2202:0 @!@!@
End of statistics.
@!@!@ENDMSG 2202 @!@!@
@!@!@STARTMSG 2200:0 @!@!@
Progress(9) at 2026-02-02 15:10:49: 31,753 states generated (116,867 s/min), 9,874 distinct states found (36,341 ds/min), 3,424 states left on queue.
@!@!@ENDMSG 2200 @!@!@
@!@!@STARTMSG 2199:0 @!@!@
31753 states generated, 9874 distinct states found, 3424 states left on queue.
@!@!@ENDMSG 2199 @!@!@
@!@!@STARTMSG 2194:0 @!@!@
The depth of the complete state graph search is 9.
@!@!@ENDMSG 2194 @!@!@
@!@!@STARTMSG 2268:0 @!@!@
The average outdegree of the complete state graph is 2 (minimum is 0, the maximum 31 and the 95th percentile is 1).
@!@!@ENDMSG 2268 @!@!@
@!@!@STARTMSG 2186:0 @!@!@
Finished in 16307ms at (2026-02-02 15:10:49)
@!@!@ENDMSG 2186 @!@!@
