@!@!@STARTMSG 2262:0 @!@!@
TLC2 Version 2.16 of 31 December 2020 (rev: cdddf55)
@!@!@ENDMSG 2262 @!@!@
@!@!@STARTMSG 2187:0 @!@!@
Running breadth-first search Model-Checking with fp 17 and seed -1495323006423520290 with 2 workers on 4 cores with 608MB heap and 1365MB offheap memory [pid: 48114] (Mac OS X 10.16 x86_64, AdoptOpenJDK 14.0.1 x86_64, OffHeapDiskFPSet, DiskStateQueue).
@!@!@ENDMSG 2187 @!@!@
@!@!@STARTMSG 2220:0 @!@!@
Starting SANY...
@!@!@ENDMSG 2220 @!@!@
Parsing file /Users/BiaLeao/Documents/verification_des_system/Part 1/ticketing.toolbox/Model_1/MC.tla
Parsing file /Users/BiaLeao/Documents/verification_des_system/Part 1/ticketing.toolbox/Model_1/ticketing.tla
Warning: symbols were renamed.
Parsing file /Applications/TLA+ Toolbox.app/Contents/Eclipse/plugins/org.lamport.tlatools_1.0.0.202012311918/tla2sany/StandardModules/TLC.tla
Parsing file /Applications/TLA+ Toolbox.app/Contents/Eclipse/plugins/org.lamport.tlatools_1.0.0.202012311918/tla2sany/StandardModules/Integers.tla
Parsing file /Applications/TLA+ Toolbox.app/Contents/Eclipse/plugins/org.lamport.tlatools_1.0.0.202012311918/tla2sany/StandardModules/Sequences.tla
Parsing file /Applications/TLA+ Toolbox.app/Contents/Eclipse/plugins/org.lamport.tlatools_1.0.0.202012311918/tla2sany/StandardModules/FiniteSets.tla
Parsing file /Applications/TLA+ Toolbox.app/Contents/Eclipse/plugins/org.lamport.tlatools_1.0.0.202012311918/tla2sany/StandardModules/Naturals.tla
Semantic processing of module Naturals
Semantic processing of module Integers
Semantic processing of module Sequences
Semantic processing of module FiniteSets
Semantic processing of module TLC
Semantic processing of module ticketing
Semantic processing of module MC
@!@!@STARTMSG 2219:0 @!@!@
SANY finished.
@!@!@ENDMSG 2219 @!@!@
@!@!@STARTMSG 2185:0 @!@!@
Starting... (2026-02-04 18:33:35)
@!@!@ENDMSG 2185 @!@!@
@!@!@STARTMSG 2212:0 @!@!@
Implied-temporal checking--satisfiability problem has 1 branches.
@!@!@ENDMSG 2212 @!@!@
@!@!@STARTMSG 2189:0 @!@!@
Computing initial states...
@!@!@ENDMSG 2189 @!@!@
@!@!@STARTMSG 2190:0 @!@!@
Finished computing initial states: 1 distinct state generated at 2026-02-04 18:33:37.
@!@!@ENDMSG 2190 @!@!@
@!@!@STARTMSG 2192:0 @!@!@
Checking temporal properties for the current state space with 2658 total distinct states at (2026-02-04 18:33:40)
@!@!@ENDMSG 2192 @!@!@
@!@!@STARTMSG 2116:1 @!@!@
Temporal properties were violated.

@!@!@ENDMSG 2116 @!@!@
@!@!@STARTMSG 2264:1 @!@!@
The following behavior constitutes a counter-example:

@!@!@ENDMSG 2264 @!@!@
@!@!@STARTMSG 2217:4 @!@!@
1: <Initial predicate>
/\ seatMap = << "available",
   "available",
   "available",
   "available",
   "available",
   "available",
   "available",
   "available",
   "available",
   "available" >>
/\ internalReq = [type |-> "buy", from |-> 0, seat |-> 0, bankID |-> 0]
/\ pc = (0 :> "s1_" @@ 1 :> "InitTarget" @@ 2 :> "InitTarget" @@ 3 :> "InitTarget")
/\ reply = << [type |-> "buy", from |-> 0, seat |-> 0, bankID |-> 0],
   [type |-> "buy", from |-> 0, seat |-> 0, bankID |-> 0],
   [type |-> "buy", from |-> 0, seat |-> 0, bankID |-> 0] >>
/\ wantSeat = <<1, 1, 1>>
/\ target = <<0, 0, 0>>
/\ Tickets = <<{}, {}, {}>>
/\ id = <<1, 2, 3>>
/\ ip_ = 0
/\ ip = <<1, 2, 3>>
/\ id_ = 0
/\ Channels = (0 :> <<>> @@ 1 :> <<>> @@ 2 :> <<>> @@ 3 :> <<>>)
/\ BankAccount = (0 :> 0 @@ 1 :> 5 @@ 2 :> 5 @@ 3 :> 5)
/\ availSeats = <<{}, {}, {}>>
/\ Flag = 0
/\ CState = <<"idle", "idle", "idle">>

@!@!@ENDMSG 2217 @!@!@
@!@!@STARTMSG 2217:4 @!@!@
2: <InitTarget line 410, col 21 to line 415, col 70 of module ticketing>
/\ seatMap = << "available",
   "available",
   "available",
   "available",
   "available",
   "available",
   "available",
   "available",
   "available",
   "available" >>
/\ internalReq = [type |-> "buy", from |-> 0, seat |-> 0, bankID |-> 0]
/\ pc = (0 :> "s1_" @@ 1 :> "s1" @@ 2 :> "InitTarget" @@ 3 :> "InitTarget")
/\ reply = << [type |-> "buy", from |-> 0, seat |-> 0, bankID |-> 0],
   [type |-> "buy", from |-> 0, seat |-> 0, bankID |-> 0],
   [type |-> "buy", from |-> 0, seat |-> 0, bankID |-> 0] >>
/\ wantSeat = <<1, 1, 1>>
/\ target = <<1, 0, 0>>
/\ Tickets = <<{}, {}, {}>>
/\ id = <<1, 2, 3>>
/\ ip_ = 0
/\ ip = <<1, 2, 3>>
/\ id_ = 0
/\ Channels = (0 :> <<>> @@ 1 :> <<>> @@ 2 :> <<>> @@ 3 :> <<>>)
/\ BankAccount = (0 :> 0 @@ 1 :> 5 @@ 2 :> 5 @@ 3 :> 5)
/\ availSeats = <<{}, {}, {}>>
/\ Flag = 0
/\ CState = <<"idle", "idle", "idle">>

@!@!@ENDMSG 2217 @!@!@
@!@!@STARTMSG 2217:4 @!@!@
3: <s1 line 417, col 13 to line 423, col 56 of module ticketing>
/\ seatMap = << "available",
   "available",
   "available",
   "available",
   "available",
   "available",
   "available",
   "available",
   "available",
   "available" >>
/\ internalReq = [type |-> "buy", from |-> 0, seat |-> 0, bankID |-> 0]
/\ pc = (0 :> "s1_" @@ 1 :> "CheckDone" @@ 2 :> "InitTarget" @@ 3 :> "InitTarget")
/\ reply = << [type |-> "buy", from |-> 0, seat |-> 0, bankID |-> 0],
   [type |-> "buy", from |-> 0, seat |-> 0, bankID |-> 0],
   [type |-> "buy", from |-> 0, seat |-> 0, bankID |-> 0] >>
/\ wantSeat = <<1, 1, 1>>
/\ target = <<1, 0, 0>>
/\ Tickets = <<{}, {}, {}>>
/\ id = <<1, 2, 3>>
/\ ip_ = 0
/\ ip = <<1, 2, 3>>
/\ id_ = 0
/\ Channels = (0 :> <<>> @@ 1 :> <<>> @@ 2 :> <<>> @@ 3 :> <<>>)
/\ BankAccount = (0 :> 0 @@ 1 :> 5 @@ 2 :> 5 @@ 3 :> 5)
/\ availSeats = <<{}, {}, {}>>
/\ Flag = 0
/\ CState = <<"idle", "idle", "idle">>

@!@!@ENDMSG 2217 @!@!@
@!@!@STARTMSG 2217:4 @!@!@
4: <s1_ line 340, col 8 to line 344, col 36 of module ticketing>
/\ seatMap = << "available",
   "available",
   "available",
   "available",
   "available",
   "available",
   "available",
   "available",
   "available",
   "available" >>
/\ internalReq = [type |-> "buy", from |-> 0, seat |-> 0, bankID |-> 0]
/\ pc = (0 :> "WW" @@ 1 :> "CheckDone" @@ 2 :> "InitTarget" @@ 3 :> "InitTarget")
/\ reply = << [type |-> "buy", from |-> 0, seat |-> 0, bankID |-> 0],
   [type |-> "buy", from |-> 0, seat |-> 0, bankID |-> 0],
   [type |-> "buy", from |-> 0, seat |-> 0, bankID |-> 0] >>
/\ wantSeat = <<1, 1, 1>>
/\ target = <<1, 0, 0>>
/\ Tickets = <<{}, {}, {}>>
/\ id = <<1, 2, 3>>
/\ ip_ = 0
/\ ip = <<1, 2, 3>>
/\ id_ = 0
/\ Channels = (0 :> <<>> @@ 1 :> <<>> @@ 2 :> <<>> @@ 3 :> <<>>)
/\ BankAccount = (0 :> 0 @@ 1 :> 5 @@ 2 :> 5 @@ 3 :> 5)
/\ availSeats = <<{}, {}, {}>>
/\ Flag = 0
/\ CState = <<"idle", "idle", "idle">>

@!@!@ENDMSG 2217 @!@!@
@!@!@STARTMSG 2217:4 @!@!@
5: <InitTarget line 410, col 21 to line 415, col 70 of module ticketing>
/\ seatMap = << "available",
   "available",
   "available",
   "available",
   "available",
   "available",
   "available",
   "available",
   "available",
   "available" >>
/\ internalReq = [type |-> "buy", from |-> 0, seat |-> 0, bankID |-> 0]
/\ pc = (0 :> "WW" @@ 1 :> "CheckDone" @@ 2 :> "InitTarget" @@ 3 :> "s1")
/\ reply = << [type |-> "buy", from |-> 0, seat |-> 0, bankID |-> 0],
   [type |-> "buy", from |-> 0, seat |-> 0, bankID |-> 0],
   [type |-> "buy", from |-> 0, seat |-> 0, bankID |-> 0] >>
/\ wantSeat = <<1, 1, 1>>
/\ target = <<1, 0, 1>>
/\ Tickets = <<{}, {}, {}>>
/\ id = <<1, 2, 3>>
/\ ip_ = 0
/\ ip = <<1, 2, 3>>
/\ id_ = 0
/\ Channels = (0 :> <<>> @@ 1 :> <<>> @@ 2 :> <<>> @@ 3 :> <<>>)
/\ BankAccount = (0 :> 0 @@ 1 :> 5 @@ 2 :> 5 @@ 3 :> 5)
/\ availSeats = <<{}, {}, {}>>
/\ Flag = 0
/\ CState = <<"idle", "idle", "idle">>

@!@!@ENDMSG 2217 @!@!@
@!@!@STARTMSG 2217:4 @!@!@
6: <s1 line 417, col 13 to line 423, col 56 of module ticketing>
/\ seatMap = << "available",
   "available",
   "available",
   "available",
   "available",
   "available",
   "available",
   "available",
   "available",
   "available" >>
/\ internalReq = [type |-> "buy", from |-> 0, seat |-> 0, bankID |-> 0]
/\ pc = (0 :> "WW" @@ 1 :> "CheckDone" @@ 2 :> "InitTarget" @@ 3 :> "CheckDone")
/\ reply = << [type |-> "buy", from |-> 0, seat |-> 0, bankID |-> 0],
   [type |-> "buy", from |-> 0, seat |-> 0, bankID |-> 0],
   [type |-> "buy", from |-> 0, seat |-> 0, bankID |-> 0] >>
/\ wantSeat = <<1, 1, 1>>
/\ target = <<1, 0, 1>>
/\ Tickets = <<{}, {}, {}>>
/\ id = <<1, 2, 3>>
/\ ip_ = 0
/\ ip = <<1, 2, 3>>
/\ id_ = 0
/\ Channels = (0 :> <<>> @@ 1 :> <<>> @@ 2 :> <<>> @@ 3 :> <<>>)
/\ BankAccount = (0 :> 0 @@ 1 :> 5 @@ 2 :> 5 @@ 3 :> 5)
/\ availSeats = <<{}, {}, {}>>
/\ Flag = 0
/\ CState = <<"idle", "idle", "idle">>

@!@!@ENDMSG 2217 @!@!@
@!@!@STARTMSG 2217:4 @!@!@
7: <InitTarget line 410, col 21 to line 415, col 70 of module ticketing>
/\ seatMap = << "available",
   "available",
   "available",
   "available",
   "available",
   "available",
   "available",
   "available",
   "available",
   "available" >>
/\ internalReq = [type |-> "buy", from |-> 0, seat |-> 0, bankID |-> 0]
/\ pc = (0 :> "WW" @@ 1 :> "CheckDone" @@ 2 :> "s1" @@ 3 :> "CheckDone")
/\ reply = << [type |-> "buy", from |-> 0, seat |-> 0, bankID |-> 0],
   [type |-> "buy", from |-> 0, seat |-> 0, bankID |-> 0],
   [type |-> "buy", from |-> 0, seat |-> 0, bankID |-> 0] >>
/\ wantSeat = <<1, 1, 1>>
/\ target = <<1, 1, 1>>
/\ Tickets = <<{}, {}, {}>>
/\ id = <<1, 2, 3>>
/\ ip_ = 0
/\ ip = <<1, 2, 3>>
/\ id_ = 0
/\ Channels = (0 :> <<>> @@ 1 :> <<>> @@ 2 :> <<>> @@ 3 :> <<>>)
/\ BankAccount = (0 :> 0 @@ 1 :> 5 @@ 2 :> 5 @@ 3 :> 5)
/\ availSeats = <<{}, {}, {}>>
/\ Flag = 0
/\ CState = <<"idle", "idle", "idle">>

@!@!@ENDMSG 2217 @!@!@
@!@!@STARTMSG 2217:4 @!@!@
8: <s1 line 417, col 13 to line 423, col 56 of module ticketing>
/\ seatMap = << "available",
   "available",
   "available",
   "available",
   "available",
   "available",
   "available",
   "available",
   "available",
   "available" >>
/\ internalReq = [type |-> "buy", from |-> 0, seat |-> 0, bankID |-> 0]
/\ pc = (0 :> "WW" @@ 1 :> "CheckDone" @@ 2 :> "CheckDone" @@ 3 :> "CheckDone")
/\ reply = << [type |-> "buy", from |-> 0, seat |-> 0, bankID |-> 0],
   [type |-> "buy", from |-> 0, seat |-> 0, bankID |-> 0],
   [type |-> "buy", from |-> 0, seat |-> 0, bankID |-> 0] >>
/\ wantSeat = <<1, 1, 1>>
/\ target = <<1, 1, 1>>
/\ Tickets = <<{}, {}, {}>>
/\ id = <<1, 2, 3>>
/\ ip_ = 0
/\ ip = <<1, 2, 3>>
/\ id_ = 0
/\ Channels = (0 :> <<>> @@ 1 :> <<>> @@ 2 :> <<>> @@ 3 :> <<>>)
/\ BankAccount = (0 :> 0 @@ 1 :> 5 @@ 2 :> 5 @@ 3 :> 5)
/\ availSeats = <<{}, {}, {}>>
/\ Flag = 0
/\ CState = <<"idle", "idle", "idle">>

@!@!@ENDMSG 2217 @!@!@
@!@!@STARTMSG 2217:4 @!@!@
9: <CheckDone line 425, col 20 to line 434, col 73 of module ticketing>
/\ seatMap = << "available",
   "available",
   "available",
   "available",
   "available",
   "available",
   "available",
   "available",
   "available",
   "available" >>
/\ internalReq = [type |-> "buy", from |-> 0, seat |-> 0, bankID |-> 0]
/\ pc = (0 :> "WW" @@ 1 :> "CheckDone" @@ 2 :> "BWaitIdle" @@ 3 :> "CheckDone")
/\ reply = << [type |-> "buy", from |-> 0, seat |-> 0, bankID |-> 0],
   [type |-> "buy", from |-> 0, seat |-> 0, bankID |-> 0],
   [type |-> "buy", from |-> 0, seat |-> 0, bankID |-> 0] >>
/\ wantSeat = <<1, 1, 1>>
/\ target = <<1, 1, 1>>
/\ Tickets = <<{}, {}, {}>>
/\ id = <<1, 2, 3>>
/\ ip_ = 0
/\ ip = <<1, 2, 3>>
/\ id_ = 0
/\ Channels = (0 :> <<>> @@ 1 :> <<>> @@ 2 :> <<>> @@ 3 :> <<>>)
/\ BankAccount = (0 :> 0 @@ 1 :> 5 @@ 2 :> 5 @@ 3 :> 5)
/\ availSeats = <<{}, {}, {}>>
/\ Flag = 0
/\ CState = <<"idle", "idle", "idle">>

@!@!@ENDMSG 2217 @!@!@
@!@!@STARTMSG 2217:4 @!@!@
10: <CheckDone line 425, col 20 to line 434, col 73 of module ticketing>
/\ seatMap = << "available",
   "available",
   "available",
   "available",
   "available",
   "available",
   "available",
   "available",
   "available",
   "available" >>
/\ internalReq = [type |-> "buy", from |-> 0, seat |-> 0, bankID |-> 0]
/\ pc = (0 :> "WW" @@ 1 :> "CheckDone" @@ 2 :> "BWaitIdle" @@ 3 :> "BWaitIdle")
/\ reply = << [type |-> "buy", from |-> 0, seat |-> 0, bankID |-> 0],
   [type |-> "buy", from |-> 0, seat |-> 0, bankID |-> 0],
   [type |-> "buy", from |-> 0, seat |-> 0, bankID |-> 0] >>
/\ wantSeat = <<1, 1, 1>>
/\ target = <<1, 1, 1>>
/\ Tickets = <<{}, {}, {}>>
/\ id = <<1, 2, 3>>
/\ ip_ = 0
/\ ip = <<1, 2, 3>>
/\ id_ = 0
/\ Channels = (0 :> <<>> @@ 1 :> <<>> @@ 2 :> <<>> @@ 3 :> <<>>)
/\ BankAccount = (0 :> 0 @@ 1 :> 5 @@ 2 :> 5 @@ 3 :> 5)
/\ availSeats = <<{}, {}, {}>>
/\ Flag = 0
/\ CState = <<"idle", "idle", "idle">>

@!@!@ENDMSG 2217 @!@!@
@!@!@STARTMSG 2217:4 @!@!@
11: <BWaitIdle line 436, col 20 to line 441, col 73 of module ticketing>
/\ seatMap = << "available",
   "available",
   "available",
   "available",
   "available",
   "available",
   "available",
   "available",
   "available",
   "available" >>
/\ internalReq = [type |-> "buy", from |-> 0, seat |-> 0, bankID |-> 0]
/\ pc = (0 :> "WW" @@ 1 :> "CheckDone" @@ 2 :> "ActionChoice" @@ 3 :> "BWaitIdle")
/\ reply = << [type |-> "buy", from |-> 0, seat |-> 0, bankID |-> 0],
   [type |-> "buy", from |-> 0, seat |-> 0, bankID |-> 0],
   [type |-> "buy", from |-> 0, seat |-> 0, bankID |-> 0] >>
/\ wantSeat = <<1, 1, 1>>
/\ target = <<1, 1, 1>>
/\ Tickets = <<{}, {}, {}>>
/\ id = <<1, 2, 3>>
/\ ip_ = 0
/\ ip = <<1, 2, 3>>
/\ id_ = 0
/\ Channels = (0 :> <<>> @@ 1 :> <<>> @@ 2 :> <<>> @@ 3 :> <<>>)
/\ BankAccount = (0 :> 0 @@ 1 :> 5 @@ 2 :> 5 @@ 3 :> 5)
/\ availSeats = <<{}, {}, {}>>
/\ Flag = 0
/\ CState = <<"idle", "idle", "idle">>

@!@!@ENDMSG 2217 @!@!@
@!@!@STARTMSG 2217:4 @!@!@
12: <CheckDone line 425, col 20 to line 434, col 73 of module ticketing>
/\ seatMap = << "available",
   "available",
   "available",
   "available",
   "available",
   "available",
   "available",
   "available",
   "available",
   "available" >>
/\ internalReq = [type |-> "buy", from |-> 0, seat |-> 0, bankID |-> 0]
/\ pc = (0 :> "WW" @@ 1 :> "BWaitIdle" @@ 2 :> "ActionChoice" @@ 3 :> "BWaitIdle")
/\ reply = << [type |-> "buy", from |-> 0, seat |-> 0, bankID |-> 0],
   [type |-> "buy", from |-> 0, seat |-> 0, bankID |-> 0],
   [type |-> "buy", from |-> 0, seat |-> 0, bankID |-> 0] >>
/\ wantSeat = <<1, 1, 1>>
/\ target = <<1, 1, 1>>
/\ Tickets = <<{}, {}, {}>>
/\ id = <<1, 2, 3>>
/\ ip_ = 0
/\ ip = <<1, 2, 3>>
/\ id_ = 0
/\ Channels = (0 :> <<>> @@ 1 :> <<>> @@ 2 :> <<>> @@ 3 :> <<>>)
/\ BankAccount = (0 :> 0 @@ 1 :> 5 @@ 2 :> 5 @@ 3 :> 5)
/\ availSeats = <<{}, {}, {}>>
/\ Flag = 0
/\ CState = <<"idle", "idle", "idle">>

@!@!@ENDMSG 2217 @!@!@
@!@!@STARTMSG 2217:4 @!@!@
13: <BWaitIdle line 436, col 20 to line 441, col 73 of module ticketing>
/\ seatMap = << "available",
   "available",
   "available",
   "available",
   "available",
   "available",
   "available",
   "available",
   "available",
   "available" >>
/\ internalReq = [type |-> "buy", from |-> 0, seat |-> 0, bankID |-> 0]
/\ pc = (0 :> "WW" @@ 1 :> "ActionChoice" @@ 2 :> "ActionChoice" @@ 3 :> "BWaitIdle")
/\ reply = << [type |-> "buy", from |-> 0, seat |-> 0, bankID |-> 0],
   [type |-> "buy", from |-> 0, seat |-> 0, bankID |-> 0],
   [type |-> "buy", from |-> 0, seat |-> 0, bankID |-> 0] >>
/\ wantSeat = <<1, 1, 1>>
/\ target = <<1, 1, 1>>
/\ Tickets = <<{}, {}, {}>>
/\ id = <<1, 2, 3>>
/\ ip_ = 0
/\ ip = <<1, 2, 3>>
/\ id_ = 0
/\ Channels = (0 :> <<>> @@ 1 :> <<>> @@ 2 :> <<>> @@ 3 :> <<>>)
/\ BankAccount = (0 :> 0 @@ 1 :> 5 @@ 2 :> 5 @@ 3 :> 5)
/\ availSeats = <<{}, {}, {}>>
/\ Flag = 0
/\ CState = <<"idle", "idle", "idle">>

@!@!@ENDMSG 2217 @!@!@
@!@!@STARTMSG 2217:4 @!@!@
14: <BWaitIdle line 436, col 20 to line 441, col 73 of module ticketing>
/\ seatMap = << "available",
   "available",
   "available",
   "available",
   "available",
   "available",
   "available",
   "available",
   "available",
   "available" >>
/\ internalReq = [type |-> "buy", from |-> 0, seat |-> 0, bankID |-> 0]
/\ pc = (0 :> "WW" @@ 1 :> "ActionChoice" @@ 2 :> "ActionChoice" @@ 3 :> "ActionChoice")
/\ reply = << [type |-> "buy", from |-> 0, seat |-> 0, bankID |-> 0],
   [type |-> "buy", from |-> 0, seat |-> 0, bankID |-> 0],
   [type |-> "buy", from |-> 0, seat |-> 0, bankID |-> 0] >>
/\ wantSeat = <<1, 1, 1>>
/\ target = <<1, 1, 1>>
/\ Tickets = <<{}, {}, {}>>
/\ id = <<1, 2, 3>>
/\ ip_ = 0
/\ ip = <<1, 2, 3>>
/\ id_ = 0
/\ Channels = (0 :> <<>> @@ 1 :> <<>> @@ 2 :> <<>> @@ 3 :> <<>>)
/\ BankAccount = (0 :> 0 @@ 1 :> 5 @@ 2 :> 5 @@ 3 :> 5)
/\ availSeats = <<{}, {}, {}>>
/\ Flag = 0
/\ CState = <<"idle", "idle", "idle">>

@!@!@ENDMSG 2217 @!@!@
@!@!@STARTMSG 2217:4 @!@!@
15: <ActionChoice line 443, col 23 to line 448, col 80 of module ticketing>
/\ seatMap = << "available",
   "available",
   "available",
   "available",
   "available",
   "available",
   "available",
   "available",
   "available",
   "available" >>
/\ internalReq = [type |-> "buy", from |-> 0, seat |-> 0, bankID |-> 0]
/\ pc = (0 :> "WW" @@ 1 :> "BCancel" @@ 2 :> "ActionChoice" @@ 3 :> "ActionChoice")
/\ reply = << [type |-> "buy", from |-> 0, seat |-> 0, bankID |-> 0],
   [type |-> "buy", from |-> 0, seat |-> 0, bankID |-> 0],
   [type |-> "buy", from |-> 0, seat |-> 0, bankID |-> 0] >>
/\ wantSeat = <<1, 1, 1>>
/\ target = <<1, 1, 1>>
/\ Tickets = <<{}, {}, {}>>
/\ id = <<1, 2, 3>>
/\ ip_ = 0
/\ ip = <<1, 2, 3>>
/\ id_ = 0
/\ Channels = (0 :> <<>> @@ 1 :> <<>> @@ 2 :> <<>> @@ 3 :> <<>>)
/\ BankAccount = (0 :> 0 @@ 1 :> 5 @@ 2 :> 5 @@ 3 :> 5)
/\ availSeats = <<{}, {}, {}>>
/\ Flag = 0
/\ CState = <<"idle", "idle", "idle">>

@!@!@ENDMSG 2217 @!@!@
@!@!@STARTMSG 2217:4 @!@!@
16: <BCancel line 473, col 18 to line 479, col 71 of module ticketing>
/\ seatMap = << "available",
   "available",
   "available",
   "available",
   "available",
   "available",
   "available",
   "available",
   "available",
   "available" >>
/\ internalReq = [type |-> "buy", from |-> 0, seat |-> 0, bankID |-> 0]
/\ pc = ( 0 :> "WW" @@
  1 :> "BNoTicketsToCancel" @@
  2 :> "ActionChoice" @@
  3 :> "ActionChoice" )
/\ reply = << [type |-> "buy", from |-> 0, seat |-> 0, bankID |-> 0],
   [type |-> "buy", from |-> 0, seat |-> 0, bankID |-> 0],
   [type |-> "buy", from |-> 0, seat |-> 0, bankID |-> 0] >>
/\ wantSeat = <<1, 1, 1>>
/\ target = <<1, 1, 1>>
/\ Tickets = <<{}, {}, {}>>
/\ id = <<1, 2, 3>>
/\ ip_ = 0
/\ ip = <<1, 2, 3>>
/\ id_ = 0
/\ Channels = (0 :> <<>> @@ 1 :> <<>> @@ 2 :> <<>> @@ 3 :> <<>>)
/\ BankAccount = (0 :> 0 @@ 1 :> 5 @@ 2 :> 5 @@ 3 :> 5)
/\ availSeats = <<{}, {}, {}>>
/\ Flag = 0
/\ CState = <<"idle", "idle", "idle">>

@!@!@ENDMSG 2217 @!@!@
@!@!@STARTMSG 2217:4 @!@!@
17: <BNoTicketsToCancel line 481, col 29 to line 487, col 72 of module ticketing>
/\ seatMap = << "available",
   "available",
   "available",
   "available",
   "available",
   "available",
   "available",
   "available",
   "available",
   "available" >>
/\ internalReq = [type |-> "buy", from |-> 0, seat |-> 0, bankID |-> 0]
/\ pc = (0 :> "WW" @@ 1 :> "CheckDone" @@ 2 :> "ActionChoice" @@ 3 :> "ActionChoice")
/\ reply = << [type |-> "buy", from |-> 0, seat |-> 0, bankID |-> 0],
   [type |-> "buy", from |-> 0, seat |-> 0, bankID |-> 0],
   [type |-> "buy", from |-> 0, seat |-> 0, bankID |-> 0] >>
/\ wantSeat = <<1, 1, 1>>
/\ target = <<1, 1, 1>>
/\ Tickets = <<{}, {}, {}>>
/\ id = <<1, 2, 3>>
/\ ip_ = 0
/\ ip = <<1, 2, 3>>
/\ id_ = 0
/\ Channels = (0 :> <<>> @@ 1 :> <<>> @@ 2 :> <<>> @@ 3 :> <<>>)
/\ BankAccount = (0 :> 0 @@ 1 :> 5 @@ 2 :> 5 @@ 3 :> 5)
/\ availSeats = <<{}, {}, {}>>
/\ Flag = 0
/\ CState = <<"idle", "idle", "idle">>

@!@!@ENDMSG 2217 @!@!@
@!@!@STARTMSG 2217:4 @!@!@
18: <ActionChoice line 443, col 23 to line 448, col 80 of module ticketing>
/\ seatMap = << "available",
   "available",
   "available",
   "available",
   "available",
   "available",
   "available",
   "available",
   "available",
   "available" >>
/\ internalReq = [type |-> "buy", from |-> 0, seat |-> 0, bankID |-> 0]
/\ pc = (0 :> "WW" @@ 1 :> "CheckDone" @@ 2 :> "ActionChoice" @@ 3 :> "BCancel")
/\ reply = << [type |-> "buy", from |-> 0, seat |-> 0, bankID |-> 0],
   [type |-> "buy", from |-> 0, seat |-> 0, bankID |-> 0],
   [type |-> "buy", from |-> 0, seat |-> 0, bankID |-> 0] >>
/\ wantSeat = <<1, 1, 1>>
/\ target = <<1, 1, 1>>
/\ Tickets = <<{}, {}, {}>>
/\ id = <<1, 2, 3>>
/\ ip_ = 0
/\ ip = <<1, 2, 3>>
/\ id_ = 0
/\ Channels = (0 :> <<>> @@ 1 :> <<>> @@ 2 :> <<>> @@ 3 :> <<>>)
/\ BankAccount = (0 :> 0 @@ 1 :> 5 @@ 2 :> 5 @@ 3 :> 5)
/\ availSeats = <<{}, {}, {}>>
/\ Flag = 0
/\ CState = <<"idle", "idle", "idle">>

@!@!@ENDMSG 2217 @!@!@
@!@!@STARTMSG 2217:4 @!@!@
19: <BCancel line 473, col 18 to line 479, col 71 of module ticketing>
/\ seatMap = << "available",
   "available",
   "available",
   "available",
   "available",
   "available",
   "available",
   "available",
   "available",
   "available" >>
/\ internalReq = [type |-> "buy", from |-> 0, seat |-> 0, bankID |-> 0]
/\ pc = ( 0 :> "WW" @@
  1 :> "CheckDone" @@
  2 :> "ActionChoice" @@
  3 :> "BNoTicketsToCancel" )
/\ reply = << [type |-> "buy", from |-> 0, seat |-> 0, bankID |-> 0],
   [type |-> "buy", from |-> 0, seat |-> 0, bankID |-> 0],
   [type |-> "buy", from |-> 0, seat |-> 0, bankID |-> 0] >>
/\ wantSeat = <<1, 1, 1>>
/\ target = <<1, 1, 1>>
/\ Tickets = <<{}, {}, {}>>
/\ id = <<1, 2, 3>>
/\ ip_ = 0
/\ ip = <<1, 2, 3>>
/\ id_ = 0
/\ Channels = (0 :> <<>> @@ 1 :> <<>> @@ 2 :> <<>> @@ 3 :> <<>>)
/\ BankAccount = (0 :> 0 @@ 1 :> 5 @@ 2 :> 5 @@ 3 :> 5)
/\ availSeats = <<{}, {}, {}>>
/\ Flag = 0
/\ CState = <<"idle", "idle", "idle">>

@!@!@ENDMSG 2217 @!@!@
@!@!@STARTMSG 2217:4 @!@!@
20: <ActionChoice line 443, col 23 to line 448, col 80 of module ticketing>
/\ seatMap = << "available",
   "available",
   "available",
   "available",
   "available",
   "available",
   "available",
   "available",
   "available",
   "available" >>
/\ internalReq = [type |-> "buy", from |-> 0, seat |-> 0, bankID |-> 0]
/\ pc = (0 :> "WW" @@ 1 :> "CheckDone" @@ 2 :> "BCancel" @@ 3 :> "BNoTicketsToCancel")
/\ reply = << [type |-> "buy", from |-> 0, seat |-> 0, bankID |-> 0],
   [type |-> "buy", from |-> 0, seat |-> 0, bankID |-> 0],
   [type |-> "buy", from |-> 0, seat |-> 0, bankID |-> 0] >>
/\ wantSeat = <<1, 1, 1>>
/\ target = <<1, 1, 1>>
/\ Tickets = <<{}, {}, {}>>
/\ id = <<1, 2, 3>>
/\ ip_ = 0
/\ ip = <<1, 2, 3>>
/\ id_ = 0
/\ Channels = (0 :> <<>> @@ 1 :> <<>> @@ 2 :> <<>> @@ 3 :> <<>>)
/\ BankAccount = (0 :> 0 @@ 1 :> 5 @@ 2 :> 5 @@ 3 :> 5)
/\ availSeats = <<{}, {}, {}>>
/\ Flag = 0
/\ CState = <<"idle", "idle", "idle">>

@!@!@ENDMSG 2217 @!@!@
@!@!@STARTMSG 2217:4 @!@!@
21: <BCancel line 473, col 18 to line 479, col 71 of module ticketing>
/\ seatMap = << "available",
   "available",
   "available",
   "available",
   "available",
   "available",
   "available",
   "available",
   "available",
   "available" >>
/\ internalReq = [type |-> "buy", from |-> 0, seat |-> 0, bankID |-> 0]
/\ pc = ( 0 :> "WW" @@
  1 :> "CheckDone" @@
  2 :> "BNoTicketsToCancel" @@
  3 :> "BNoTicketsToCancel" )
/\ reply = << [type |-> "buy", from |-> 0, seat |-> 0, bankID |-> 0],
   [type |-> "buy", from |-> 0, seat |-> 0, bankID |-> 0],
   [type |-> "buy", from |-> 0, seat |-> 0, bankID |-> 0] >>
/\ wantSeat = <<1, 1, 1>>
/\ target = <<1, 1, 1>>
/\ Tickets = <<{}, {}, {}>>
/\ id = <<1, 2, 3>>
/\ ip_ = 0
/\ ip = <<1, 2, 3>>
/\ id_ = 0
/\ Channels = (0 :> <<>> @@ 1 :> <<>> @@ 2 :> <<>> @@ 3 :> <<>>)
/\ BankAccount = (0 :> 0 @@ 1 :> 5 @@ 2 :> 5 @@ 3 :> 5)
/\ availSeats = <<{}, {}, {}>>
/\ Flag = 0
/\ CState = <<"idle", "idle", "idle">>

@!@!@ENDMSG 2217 @!@!@
@!@!@STARTMSG 2217:4 @!@!@
22: <BNoTicketsToCancel line 481, col 29 to line 487, col 72 of module ticketing>
/\ seatMap = << "available",
   "available",
   "available",
   "available",
   "available",
   "available",
   "available",
   "available",
   "available",
   "available" >>
/\ internalReq = [type |-> "buy", from |-> 0, seat |-> 0, bankID |-> 0]
/\ pc = (0 :> "WW" @@ 1 :> "CheckDone" @@ 2 :> "CheckDone" @@ 3 :> "BNoTicketsToCancel")
/\ reply = << [type |-> "buy", from |-> 0, seat |-> 0, bankID |-> 0],
   [type |-> "buy", from |-> 0, seat |-> 0, bankID |-> 0],
   [type |-> "buy", from |-> 0, seat |-> 0, bankID |-> 0] >>
/\ wantSeat = <<1, 1, 1>>
/\ target = <<1, 1, 1>>
/\ Tickets = <<{}, {}, {}>>
/\ id = <<1, 2, 3>>
/\ ip_ = 0
/\ ip = <<1, 2, 3>>
/\ id_ = 0
/\ Channels = (0 :> <<>> @@ 1 :> <<>> @@ 2 :> <<>> @@ 3 :> <<>>)
/\ BankAccount = (0 :> 0 @@ 1 :> 5 @@ 2 :> 5 @@ 3 :> 5)
/\ availSeats = <<{}, {}, {}>>
/\ Flag = 0
/\ CState = <<"idle", "idle", "idle">>

@!@!@ENDMSG 2217 @!@!@
@!@!@STARTMSG 2217:4 @!@!@
23: <BNoTicketsToCancel line 481, col 29 to line 487, col 72 of module ticketing>
/\ seatMap = << "available",
   "available",
   "available",
   "available",
   "available",
   "available",
   "available",
   "available",
   "available",
   "available" >>
/\ internalReq = [type |-> "buy", from |-> 0, seat |-> 0, bankID |-> 0]
/\ pc = (0 :> "WW" @@ 1 :> "CheckDone" @@ 2 :> "CheckDone" @@ 3 :> "CheckDone")
/\ reply = << [type |-> "buy", from |-> 0, seat |-> 0, bankID |-> 0],
   [type |-> "buy", from |-> 0, seat |-> 0, bankID |-> 0],
   [type |-> "buy", from |-> 0, seat |-> 0, bankID |-> 0] >>
/\ wantSeat = <<1, 1, 1>>
/\ target = <<1, 1, 1>>
/\ Tickets = <<{}, {}, {}>>
/\ id = <<1, 2, 3>>
/\ ip_ = 0
/\ ip = <<1, 2, 3>>
/\ id_ = 0
/\ Channels = (0 :> <<>> @@ 1 :> <<>> @@ 2 :> <<>> @@ 3 :> <<>>)
/\ BankAccount = (0 :> 0 @@ 1 :> 5 @@ 2 :> 5 @@ 3 :> 5)
/\ availSeats = <<{}, {}, {}>>
/\ Flag = 0
/\ CState = <<"idle", "idle", "idle">>

@!@!@ENDMSG 2217 @!@!@
@!@!@STARTMSG 2122:4 @!@!@
9: Back to state: <CheckDone line 425, col 20 to line 434, col 73 of module ticketing>

@!@!@ENDMSG 2122 @!@!@
@!@!@STARTMSG 2267:0 @!@!@
Finished checking temporal properties in 00s at 2026-02-04 18:33:40
@!@!@ENDMSG 2267 @!@!@
@!@!@STARTMSG 2201:0 @!@!@
The coverage statistics at 2026-02-04 18:33:40
@!@!@ENDMSG 2201 @!@!@
@!@!@STARTMSG 2773:0 @!@!@
<Init line 319, col 1 to line 319, col 4 of module ticketing>: 2:2
@!@!@ENDMSG 2773 @!@!@
@!@!@STARTMSG 2221:0 @!@!@
  line 320, col 9 to line 338, col 78 of module ticketing: 2
@!@!@ENDMSG 2221 @!@!@
@!@!@STARTMSG 2772:0 @!@!@
<s1_ line 340, col 1 to line 340, col 3 of module ticketing>: 54:1017
@!@!@ENDMSG 2772 @!@!@
@!@!@STARTMSG 2221:0 @!@!@
  line 340, col 11 to line 340, col 23 of module ticketing: 3280
@!@!@ENDMSG 2221 @!@!@
@!@!@STARTMSG 2221:0 @!@!@
  |line 340, col 11 to line 340, col 15 of module ticketing: 2263
@!@!@ENDMSG 2221 @!@!@
@!@!@STARTMSG 2221:0 @!@!@
  line 341, col 11 to line 341, col 39 of module ticketing: 1017
@!@!@ENDMSG 2221 @!@!@
@!@!@STARTMSG 2221:0 @!@!@
  line 342, col 11 to line 344, col 36 of module ticketing: 1017
@!@!@ENDMSG 2221 @!@!@
@!@!@STARTMSG 2772:0 @!@!@
<WW line 346, col 1 to line 346, col 2 of module ticketing>: 77:203
@!@!@ENDMSG 2772 @!@!@
@!@!@STARTMSG 2221:0 @!@!@
  line 346, col 10 to line 346, col 21 of module ticketing: 2465
@!@!@ENDMSG 2221 @!@!@
@!@!@STARTMSG 2221:0 @!@!@
  |line 346, col 10 to line 346, col 14 of module ticketing: 2262
@!@!@ENDMSG 2221 @!@!@
@!@!@STARTMSG 2221:0 @!@!@
  line 347, col 10 to line 347, col 29 of module ticketing: 203
@!@!@ENDMSG 2221 @!@!@
@!@!@STARTMSG 2221:0 @!@!@
  |line 347, col 10 to line 347, col 25 of module ticketing: 929
@!@!@ENDMSG 2221 @!@!@
@!@!@STARTMSG 2221:0 @!@!@
  line 348, col 10 to line 348, col 39 of module ticketing: 203
@!@!@ENDMSG 2221 @!@!@
@!@!@STARTMSG 2221:0 @!@!@
  line 349, col 10 to line 351, col 35 of module ticketing: 203
@!@!@ENDMSG 2221 @!@!@
@!@!@STARTMSG 2772:0 @!@!@
<GET line 353, col 1 to line 353, col 3 of module ticketing>: 58:171
@!@!@ENDMSG 2772 @!@!@
@!@!@STARTMSG 2221:0 @!@!@
  line 353, col 11 to line 353, col 23 of module ticketing: 2433
@!@!@ENDMSG 2221 @!@!@
@!@!@STARTMSG 2221:0 @!@!@
  |line 353, col 11 to line 353, col 15 of module ticketing: 2262
@!@!@ENDMSG 2221 @!@!@
@!@!@STARTMSG 2221:0 @!@!@
  line 354, col 11 to line 354, col 42 of module ticketing: 171
@!@!@ENDMSG 2221 @!@!@
@!@!@STARTMSG 2221:0 @!@!@
  line 355, col 11 to line 355, col 66 of module ticketing: 171
@!@!@ENDMSG 2221 @!@!@
@!@!@STARTMSG 2221:0 @!@!@
  line 356, col 11 to line 356, col 42 of module ticketing: 171
@!@!@ENDMSG 2221 @!@!@
@!@!@STARTMSG 2221:0 @!@!@
  line 357, col 11 to line 358, col 69 of module ticketing: 171
@!@!@ENDMSG 2221 @!@!@
@!@!@STARTMSG 2772:0 @!@!@
<TREAT line 360, col 1 to line 360, col 5 of module ticketing>: 66:146
@!@!@ENDMSG 2772 @!@!@
@!@!@STARTMSG 2221:0 @!@!@
  line 360, col 13 to line 360, col 27 of module ticketing: 2408
@!@!@ENDMSG 2221 @!@!@
@!@!@STARTMSG 2221:0 @!@!@
  |line 360, col 13 to line 360, col 17 of module ticketing: 2262
@!@!@ENDMSG 2221 @!@!@
@!@!@STARTMSG 2221:0 @!@!@
  line 361, col 16 to line 361, col 39 of module ticketing: 146
@!@!@ENDMSG 2221 @!@!@
@!@!@STARTMSG 2221:0 @!@!@
  line 362, col 27 to line 363, col 64 of module ticketing: 146
@!@!@ENDMSG 2221 @!@!@
@!@!@STARTMSG 2221:0 @!@!@
  line 364, col 32 to line 373, col 109 of module ticketing: 146
@!@!@ENDMSG 2221 @!@!@
@!@!@STARTMSG 2221:0 @!@!@
  line 374, col 35 to line 378, col 109 of module ticketing: 0
@!@!@ENDMSG 2221 @!@!@
@!@!@STARTMSG 2221:0 @!@!@
  line 379, col 35 to line 379, col 79 of module ticketing: 0
@!@!@ENDMSG 2221 @!@!@
@!@!@STARTMSG 2221:0 @!@!@
  line 380, col 24 to line 380, col 35 of module ticketing: 146
@!@!@ENDMSG 2221 @!@!@
@!@!@STARTMSG 2221:0 @!@!@
  line 382, col 35 to line 382, col 43 of module ticketing: 0
@!@!@ENDMSG 2221 @!@!@
@!@!@STARTMSG 2221:0 @!@!@
  line 384, col 46 to line 384, col 106 of module ticketing: 0
@!@!@ENDMSG 2221 @!@!@
@!@!@STARTMSG 2221:0 @!@!@
  line 385, col 46 to line 386, col 106 of module ticketing: 0
@!@!@ENDMSG 2221 @!@!@
@!@!@STARTMSG 2221:0 @!@!@
  line 387, col 46 to line 388, col 103 of module ticketing: 0
@!@!@ENDMSG 2221 @!@!@
@!@!@STARTMSG 2221:0 @!@!@
  line 389, col 46 to line 393, col 113 of module ticketing: 0
@!@!@ENDMSG 2221 @!@!@
@!@!@STARTMSG 2221:0 @!@!@
  line 394, col 46 to line 398, col 113 of module ticketing: 0
@!@!@ENDMSG 2221 @!@!@
@!@!@STARTMSG 2221:0 @!@!@
  line 399, col 46 to line 400, col 68 of module ticketing: 0
@!@!@ENDMSG 2221 @!@!@
@!@!@STARTMSG 2221:0 @!@!@
  line 402, col 35 to line 403, col 63 of module ticketing: 0
@!@!@ENDMSG 2221 @!@!@
@!@!@STARTMSG 2221:0 @!@!@
  line 404, col 13 to line 404, col 42 of module ticketing: 146
@!@!@ENDMSG 2221 @!@!@
@!@!@STARTMSG 2221:0 @!@!@
  line 405, col 13 to line 406, col 53 of module ticketing: 146
@!@!@ENDMSG 2221 @!@!@
@!@!@STARTMSG 2772:0 @!@!@
<InitTarget line 410, col 1 to line 410, col 16 of module ticketing>: 268:977
@!@!@ENDMSG 2772 @!@!@
@!@!@STARTMSG 2221:0 @!@!@
  line 410, col 24 to line 410, col 46 of module ticketing: 7741
@!@!@ENDMSG 2221 @!@!@
@!@!@STARTMSG 2221:0 @!@!@
  |line 410, col 24 to line 410, col 31 of module ticketing: 6764
@!@!@ENDMSG 2221 @!@!@
@!@!@STARTMSG 2221:0 @!@!@
  line 411, col 24 to line 411, col 107 of module ticketing: 977
@!@!@ENDMSG 2221 @!@!@
@!@!@STARTMSG 2221:0 @!@!@
  line 412, col 24 to line 412, col 55 of module ticketing: 977
@!@!@ENDMSG 2221 @!@!@
@!@!@STARTMSG 2221:0 @!@!@
  line 413, col 24 to line 415, col 70 of module ticketing: 977
@!@!@ENDMSG 2221 @!@!@
@!@!@STARTMSG 2772:0 @!@!@
<s1 line 417, col 1 to line 417, col 8 of module ticketing>: 376:942
@!@!@ENDMSG 2772 @!@!@
@!@!@STARTMSG 2221:0 @!@!@
  line 417, col 16 to line 417, col 30 of module ticketing: 7703
@!@!@ENDMSG 2221 @!@!@
@!@!@STARTMSG 2221:0 @!@!@
  |line 417, col 16 to line 417, col 23 of module ticketing: 6761
@!@!@ENDMSG 2221 @!@!@
@!@!@STARTMSG 2221:0 @!@!@
  line 418, col 19 to line 418, col 39 of module ticketing: 942
@!@!@ENDMSG 2221 @!@!@
@!@!@STARTMSG 2221:0 @!@!@
  line 419, col 24 to line 419, col 65 of module ticketing: 925
@!@!@ENDMSG 2221 @!@!@
@!@!@STARTMSG 2221:0 @!@!@
  line 420, col 24 to line 420, col 61 of module ticketing: 17
@!@!@ENDMSG 2221 @!@!@
@!@!@STARTMSG 2221:0 @!@!@
  line 421, col 16 to line 423, col 56 of module ticketing: 942
@!@!@ENDMSG 2221 @!@!@
@!@!@STARTMSG 2772:0 @!@!@
<CheckDone line 425, col 1 to line 425, col 15 of module ticketing>: 315:824
@!@!@ENDMSG 2772 @!@!@
@!@!@STARTMSG 2221:0 @!@!@
  line 425, col 23 to line 425, col 44 of module ticketing: 7582
@!@!@ENDMSG 2221 @!@!@
@!@!@STARTMSG 2221:0 @!@!@
  |line 425, col 23 to line 425, col 30 of module ticketing: 6758
@!@!@ENDMSG 2221 @!@!@
@!@!@STARTMSG 2221:0 @!@!@
  line 426, col 26 to line 427, col 66 of module ticketing: 824
@!@!@ENDMSG 2221 @!@!@
@!@!@STARTMSG 2221:0 @!@!@
  |line 426, col 26 to line 426, col 67 of module ticketing: 824
@!@!@ENDMSG 2221 @!@!@
@!@!@STARTMSG 2221:0 @!@!@
  |line 427, col 30 to line 427, col 65 of module ticketing: 790
@!@!@ENDMSG 2221 @!@!@
@!@!@STARTMSG 2221:0 @!@!@
  ||line 427, col 47 to line 427, col 65 of module ticketing: 966
@!@!@ENDMSG 2221 @!@!@
@!@!@STARTMSG 2221:0 @!@!@
  ||line 427, col 39 to line 427, col 43 of module ticketing: 790
@!@!@ENDMSG 2221 @!@!@
@!@!@STARTMSG 2221:0 @!@!@
  line 428, col 31 to line 429, col 65 of module ticketing: 34
@!@!@ENDMSG 2221 @!@!@
@!@!@STARTMSG 2221:0 @!@!@
  line 430, col 34 to line 430, col 72 of module ticketing: 790
@!@!@ENDMSG 2221 @!@!@
@!@!@STARTMSG 2221:0 @!@!@
  line 431, col 34 to line 431, col 49 of module ticketing: 790
@!@!@ENDMSG 2221 @!@!@
@!@!@STARTMSG 2221:0 @!@!@
  line 432, col 23 to line 434, col 73 of module ticketing: 824
@!@!@ENDMSG 2221 @!@!@
@!@!@STARTMSG 2772:0 @!@!@
<BWaitIdle line 436, col 1 to line 436, col 15 of module ticketing>: 279:694
@!@!@ENDMSG 2772 @!@!@
@!@!@STARTMSG 2221:0 @!@!@
  line 436, col 23 to line 436, col 44 of module ticketing: 7448
@!@!@ENDMSG 2221 @!@!@
@!@!@STARTMSG 2221:0 @!@!@
  |line 436, col 23 to line 436, col 30 of module ticketing: 6754
@!@!@ENDMSG 2221 @!@!@
@!@!@STARTMSG 2221:0 @!@!@
  line 437, col 24 to line 437, col 44 of module ticketing: 1388
@!@!@ENDMSG 2221 @!@!@
@!@!@STARTMSG 2221:0 @!@!@
  |line 437, col 24 to line 437, col 35 of module ticketing: 694
@!@!@ENDMSG 2221 @!@!@
@!@!@STARTMSG 2221:0 @!@!@
  line 438, col 23 to line 438, col 64 of module ticketing: 694
@!@!@ENDMSG 2221 @!@!@
@!@!@STARTMSG 2221:0 @!@!@
  line 439, col 23 to line 441, col 73 of module ticketing: 694
@!@!@ENDMSG 2221 @!@!@
@!@!@STARTMSG 2772:0 @!@!@
<ActionChoice line 443, col 1 to line 443, col 18 of module ticketing>: 486:1212
@!@!@ENDMSG 2772 @!@!@
@!@!@STARTMSG 2221:0 @!@!@
  line 443, col 26 to line 443, col 50 of module ticketing: 7357
@!@!@ENDMSG 2221 @!@!@
@!@!@STARTMSG 2221:0 @!@!@
  |line 443, col 26 to line 443, col 33 of module ticketing: 6751
@!@!@ENDMSG 2221 @!@!@
@!@!@STARTMSG 2221:0 @!@!@
  line 444, col 26 to line 445, col 68 of module ticketing: 606
@!@!@ENDMSG 2221 @!@!@
@!@!@STARTMSG 2221:0 @!@!@
  line 446, col 26 to line 448, col 80 of module ticketing: 1212
@!@!@ENDMSG 2221 @!@!@
@!@!@STARTMSG 2772:0 @!@!@
<BSendBuy line 450, col 1 to line 450, col 14 of module ticketing>: 264:522
@!@!@ENDMSG 2772 @!@!@
@!@!@STARTMSG 2221:0 @!@!@
  line 450, col 22 to line 450, col 42 of module ticketing: 7270
@!@!@ENDMSG 2221 @!@!@
@!@!@STARTMSG 2221:0 @!@!@
  |line 450, col 22 to line 450, col 29 of module ticketing: 6748
@!@!@ENDMSG 2221 @!@!@
@!@!@STARTMSG 2221:0 @!@!@
  line 451, col 22 to line 451, col 66 of module ticketing: 522
@!@!@ENDMSG 2221 @!@!@
@!@!@STARTMSG 2221:0 @!@!@
  line 452, col 22 to line 452, col 105 of module ticketing: 522
@!@!@ENDMSG 2221 @!@!@
@!@!@STARTMSG 2221:0 @!@!@
  |line 452, col 36 to line 452, col 105 of module ticketing: 522
@!@!@ENDMSG 2221 @!@!@
@!@!@STARTMSG 2221:0 @!@!@
  ||line 452, col 37 to line 452, col 46 of module ticketing: 522
@!@!@ENDMSG 2221 @!@!@
@!@!@STARTMSG 2221:0 @!@!@
  ||line 452, col 55 to line 452, col 104 of module ticketing: 522
@!@!@ENDMSG 2221 @!@!@
@!@!@STARTMSG 2775:0 @!@!@
  ||line 452, col 65 to line 452, col 104 of module ticketing: 522:1044
@!@!@ENDMSG 2775 @!@!@
@!@!@STARTMSG 2221:0 @!@!@
  |||line 452, col 80 to line 452, col 103 of module ticketing: 5220
@!@!@ENDMSG 2221 @!@!@
@!@!@STARTMSG 2221:0 @!@!@
  |||line 452, col 72 to line 452, col 76 of module ticketing: 522
@!@!@ENDMSG 2221 @!@!@
@!@!@STARTMSG 2221:0 @!@!@
  line 453, col 25 to line 453, col 46 of module ticketing: 522
@!@!@ENDMSG 2221 @!@!@
@!@!@STARTMSG 2221:0 @!@!@
  line 454, col 30 to line 460, col 72 of module ticketing: 522
@!@!@ENDMSG 2221 @!@!@
@!@!@STARTMSG 2221:0 @!@!@
  line 461, col 33 to line 461, col 70 of module ticketing: 0
@!@!@ENDMSG 2221 @!@!@
@!@!@STARTMSG 2221:0 @!@!@
  line 462, col 33 to line 462, col 66 of module ticketing: 0
@!@!@ENDMSG 2221 @!@!@
@!@!@STARTMSG 2221:0 @!@!@
  line 463, col 22 to line 464, col 76 of module ticketing: 522
@!@!@ENDMSG 2221 @!@!@
@!@!@STARTMSG 2772:0 @!@!@
<BNoSeats line 466, col 1 to line 466, col 14 of module ticketing>: 0:0
@!@!@ENDMSG 2772 @!@!@
@!@!@STARTMSG 2221:0 @!@!@
  line 466, col 22 to line 466, col 42 of module ticketing: 6748
@!@!@ENDMSG 2221 @!@!@
@!@!@STARTMSG 2221:0 @!@!@
  line 467, col 22 to line 467, col 63 of module ticketing: 0
@!@!@ENDMSG 2221 @!@!@
@!@!@STARTMSG 2221:0 @!@!@
  line 468, col 22 to line 468, col 60 of module ticketing: 0
@!@!@ENDMSG 2221 @!@!@
@!@!@STARTMSG 2221:0 @!@!@
  line 469, col 22 to line 471, col 72 of module ticketing: 0
@!@!@ENDMSG 2221 @!@!@
@!@!@STARTMSG 2772:0 @!@!@
<BCancel line 473, col 1 to line 473, col 13 of module ticketing>: 206:505
@!@!@ENDMSG 2772 @!@!@
@!@!@STARTMSG 2221:0 @!@!@
  line 473, col 21 to line 473, col 40 of module ticketing: 7253
@!@!@ENDMSG 2221 @!@!@
@!@!@STARTMSG 2221:0 @!@!@
  |line 473, col 21 to line 473, col 28 of module ticketing: 6748
@!@!@ENDMSG 2221 @!@!@
@!@!@STARTMSG 2221:0 @!@!@
  line 474, col 24 to line 474, col 41 of module ticketing: 505
@!@!@ENDMSG 2221 @!@!@
@!@!@STARTMSG 2221:0 @!@!@
  line 475, col 29 to line 475, col 79 of module ticketing: 505
@!@!@ENDMSG 2221 @!@!@
@!@!@STARTMSG 2221:0 @!@!@
  line 476, col 32 to line 476, col 72 of module ticketing: 0
@!@!@ENDMSG 2221 @!@!@
@!@!@STARTMSG 2221:0 @!@!@
  line 477, col 21 to line 479, col 71 of module ticketing: 505
@!@!@ENDMSG 2221 @!@!@
@!@!@STARTMSG 2772:0 @!@!@
<BNoTicketsToCancel line 481, col 1 to line 481, col 24 of module ticketing>: 0:427
@!@!@ENDMSG 2772 @!@!@
@!@!@STARTMSG 2221:0 @!@!@
  line 481, col 32 to line 481, col 62 of module ticketing: 7172
@!@!@ENDMSG 2221 @!@!@
@!@!@STARTMSG 2221:0 @!@!@
  |line 481, col 32 to line 481, col 39 of module ticketing: 6745
@!@!@ENDMSG 2221 @!@!@
@!@!@STARTMSG 2221:0 @!@!@
  line 482, col 32 to line 482, col 73 of module ticketing: 427
@!@!@ENDMSG 2221 @!@!@
@!@!@STARTMSG 2221:0 @!@!@
  line 483, col 32 to line 483, col 70 of module ticketing: 427
@!@!@ENDMSG 2221 @!@!@
@!@!@STARTMSG 2221:0 @!@!@
  line 484, col 32 to line 487, col 72 of module ticketing: 427
@!@!@ENDMSG 2221 @!@!@
@!@!@STARTMSG 2772:0 @!@!@
<BSendCancel line 489, col 1 to line 489, col 17 of module ticketing>: 0:0
@!@!@ENDMSG 2772 @!@!@
@!@!@STARTMSG 2221:0 @!@!@
  line 489, col 25 to line 489, col 48 of module ticketing: 6742
@!@!@ENDMSG 2221 @!@!@
@!@!@STARTMSG 2221:0 @!@!@
  line 491, col 25 to line 491, col 69 of module ticketing: 0
@!@!@ENDMSG 2221 @!@!@
@!@!@STARTMSG 2221:0 @!@!@
  line 492, col 25 to line 492, col 97 of module ticketing: 0
@!@!@ENDMSG 2221 @!@!@
@!@!@STARTMSG 2221:0 @!@!@
  line 493, col 25 to line 497, col 89 of module ticketing: 0
@!@!@ENDMSG 2221 @!@!@
@!@!@STARTMSG 2221:0 @!@!@
  line 498, col 25 to line 498, col 64 of module ticketing: 0
@!@!@ENDMSG 2221 @!@!@
@!@!@STARTMSG 2221:0 @!@!@
  line 499, col 25 to line 501, col 50 of module ticketing: 0
@!@!@ENDMSG 2221 @!@!@
@!@!@STARTMSG 2772:0 @!@!@
<BWaitReply line 503, col 1 to line 503, col 16 of module ticketing>: 101:214
@!@!@ENDMSG 2772 @!@!@
@!@!@STARTMSG 2221:0 @!@!@
  line 503, col 24 to line 503, col 46 of module ticketing: 6956
@!@!@ENDMSG 2221 @!@!@
@!@!@STARTMSG 2221:0 @!@!@
  |line 503, col 24 to line 503, col 31 of module ticketing: 6742
@!@!@ENDMSG 2221 @!@!@
@!@!@STARTMSG 2221:0 @!@!@
  line 504, col 25 to line 504, col 51 of module ticketing: 214
@!@!@ENDMSG 2221 @!@!@
@!@!@STARTMSG 2221:0 @!@!@
  |line 504, col 25 to line 504, col 47 of module ticketing: 1032
@!@!@ENDMSG 2221 @!@!@
@!@!@STARTMSG 2221:0 @!@!@
  line 505, col 24 to line 505, col 64 of module ticketing: 214
@!@!@ENDMSG 2221 @!@!@
@!@!@STARTMSG 2221:0 @!@!@
  line 506, col 24 to line 508, col 78 of module ticketing: 214
@!@!@ENDMSG 2221 @!@!@
@!@!@STARTMSG 2772:0 @!@!@
<BProcessing line 510, col 1 to line 510, col 17 of module ticketing>: 66:140
@!@!@ENDMSG 2772 @!@!@
@!@!@STARTMSG 2221:0 @!@!@
  line 510, col 25 to line 510, col 48 of module ticketing: 6882
@!@!@ENDMSG 2221 @!@!@
@!@!@STARTMSG 2221:0 @!@!@
  |line 510, col 25 to line 510, col 32 of module ticketing: 6742
@!@!@ENDMSG 2221 @!@!@
@!@!@STARTMSG 2221:0 @!@!@
  line 511, col 25 to line 511, col 82 of module ticketing: 140
@!@!@ENDMSG 2221 @!@!@
@!@!@STARTMSG 2221:0 @!@!@
  line 512, col 25 to line 512, col 92 of module ticketing: 140
@!@!@ENDMSG 2221 @!@!@
@!@!@STARTMSG 2221:0 @!@!@
  line 513, col 25 to line 513, col 61 of module ticketing: 140
@!@!@ENDMSG 2221 @!@!@
@!@!@STARTMSG 2221:0 @!@!@
  line 514, col 25 to line 516, col 68 of module ticketing: 140
@!@!@ENDMSG 2221 @!@!@
@!@!@STARTMSG 2772:0 @!@!@
<BUpdate line 518, col 1 to line 518, col 13 of module ticketing>: 41:89
@!@!@ENDMSG 2772 @!@!@
@!@!@STARTMSG 2221:0 @!@!@
  line 518, col 21 to line 518, col 40 of module ticketing: 6831
@!@!@ENDMSG 2221 @!@!@
@!@!@STARTMSG 2221:0 @!@!@
  |line 518, col 21 to line 518, col 28 of module ticketing: 6742
@!@!@ENDMSG 2221 @!@!@
@!@!@STARTMSG 2221:0 @!@!@
  line 519, col 21 to line 519, col 24 of module ticketing: 89
@!@!@ENDMSG 2221 @!@!@
@!@!@STARTMSG 2221:0 @!@!@
  line 520, col 21 to line 520, col 62 of module ticketing: 89
@!@!@ENDMSG 2221 @!@!@
@!@!@STARTMSG 2221:0 @!@!@
  line 521, col 21 to line 521, col 52 of module ticketing: 89
@!@!@ENDMSG 2221 @!@!@
@!@!@STARTMSG 2221:0 @!@!@
  line 522, col 21 to line 524, col 61 of module ticketing: 89
@!@!@ENDMSG 2221 @!@!@
@!@!@STARTMSG 2772:0 @!@!@
<Done_ line 526, col 1 to line 526, col 11 of module ticketing>: 0:6
@!@!@ENDMSG 2772 @!@!@
@!@!@STARTMSG 2221:0 @!@!@
  line 526, col 19 to line 526, col 36 of module ticketing: 6748
@!@!@ENDMSG 2221 @!@!@
@!@!@STARTMSG 2221:0 @!@!@
  |line 526, col 19 to line 526, col 26 of module ticketing: 6742
@!@!@ENDMSG 2221 @!@!@
@!@!@STARTMSG 2221:0 @!@!@
  line 527, col 19 to line 527, col 22 of module ticketing: 6
@!@!@ENDMSG 2221 @!@!@
@!@!@STARTMSG 2221:0 @!@!@
  line 528, col 19 to line 528, col 53 of module ticketing: 6
@!@!@ENDMSG 2221 @!@!@
@!@!@STARTMSG 2221:0 @!@!@
  line 529, col 19 to line 531, col 59 of module ticketing: 6
@!@!@ENDMSG 2221 @!@!@
@!@!@STARTMSG 2774:0 @!@!@
<TypeOK line 279, col 1 to line 279, col 6 of module ticketing>
@!@!@ENDMSG 2774 @!@!@
@!@!@STARTMSG 2221:0 @!@!@
  line 280, col 3 to line 284, col 56 of module ticketing: 2658
@!@!@ENDMSG 2221 @!@!@
@!@!@STARTMSG 2774:0 @!@!@
<MoneyTicketsInv line 286, col 1 to line 286, col 15 of module ticketing>
@!@!@ENDMSG 2774 @!@!@
@!@!@STARTMSG 2221:0 @!@!@
  line 287, col 3 to line 288, col 56 of module ticketing: 2658
@!@!@ENDMSG 2221 @!@!@
@!@!@STARTMSG 2221:0 @!@!@
  |line 288, col 5 to line 288, col 56 of module ticketing: 7974
@!@!@ENDMSG 2221 @!@!@
@!@!@STARTMSG 2221:0 @!@!@
  |line 287, col 12 to line 287, col 20 of module ticketing: 2658
@!@!@ENDMSG 2221 @!@!@
@!@!@STARTMSG 2774:0 @!@!@
<TicketsPaidInv line 291, col 1 to line 291, col 14 of module ticketing>
@!@!@ENDMSG 2774 @!@!@
@!@!@STARTMSG 2221:0 @!@!@
  line 292, col 3 to line 293, col 45 of module ticketing: 2658
@!@!@ENDMSG 2221 @!@!@
@!@!@STARTMSG 2221:0 @!@!@
  |line 293, col 5 to line 293, col 45 of module ticketing: 7974
@!@!@ENDMSG 2221 @!@!@
@!@!@STARTMSG 2221:0 @!@!@
  ||line 293, col 27 to line 293, col 45 of module ticketing: 846
@!@!@ENDMSG 2221 @!@!@
@!@!@STARTMSG 2221:0 @!@!@
  ||line 293, col 14 to line 293, col 23 of module ticketing: 7974
@!@!@ENDMSG 2221 @!@!@
@!@!@STARTMSG 2221:0 @!@!@
  |line 292, col 12 to line 292, col 20 of module ticketing: 2658
@!@!@ENDMSG 2221 @!@!@
@!@!@STARTMSG 2774:0 @!@!@
<NoDoubleSell line 296, col 1 to line 296, col 12 of module ticketing>
@!@!@ENDMSG 2774 @!@!@
@!@!@STARTMSG 2221:0 @!@!@
  line 297, col 3 to line 298, col 58 of module ticketing: 2658
@!@!@ENDMSG 2221 @!@!@
@!@!@STARTMSG 2221:0 @!@!@
  |line 298, col 5 to line 298, col 58 of module ticketing: 26580
@!@!@ENDMSG 2221 @!@!@
@!@!@STARTMSG 2221:0 @!@!@
  ||line 298, col 5 to line 298, col 53 of module ticketing: 26580
@!@!@ENDMSG 2221 @!@!@
@!@!@STARTMSG 2221:0 @!@!@
  |||line 298, col 17 to line 298, col 52 of module ticketing: 26580
@!@!@ENDMSG 2221 @!@!@
@!@!@STARTMSG 2221:0 @!@!@
  ||||line 298, col 36 to line 298, col 51 of module ticketing: 79740
@!@!@ENDMSG 2221 @!@!@
@!@!@STARTMSG 2221:0 @!@!@
  ||||line 298, col 24 to line 298, col 32 of module ticketing: 26580
@!@!@ENDMSG 2221 @!@!@
@!@!@STARTMSG 2221:0 @!@!@
  |line 297, col 12 to line 297, col 16 of module ticketing: 2658
@!@!@ENDMSG 2221 @!@!@
@!@!@STARTMSG 2202:0 @!@!@
End of statistics.
@!@!@ENDMSG 2202 @!@!@
@!@!@STARTMSG 2200:0 @!@!@
Progress(19) at 2026-02-04 18:33:40: 8,033 states generated (74,230 s/min), 2,658 distinct states found (24,561 ds/min), 419 states left on queue.
@!@!@ENDMSG 2200 @!@!@
@!@!@STARTMSG 2199:0 @!@!@
8033 states generated, 2658 distinct states found, 419 states left on queue.
@!@!@ENDMSG 2199 @!@!@
@!@!@STARTMSG 2186:0 @!@!@
Finished in 6506ms at (2026-02-04 18:33:40)
@!@!@ENDMSG 2186 @!@!@
