@!@!@STARTMSG 2262:0 @!@!@
TLC2 Version 2.16 of 31 December 2020 (rev: cdddf55)
@!@!@ENDMSG 2262 @!@!@
@!@!@STARTMSG 2187:0 @!@!@
Running breadth-first search Model-Checking with fp 97 and seed 5935790964362069821 with 2 workers on 4 cores with 608MB heap and 1365MB offheap memory [pid: 46835] (Mac OS X 10.16 x86_64, AdoptOpenJDK 14.0.1 x86_64, OffHeapDiskFPSet, DiskStateQueue).
@!@!@ENDMSG 2187 @!@!@
@!@!@STARTMSG 2220:0 @!@!@
Starting SANY...
@!@!@ENDMSG 2220 @!@!@
Parsing file /Users/BiaLeao/Documents/verification_des_system/Part 1/ticketing.toolbox/Model_1/MC.tla
Parsing file /Users/BiaLeao/Documents/verification_des_system/Part 1/ticketing.toolbox/Model_1/ticketing.tla
Warning: symbols were renamed.
Parsing file /Applications/TLA+ Toolbox.app/Contents/Eclipse/plugins/org.lamport.tlatools_1.0.0.202012311918/tla2sany/StandardModules/TLC.tla
Parsing file /Applications/TLA+ Toolbox.app/Contents/Eclipse/plugins/org.lamport.tlatools_1.0.0.202012311918/tla2sany/StandardModules/Integers.tla
Parsing file /Applications/TLA+ Toolbox.app/Contents/Eclipse/plugins/org.lamport.tlatools_1.0.0.202012311918/tla2sany/StandardModules/Sequences.tla
Parsing file /Applications/TLA+ Toolbox.app/Contents/Eclipse/plugins/org.lamport.tlatools_1.0.0.202012311918/tla2sany/StandardModules/FiniteSets.tla
Parsing file /Applications/TLA+ Toolbox.app/Contents/Eclipse/plugins/org.lamport.tlatools_1.0.0.202012311918/tla2sany/StandardModules/Naturals.tla
Semantic processing of module Naturals
Semantic processing of module Integers
Semantic processing of module Sequences
Semantic processing of module FiniteSets
Semantic processing of module TLC
Semantic processing of module ticketing
Semantic processing of module MC
@!@!@STARTMSG 2219:0 @!@!@
SANY finished.
@!@!@ENDMSG 2219 @!@!@
@!@!@STARTMSG 2185:0 @!@!@
Starting... (2026-02-04 18:00:51)
@!@!@ENDMSG 2185 @!@!@
@!@!@STARTMSG 2212:0 @!@!@
Implied-temporal checking--satisfiability problem has 1 branches.
@!@!@ENDMSG 2212 @!@!@
@!@!@STARTMSG 2189:0 @!@!@
Computing initial states...
@!@!@ENDMSG 2189 @!@!@
@!@!@STARTMSG 2190:0 @!@!@
Finished computing initial states: 1 distinct state generated at 2026-02-04 18:00:54.
@!@!@ENDMSG 2190 @!@!@
@!@!@STARTMSG 2110:1 @!@!@
Invariant MoneyTicketsInv is violated.
@!@!@ENDMSG 2110 @!@!@
@!@!@STARTMSG 2121:1 @!@!@
The behavior up to this point is:
@!@!@ENDMSG 2121 @!@!@
@!@!@STARTMSG 2217:4 @!@!@
1: <Initial predicate>
/\ seatMap = << "available",
   "available",
   "available",
   "available",
   "available",
   "available",
   "available",
   "available",
   "available",
   "available" >>
/\ internalReq = [type |-> "buy", from |-> 0, seat |-> 0, bankID |-> 0]
/\ pc = (0 :> "s1_" @@ 1 :> "InitTarget" @@ 2 :> "InitTarget" @@ 3 :> "InitTarget")
/\ reply = << [type |-> "buy", from |-> 0, seat |-> 0, bankID |-> 0],
   [type |-> "buy", from |-> 0, seat |-> 0, bankID |-> 0],
   [type |-> "buy", from |-> 0, seat |-> 0, bankID |-> 0] >>
/\ wantSeat = <<1, 1, 1>>
/\ target = <<0, 0, 0>>
/\ Tickets = <<{}, {}, {}>>
/\ id = <<1, 2, 3>>
/\ ip_ = 0
/\ ip = <<1, 2, 3>>
/\ id_ = 0
/\ Channels = (0 :> <<>> @@ 1 :> <<>> @@ 2 :> <<>> @@ 3 :> <<>>)
/\ BankAccount = (0 :> 0 @@ 1 :> 5 @@ 2 :> 5 @@ 3 :> 5)
/\ availSeats = <<{}, {}, {}>>
/\ CState = <<"idle", "idle", "idle">>

@!@!@ENDMSG 2217 @!@!@
@!@!@STARTMSG 2217:4 @!@!@
2: <s1_ line 330, col 8 to line 334, col 36 of module ticketing>
/\ seatMap = << "available",
   "available",
   "available",
   "available",
   "available",
   "available",
   "available",
   "available",
   "available",
   "available" >>
/\ internalReq = [type |-> "buy", from |-> 0, seat |-> 0, bankID |-> 0]
/\ pc = (0 :> "WW" @@ 1 :> "InitTarget" @@ 2 :> "InitTarget" @@ 3 :> "InitTarget")
/\ reply = << [type |-> "buy", from |-> 0, seat |-> 0, bankID |-> 0],
   [type |-> "buy", from |-> 0, seat |-> 0, bankID |-> 0],
   [type |-> "buy", from |-> 0, seat |-> 0, bankID |-> 0] >>
/\ wantSeat = <<1, 1, 1>>
/\ target = <<0, 0, 0>>
/\ Tickets = <<{}, {}, {}>>
/\ id = <<1, 2, 3>>
/\ ip_ = 0
/\ ip = <<1, 2, 3>>
/\ id_ = 0
/\ Channels = (0 :> <<>> @@ 1 :> <<>> @@ 2 :> <<>> @@ 3 :> <<>>)
/\ BankAccount = (0 :> 0 @@ 1 :> 5 @@ 2 :> 5 @@ 3 :> 5)
/\ availSeats = <<{}, {}, {}>>
/\ CState = <<"idle", "idle", "idle">>

@!@!@ENDMSG 2217 @!@!@
@!@!@STARTMSG 2217:4 @!@!@
3: <InitTarget line 396, col 21 to line 401, col 66 of module ticketing>
/\ seatMap = << "available",
   "available",
   "available",
   "available",
   "available",
   "available",
   "available",
   "available",
   "available",
   "available" >>
/\ internalReq = [type |-> "buy", from |-> 0, seat |-> 0, bankID |-> 0]
/\ pc = (0 :> "WW" @@ 1 :> "s1" @@ 2 :> "InitTarget" @@ 3 :> "InitTarget")
/\ reply = << [type |-> "buy", from |-> 0, seat |-> 0, bankID |-> 0],
   [type |-> "buy", from |-> 0, seat |-> 0, bankID |-> 0],
   [type |-> "buy", from |-> 0, seat |-> 0, bankID |-> 0] >>
/\ wantSeat = <<1, 1, 1>>
/\ target = <<1, 0, 0>>
/\ Tickets = <<{}, {}, {}>>
/\ id = <<1, 2, 3>>
/\ ip_ = 0
/\ ip = <<1, 2, 3>>
/\ id_ = 0
/\ Channels = (0 :> <<>> @@ 1 :> <<>> @@ 2 :> <<>> @@ 3 :> <<>>)
/\ BankAccount = (0 :> 0 @@ 1 :> 5 @@ 2 :> 5 @@ 3 :> 5)
/\ availSeats = <<{}, {}, {}>>
/\ CState = <<"idle", "idle", "idle">>

@!@!@ENDMSG 2217 @!@!@
@!@!@STARTMSG 2217:4 @!@!@
4: <s1 line 403, col 13 to line 409, col 49 of module ticketing>
/\ seatMap = << "available",
   "available",
   "available",
   "available",
   "available",
   "available",
   "available",
   "available",
   "available",
   "available" >>
/\ internalReq = [type |-> "buy", from |-> 0, seat |-> 0, bankID |-> 0]
/\ pc = (0 :> "WW" @@ 1 :> "CheckDone" @@ 2 :> "InitTarget" @@ 3 :> "InitTarget")
/\ reply = << [type |-> "buy", from |-> 0, seat |-> 0, bankID |-> 0],
   [type |-> "buy", from |-> 0, seat |-> 0, bankID |-> 0],
   [type |-> "buy", from |-> 0, seat |-> 0, bankID |-> 0] >>
/\ wantSeat = <<1, 1, 1>>
/\ target = <<1, 0, 0>>
/\ Tickets = <<{}, {}, {}>>
/\ id = <<1, 2, 3>>
/\ ip_ = 0
/\ ip = <<1, 2, 3>>
/\ id_ = 0
/\ Channels = (0 :> <<>> @@ 1 :> <<>> @@ 2 :> <<>> @@ 3 :> <<>>)
/\ BankAccount = (0 :> 0 @@ 1 :> 5 @@ 2 :> 5 @@ 3 :> 5)
/\ availSeats = <<{}, {}, {}>>
/\ CState = <<"idle", "idle", "idle">>

@!@!@ENDMSG 2217 @!@!@
@!@!@STARTMSG 2217:4 @!@!@
5: <CheckDone line 411, col 20 to line 420, col 63 of module ticketing>
/\ seatMap = << "available",
   "available",
   "available",
   "available",
   "available",
   "available",
   "available",
   "available",
   "available",
   "available" >>
/\ internalReq = [type |-> "buy", from |-> 0, seat |-> 0, bankID |-> 0]
/\ pc = (0 :> "WW" @@ 1 :> "BWaitIdle" @@ 2 :> "InitTarget" @@ 3 :> "InitTarget")
/\ reply = << [type |-> "buy", from |-> 0, seat |-> 0, bankID |-> 0],
   [type |-> "buy", from |-> 0, seat |-> 0, bankID |-> 0],
   [type |-> "buy", from |-> 0, seat |-> 0, bankID |-> 0] >>
/\ wantSeat = <<1, 1, 1>>
/\ target = <<1, 0, 0>>
/\ Tickets = <<{}, {}, {}>>
/\ id = <<1, 2, 3>>
/\ ip_ = 0
/\ ip = <<1, 2, 3>>
/\ id_ = 0
/\ Channels = (0 :> <<>> @@ 1 :> <<>> @@ 2 :> <<>> @@ 3 :> <<>>)
/\ BankAccount = (0 :> 0 @@ 1 :> 5 @@ 2 :> 5 @@ 3 :> 5)
/\ availSeats = <<{}, {}, {}>>
/\ CState = <<"idle", "idle", "idle">>

@!@!@ENDMSG 2217 @!@!@
@!@!@STARTMSG 2217:4 @!@!@
6: <BWaitIdle line 422, col 20 to line 427, col 73 of module ticketing>
/\ seatMap = << "available",
   "available",
   "available",
   "available",
   "available",
   "available",
   "available",
   "available",
   "available",
   "available" >>
/\ internalReq = [type |-> "buy", from |-> 0, seat |-> 0, bankID |-> 0]
/\ pc = (0 :> "WW" @@ 1 :> "ActionChoice" @@ 2 :> "InitTarget" @@ 3 :> "InitTarget")
/\ reply = << [type |-> "buy", from |-> 0, seat |-> 0, bankID |-> 0],
   [type |-> "buy", from |-> 0, seat |-> 0, bankID |-> 0],
   [type |-> "buy", from |-> 0, seat |-> 0, bankID |-> 0] >>
/\ wantSeat = <<1, 1, 1>>
/\ target = <<1, 0, 0>>
/\ Tickets = <<{}, {}, {}>>
/\ id = <<1, 2, 3>>
/\ ip_ = 0
/\ ip = <<1, 2, 3>>
/\ id_ = 0
/\ Channels = (0 :> <<>> @@ 1 :> <<>> @@ 2 :> <<>> @@ 3 :> <<>>)
/\ BankAccount = (0 :> 0 @@ 1 :> 5 @@ 2 :> 5 @@ 3 :> 5)
/\ availSeats = <<{}, {}, {}>>
/\ CState = <<"idle", "idle", "idle">>

@!@!@ENDMSG 2217 @!@!@
@!@!@STARTMSG 2217:4 @!@!@
7: <ActionChoice line 429, col 23 to line 434, col 76 of module ticketing>
/\ seatMap = << "available",
   "available",
   "available",
   "available",
   "available",
   "available",
   "available",
   "available",
   "available",
   "available" >>
/\ internalReq = [type |-> "buy", from |-> 0, seat |-> 0, bankID |-> 0]
/\ pc = (0 :> "WW" @@ 1 :> "BSendBuy" @@ 2 :> "InitTarget" @@ 3 :> "InitTarget")
/\ reply = << [type |-> "buy", from |-> 0, seat |-> 0, bankID |-> 0],
   [type |-> "buy", from |-> 0, seat |-> 0, bankID |-> 0],
   [type |-> "buy", from |-> 0, seat |-> 0, bankID |-> 0] >>
/\ wantSeat = <<1, 1, 1>>
/\ target = <<1, 0, 0>>
/\ Tickets = <<{}, {}, {}>>
/\ id = <<1, 2, 3>>
/\ ip_ = 0
/\ ip = <<1, 2, 3>>
/\ id_ = 0
/\ Channels = (0 :> <<>> @@ 1 :> <<>> @@ 2 :> <<>> @@ 3 :> <<>>)
/\ BankAccount = (0 :> 0 @@ 1 :> 5 @@ 2 :> 5 @@ 3 :> 5)
/\ availSeats = <<{}, {}, {}>>
/\ CState = <<"idle", "idle", "idle">>

@!@!@ENDMSG 2217 @!@!@
@!@!@STARTMSG 2217:4 @!@!@
8: <BSendBuy line 436, col 19 to line 450, col 71 of module ticketing>
/\ seatMap = << "available",
   "available",
   "available",
   "available",
   "available",
   "available",
   "available",
   "available",
   "available",
   "available" >>
/\ internalReq = [type |-> "buy", from |-> 0, seat |-> 0, bankID |-> 0]
/\ pc = (0 :> "WW" @@ 1 :> "BWaitReply" @@ 2 :> "InitTarget" @@ 3 :> "InitTarget")
/\ reply = << [type |-> "buy", from |-> 0, seat |-> 0, bankID |-> 0],
   [type |-> "buy", from |-> 0, seat |-> 0, bankID |-> 0],
   [type |-> "buy", from |-> 0, seat |-> 0, bankID |-> 0] >>
/\ wantSeat = <<1, 1, 1>>
/\ target = <<1, 0, 0>>
/\ Tickets = <<{}, {}, {}>>
/\ id = <<1, 2, 3>>
/\ ip_ = 0
/\ ip = <<1, 2, 3>>
/\ id_ = 0
/\ Channels = ( 0 :> <<[type |-> "buy", from |-> 1, seat |-> 1, bankID |-> 1]>> @@
  1 :> <<>> @@
  2 :> <<>> @@
  3 :> <<>> )
/\ BankAccount = (0 :> 0 @@ 1 :> 5 @@ 2 :> 5 @@ 3 :> 5)
/\ availSeats = <<{1, 2, 3, 4, 5, 6, 7, 8, 9, 10}, {}, {}>>
/\ CState = <<"waiting", "idle", "idle">>

@!@!@ENDMSG 2217 @!@!@
@!@!@STARTMSG 2217:4 @!@!@
9: <WW line 336, col 7 to line 341, col 35 of module ticketing>
/\ seatMap = << "available",
   "available",
   "available",
   "available",
   "available",
   "available",
   "available",
   "available",
   "available",
   "available" >>
/\ internalReq = [type |-> "buy", from |-> 0, seat |-> 0, bankID |-> 0]
/\ pc = (0 :> "GET" @@ 1 :> "BWaitReply" @@ 2 :> "InitTarget" @@ 3 :> "InitTarget")
/\ reply = << [type |-> "buy", from |-> 0, seat |-> 0, bankID |-> 0],
   [type |-> "buy", from |-> 0, seat |-> 0, bankID |-> 0],
   [type |-> "buy", from |-> 0, seat |-> 0, bankID |-> 0] >>
/\ wantSeat = <<1, 1, 1>>
/\ target = <<1, 0, 0>>
/\ Tickets = <<{}, {}, {}>>
/\ id = <<1, 2, 3>>
/\ ip_ = 0
/\ ip = <<1, 2, 3>>
/\ id_ = 0
/\ Channels = ( 0 :> <<[type |-> "buy", from |-> 1, seat |-> 1, bankID |-> 1]>> @@
  1 :> <<>> @@
  2 :> <<>> @@
  3 :> <<>> )
/\ BankAccount = (0 :> 0 @@ 1 :> 5 @@ 2 :> 5 @@ 3 :> 5)
/\ availSeats = <<{1, 2, 3, 4, 5, 6, 7, 8, 9, 10}, {}, {}>>
/\ CState = <<"waiting", "idle", "idle">>

@!@!@ENDMSG 2217 @!@!@
@!@!@STARTMSG 2217:4 @!@!@
10: <GET line 343, col 8 to line 348, col 61 of module ticketing>
/\ seatMap = << "available",
   "available",
   "available",
   "available",
   "available",
   "available",
   "available",
   "available",
   "available",
   "available" >>
/\ internalReq = [type |-> "buy", from |-> 1, seat |-> 1, bankID |-> 1]
/\ pc = (0 :> "TREAT" @@ 1 :> "BWaitReply" @@ 2 :> "InitTarget" @@ 3 :> "InitTarget")
/\ reply = << [type |-> "buy", from |-> 0, seat |-> 0, bankID |-> 0],
   [type |-> "buy", from |-> 0, seat |-> 0, bankID |-> 0],
   [type |-> "buy", from |-> 0, seat |-> 0, bankID |-> 0] >>
/\ wantSeat = <<1, 1, 1>>
/\ target = <<1, 0, 0>>
/\ Tickets = <<{}, {}, {}>>
/\ id = <<1, 2, 3>>
/\ ip_ = 0
/\ ip = <<1, 2, 3>>
/\ id_ = 0
/\ Channels = (0 :> <<>> @@ 1 :> <<>> @@ 2 :> <<>> @@ 3 :> <<>>)
/\ BankAccount = (0 :> 0 @@ 1 :> 5 @@ 2 :> 5 @@ 3 :> 5)
/\ availSeats = <<{1, 2, 3, 4, 5, 6, 7, 8, 9, 10}, {}, {}>>
/\ CState = <<"waiting", "idle", "idle">>

@!@!@ENDMSG 2217 @!@!@
@!@!@STARTMSG 2217:4 @!@!@
11: <TREAT line 350, col 10 to line 392, col 53 of module ticketing>
/\ seatMap = << "paid",
   "available",
   "available",
   "available",
   "available",
   "available",
   "available",
   "available",
   "available",
   "available" >>
/\ internalReq = [type |-> "buy", from |-> 1, seat |-> 1, bankID |-> 1]
/\ pc = (0 :> "s1_" @@ 1 :> "BWaitReply" @@ 2 :> "InitTarget" @@ 3 :> "InitTarget")
/\ reply = << [type |-> "buy", from |-> 0, seat |-> 0, bankID |-> 0],
   [type |-> "buy", from |-> 0, seat |-> 0, bankID |-> 0],
   [type |-> "buy", from |-> 0, seat |-> 0, bankID |-> 0] >>
/\ wantSeat = <<1, 1, 1>>
/\ target = <<1, 0, 0>>
/\ Tickets = <<{1}, {}, {}>>
/\ id = <<1, 2, 3>>
/\ ip_ = 0
/\ ip = <<1, 2, 3>>
/\ id_ = 0
/\ Channels = ( 0 :> <<>> @@
  1 :> <<[type |-> "confirm", from |-> 0, seat |-> 1, bankID |-> -2]>> @@
  2 :> <<>> @@
  3 :> <<>> )
/\ BankAccount = (0 :> 1 @@ 1 :> 4 @@ 2 :> 5 @@ 3 :> 5)
/\ availSeats = <<{1, 2, 3, 4, 5, 6, 7, 8, 9, 10}, {}, {}>>
/\ CState = <<"waiting", "idle", "idle">>

@!@!@ENDMSG 2217 @!@!@
@!@!@STARTMSG 2217:4 @!@!@
12: <BWaitReply line 473, col 21 to line 478, col 74 of module ticketing>
/\ seatMap = << "paid",
   "available",
   "available",
   "available",
   "available",
   "available",
   "available",
   "available",
   "available",
   "available" >>
/\ internalReq = [type |-> "buy", from |-> 1, seat |-> 1, bankID |-> 1]
/\ pc = (0 :> "s1_" @@ 1 :> "BProcessing" @@ 2 :> "InitTarget" @@ 3 :> "InitTarget")
/\ reply = << [type |-> "buy", from |-> 0, seat |-> 0, bankID |-> 0],
   [type |-> "buy", from |-> 0, seat |-> 0, bankID |-> 0],
   [type |-> "buy", from |-> 0, seat |-> 0, bankID |-> 0] >>
/\ wantSeat = <<1, 1, 1>>
/\ target = <<1, 0, 0>>
/\ Tickets = <<{1}, {}, {}>>
/\ id = <<1, 2, 3>>
/\ ip_ = 0
/\ ip = <<1, 2, 3>>
/\ id_ = 0
/\ Channels = ( 0 :> <<>> @@
  1 :> <<[type |-> "confirm", from |-> 0, seat |-> 1, bankID |-> -2]>> @@
  2 :> <<>> @@
  3 :> <<>> )
/\ BankAccount = (0 :> 1 @@ 1 :> 4 @@ 2 :> 5 @@ 3 :> 5)
/\ availSeats = <<{1, 2, 3, 4, 5, 6, 7, 8, 9, 10}, {}, {}>>
/\ CState = <<"waiting", "idle", "idle">>

@!@!@ENDMSG 2217 @!@!@
@!@!@STARTMSG 2217:4 @!@!@
13: <BProcessing line 480, col 22 to line 486, col 58 of module ticketing>
/\ seatMap = << "paid",
   "available",
   "available",
   "available",
   "available",
   "available",
   "available",
   "available",
   "available",
   "available" >>
/\ internalReq = [type |-> "buy", from |-> 1, seat |-> 1, bankID |-> 1]
/\ pc = (0 :> "s1_" @@ 1 :> "BUpdate" @@ 2 :> "InitTarget" @@ 3 :> "InitTarget")
/\ reply = << [type |-> "confirm", from |-> 0, seat |-> 1, bankID |-> -2],
   [type |-> "buy", from |-> 0, seat |-> 0, bankID |-> 0],
   [type |-> "buy", from |-> 0, seat |-> 0, bankID |-> 0] >>
/\ wantSeat = <<1, 1, 1>>
/\ target = <<1, 0, 0>>
/\ Tickets = <<{1}, {}, {}>>
/\ id = <<1, 2, 3>>
/\ ip_ = 0
/\ ip = <<1, 2, 3>>
/\ id_ = 0
/\ Channels = (0 :> <<>> @@ 1 :> <<>> @@ 2 :> <<>> @@ 3 :> <<>>)
/\ BankAccount = (0 :> 1 @@ 1 :> 4 @@ 2 :> 5 @@ 3 :> 5)
/\ availSeats = <<{1, 2, 3, 4, 5, 6, 7, 8, 9, 10}, {}, {}>>
/\ CState = <<"waiting", "idle", "idle">>

@!@!@ENDMSG 2217 @!@!@
@!@!@STARTMSG 2217:4 @!@!@
14: <BUpdate line 488, col 18 to line 500, col 46 of module ticketing>
/\ seatMap = << "paid",
   "available",
   "available",
   "available",
   "available",
   "available",
   "available",
   "available",
   "available",
   "available" >>
/\ internalReq = [type |-> "buy", from |-> 1, seat |-> 1, bankID |-> 1]
/\ pc = (0 :> "s1_" @@ 1 :> "s1" @@ 2 :> "InitTarget" @@ 3 :> "InitTarget")
/\ reply = << [type |-> "confirm", from |-> 0, seat |-> 1, bankID |-> -2],
   [type |-> "buy", from |-> 0, seat |-> 0, bankID |-> 0],
   [type |-> "buy", from |-> 0, seat |-> 0, bankID |-> 0] >>
/\ wantSeat = <<1, 1, 1>>
/\ target = <<1, 0, 0>>
/\ Tickets = <<{}, {}, {}>>
/\ id = <<1, 2, 3>>
/\ ip_ = 0
/\ ip = <<1, 2, 3>>
/\ id_ = 0
/\ Channels = (0 :> <<>> @@ 1 :> <<>> @@ 2 :> <<>> @@ 3 :> <<>>)
/\ BankAccount = (0 :> 1 @@ 1 :> 4 @@ 2 :> 5 @@ 3 :> 5)
/\ availSeats = <<{1, 2, 3, 4, 5, 6, 7, 8, 9, 10}, {}, {}>>
/\ CState = <<"idle", "idle", "idle">>

@!@!@ENDMSG 2217 @!@!@
@!@!@STARTMSG 2201:0 @!@!@
The coverage statistics at 2026-02-04 18:00:55
@!@!@ENDMSG 2201 @!@!@
@!@!@STARTMSG 2773:0 @!@!@
<Init line 310, col 1 to line 310, col 4 of module ticketing>: 2:2
@!@!@ENDMSG 2773 @!@!@
@!@!@STARTMSG 2221:0 @!@!@
  line 311, col 9 to line 328, col 78 of module ticketing: 2
@!@!@ENDMSG 2221 @!@!@
@!@!@STARTMSG 2772:0 @!@!@
<s1_ line 330, col 1 to line 330, col 3 of module ticketing>: 7:367
@!@!@ENDMSG 2772 @!@!@
@!@!@STARTMSG 2221:0 @!@!@
  line 330, col 11 to line 330, col 23 of module ticketing: 1097
@!@!@ENDMSG 2221 @!@!@
@!@!@STARTMSG 2221:0 @!@!@
  |line 330, col 11 to line 330, col 15 of module ticketing: 730
@!@!@ENDMSG 2221 @!@!@
@!@!@STARTMSG 2221:0 @!@!@
  line 331, col 11 to line 331, col 39 of module ticketing: 367
@!@!@ENDMSG 2221 @!@!@
@!@!@STARTMSG 2221:0 @!@!@
  line 332, col 11 to line 334, col 36 of module ticketing: 367
@!@!@ENDMSG 2221 @!@!@
@!@!@STARTMSG 2772:0 @!@!@
<WW line 336, col 1 to line 336, col 2 of module ticketing>: 24:46
@!@!@ENDMSG 2772 @!@!@
@!@!@STARTMSG 2221:0 @!@!@
  line 336, col 10 to line 336, col 21 of module ticketing: 775
@!@!@ENDMSG 2221 @!@!@
@!@!@STARTMSG 2221:0 @!@!@
  |line 336, col 10 to line 336, col 14 of module ticketing: 729
@!@!@ENDMSG 2221 @!@!@
@!@!@STARTMSG 2221:0 @!@!@
  line 337, col 10 to line 337, col 29 of module ticketing: 46
@!@!@ENDMSG 2221 @!@!@
@!@!@STARTMSG 2221:0 @!@!@
  |line 337, col 10 to line 337, col 25 of module ticketing: 306
@!@!@ENDMSG 2221 @!@!@
@!@!@STARTMSG 2221:0 @!@!@
  line 338, col 10 to line 338, col 39 of module ticketing: 46
@!@!@ENDMSG 2221 @!@!@
@!@!@STARTMSG 2221:0 @!@!@
  line 339, col 10 to line 341, col 35 of module ticketing: 46
@!@!@ENDMSG 2221 @!@!@
@!@!@STARTMSG 2772:0 @!@!@
<GET line 343, col 1 to line 343, col 3 of module ticketing>: 16:34
@!@!@ENDMSG 2772 @!@!@
@!@!@STARTMSG 2221:0 @!@!@
  line 343, col 11 to line 343, col 23 of module ticketing: 762
@!@!@ENDMSG 2221 @!@!@
@!@!@STARTMSG 2221:0 @!@!@
  |line 343, col 11 to line 343, col 15 of module ticketing: 728
@!@!@ENDMSG 2221 @!@!@
@!@!@STARTMSG 2221:0 @!@!@
  line 344, col 11 to line 344, col 42 of module ticketing: 34
@!@!@ENDMSG 2221 @!@!@
@!@!@STARTMSG 2221:0 @!@!@
  line 345, col 11 to line 345, col 66 of module ticketing: 34
@!@!@ENDMSG 2221 @!@!@
@!@!@STARTMSG 2221:0 @!@!@
  line 346, col 11 to line 346, col 42 of module ticketing: 34
@!@!@ENDMSG 2221 @!@!@
@!@!@STARTMSG 2221:0 @!@!@
  line 347, col 11 to line 348, col 61 of module ticketing: 34
@!@!@ENDMSG 2221 @!@!@
@!@!@STARTMSG 2772:0 @!@!@
<TREAT line 350, col 1 to line 350, col 5 of module ticketing>: 11:23
@!@!@ENDMSG 2772 @!@!@
@!@!@STARTMSG 2221:0 @!@!@
  line 350, col 13 to line 350, col 27 of module ticketing: 750
@!@!@ENDMSG 2221 @!@!@
@!@!@STARTMSG 2221:0 @!@!@
  |line 350, col 13 to line 350, col 17 of module ticketing: 727
@!@!@ENDMSG 2221 @!@!@
@!@!@STARTMSG 2221:0 @!@!@
  line 351, col 16 to line 351, col 39 of module ticketing: 23
@!@!@ENDMSG 2221 @!@!@
@!@!@STARTMSG 2221:0 @!@!@
  line 352, col 27 to line 353, col 64 of module ticketing: 23
@!@!@ENDMSG 2221 @!@!@
@!@!@STARTMSG 2221:0 @!@!@
  line 354, col 32 to line 363, col 109 of module ticketing: 23
@!@!@ENDMSG 2221 @!@!@
@!@!@STARTMSG 2221:0 @!@!@
  line 364, col 35 to line 368, col 109 of module ticketing: 0
@!@!@ENDMSG 2221 @!@!@
@!@!@STARTMSG 2221:0 @!@!@
  line 369, col 35 to line 369, col 79 of module ticketing: 0
@!@!@ENDMSG 2221 @!@!@
@!@!@STARTMSG 2221:0 @!@!@
  line 372, col 46 to line 372, col 106 of module ticketing: 0
@!@!@ENDMSG 2221 @!@!@
@!@!@STARTMSG 2221:0 @!@!@
  line 373, col 46 to line 375, col 76 of module ticketing: 0
@!@!@ENDMSG 2221 @!@!@
@!@!@STARTMSG 2221:0 @!@!@
  line 376, col 46 to line 380, col 113 of module ticketing: 0
@!@!@ENDMSG 2221 @!@!@
@!@!@STARTMSG 2221:0 @!@!@
  line 381, col 46 to line 385, col 113 of module ticketing: 0
@!@!@ENDMSG 2221 @!@!@
@!@!@STARTMSG 2221:0 @!@!@
  line 386, col 46 to line 386, col 81 of module ticketing: 0
@!@!@ENDMSG 2221 @!@!@
@!@!@STARTMSG 2221:0 @!@!@
  line 388, col 35 to line 388, col 80 of module ticketing: 0
@!@!@ENDMSG 2221 @!@!@
@!@!@STARTMSG 2221:0 @!@!@
  line 389, col 24 to line 389, col 40 of module ticketing: 0
@!@!@ENDMSG 2221 @!@!@
@!@!@STARTMSG 2221:0 @!@!@
  line 390, col 13 to line 390, col 42 of module ticketing: 23
@!@!@ENDMSG 2221 @!@!@
@!@!@STARTMSG 2221:0 @!@!@
  line 391, col 13 to line 392, col 53 of module ticketing: 23
@!@!@ENDMSG 2221 @!@!@
@!@!@STARTMSG 2772:0 @!@!@
<InitTarget line 396, col 1 to line 396, col 16 of module ticketing>: 146:443
@!@!@ENDMSG 2772 @!@!@
@!@!@STARTMSG 2221:0 @!@!@
  line 396, col 24 to line 396, col 46 of module ticketing: 2601
@!@!@ENDMSG 2221 @!@!@
@!@!@STARTMSG 2221:0 @!@!@
  |line 396, col 24 to line 396, col 31 of module ticketing: 2158
@!@!@ENDMSG 2221 @!@!@
@!@!@STARTMSG 2221:0 @!@!@
  line 397, col 24 to line 397, col 107 of module ticketing: 443
@!@!@ENDMSG 2221 @!@!@
@!@!@STARTMSG 2221:0 @!@!@
  line 398, col 24 to line 398, col 55 of module ticketing: 443
@!@!@ENDMSG 2221 @!@!@
@!@!@STARTMSG 2221:0 @!@!@
  line 399, col 24 to line 401, col 66 of module ticketing: 443
@!@!@ENDMSG 2221 @!@!@
@!@!@STARTMSG 2772:0 @!@!@
<s1 line 403, col 1 to line 403, col 8 of module ticketing>: 153:382
@!@!@ENDMSG 2772 @!@!@
@!@!@STARTMSG 2221:0 @!@!@
  line 403, col 16 to line 403, col 30 of module ticketing: 2539
@!@!@ENDMSG 2221 @!@!@
@!@!@STARTMSG 2221:0 @!@!@
  |line 403, col 16 to line 403, col 23 of module ticketing: 2157
@!@!@ENDMSG 2221 @!@!@
@!@!@STARTMSG 2221:0 @!@!@
  line 404, col 19 to line 404, col 39 of module ticketing: 382
@!@!@ENDMSG 2221 @!@!@
@!@!@STARTMSG 2221:0 @!@!@
  line 405, col 24 to line 405, col 65 of module ticketing: 382
@!@!@ENDMSG 2221 @!@!@
@!@!@STARTMSG 2221:0 @!@!@
  line 406, col 27 to line 406, col 61 of module ticketing: 0
@!@!@ENDMSG 2221 @!@!@
@!@!@STARTMSG 2221:0 @!@!@
  line 407, col 16 to line 409, col 49 of module ticketing: 382
@!@!@ENDMSG 2221 @!@!@
@!@!@STARTMSG 2772:0 @!@!@
<CheckDone line 411, col 1 to line 411, col 15 of module ticketing>: 130:325
@!@!@ENDMSG 2772 @!@!@
@!@!@STARTMSG 2221:0 @!@!@
  line 411, col 23 to line 411, col 44 of module ticketing: 2481
@!@!@ENDMSG 2221 @!@!@
@!@!@STARTMSG 2221:0 @!@!@
  |line 411, col 23 to line 411, col 30 of module ticketing: 2156
@!@!@ENDMSG 2221 @!@!@
@!@!@STARTMSG 2221:0 @!@!@
  line 412, col 26 to line 413, col 66 of module ticketing: 325
@!@!@ENDMSG 2221 @!@!@
@!@!@STARTMSG 2221:0 @!@!@
  |line 412, col 26 to line 412, col 67 of module ticketing: 325
@!@!@ENDMSG 2221 @!@!@
@!@!@STARTMSG 2221:0 @!@!@
  |line 413, col 30 to line 413, col 65 of module ticketing: 325
@!@!@ENDMSG 2221 @!@!@
@!@!@STARTMSG 2221:0 @!@!@
  ||line 413, col 47 to line 413, col 65 of module ticketing: 327
@!@!@ENDMSG 2221 @!@!@
@!@!@STARTMSG 2221:0 @!@!@
  ||line 413, col 39 to line 413, col 43 of module ticketing: 325
@!@!@ENDMSG 2221 @!@!@
@!@!@STARTMSG 2221:0 @!@!@
  line 414, col 34 to line 414, col 75 of module ticketing: 0
@!@!@ENDMSG 2221 @!@!@
@!@!@STARTMSG 2221:0 @!@!@
  line 415, col 34 to line 415, col 65 of module ticketing: 0
@!@!@ENDMSG 2221 @!@!@
@!@!@STARTMSG 2221:0 @!@!@
  line 416, col 34 to line 416, col 72 of module ticketing: 325
@!@!@ENDMSG 2221 @!@!@
@!@!@STARTMSG 2221:0 @!@!@
  line 417, col 34 to line 417, col 49 of module ticketing: 325
@!@!@ENDMSG 2221 @!@!@
@!@!@STARTMSG 2221:0 @!@!@
  line 418, col 23 to line 420, col 63 of module ticketing: 325
@!@!@ENDMSG 2221 @!@!@
@!@!@STARTMSG 2772:0 @!@!@
<BWaitIdle line 422, col 1 to line 422, col 15 of module ticketing>: 114:271
@!@!@ENDMSG 2772 @!@!@
@!@!@STARTMSG 2221:0 @!@!@
  line 422, col 23 to line 422, col 44 of module ticketing: 2426
@!@!@ENDMSG 2221 @!@!@
@!@!@STARTMSG 2221:0 @!@!@
  |line 422, col 23 to line 422, col 30 of module ticketing: 2155
@!@!@ENDMSG 2221 @!@!@
@!@!@STARTMSG 2221:0 @!@!@
  line 423, col 24 to line 423, col 44 of module ticketing: 542
@!@!@ENDMSG 2221 @!@!@
@!@!@STARTMSG 2221:0 @!@!@
  |line 423, col 24 to line 423, col 35 of module ticketing: 271
@!@!@ENDMSG 2221 @!@!@
@!@!@STARTMSG 2221:0 @!@!@
  line 424, col 23 to line 424, col 64 of module ticketing: 271
@!@!@ENDMSG 2221 @!@!@
@!@!@STARTMSG 2221:0 @!@!@
  line 425, col 23 to line 427, col 73 of module ticketing: 271
@!@!@ENDMSG 2221 @!@!@
@!@!@STARTMSG 2772:0 @!@!@
<ActionChoice line 429, col 1 to line 429, col 18 of module ticketing>: 194:436
@!@!@ENDMSG 2772 @!@!@
@!@!@STARTMSG 2221:0 @!@!@
  line 429, col 26 to line 429, col 50 of module ticketing: 2372
@!@!@ENDMSG 2221 @!@!@
@!@!@STARTMSG 2221:0 @!@!@
  |line 429, col 26 to line 429, col 33 of module ticketing: 2154
@!@!@ENDMSG 2221 @!@!@
@!@!@STARTMSG 2221:0 @!@!@
  line 430, col 26 to line 431, col 72 of module ticketing: 218
@!@!@ENDMSG 2221 @!@!@
@!@!@STARTMSG 2221:0 @!@!@
  line 432, col 26 to line 434, col 76 of module ticketing: 436
@!@!@ENDMSG 2221 @!@!@
@!@!@STARTMSG 2772:0 @!@!@
<BSendBuy line 436, col 1 to line 436, col 14 of module ticketing>: 78:164
@!@!@ENDMSG 2772 @!@!@
@!@!@STARTMSG 2221:0 @!@!@
  line 436, col 22 to line 436, col 42 of module ticketing: 2317
@!@!@ENDMSG 2221 @!@!@
@!@!@STARTMSG 2221:0 @!@!@
  |line 436, col 22 to line 436, col 29 of module ticketing: 2153
@!@!@ENDMSG 2221 @!@!@
@!@!@STARTMSG 2221:0 @!@!@
  line 437, col 22 to line 437, col 66 of module ticketing: 164
@!@!@ENDMSG 2221 @!@!@
@!@!@STARTMSG 2221:0 @!@!@
  line 438, col 22 to line 438, col 105 of module ticketing: 164
@!@!@ENDMSG 2221 @!@!@
@!@!@STARTMSG 2221:0 @!@!@
  |line 438, col 36 to line 438, col 105 of module ticketing: 164
@!@!@ENDMSG 2221 @!@!@
@!@!@STARTMSG 2221:0 @!@!@
  ||line 438, col 37 to line 438, col 46 of module ticketing: 164
@!@!@ENDMSG 2221 @!@!@
@!@!@STARTMSG 2221:0 @!@!@
  ||line 438, col 55 to line 438, col 104 of module ticketing: 164
@!@!@ENDMSG 2221 @!@!@
@!@!@STARTMSG 2775:0 @!@!@
  ||line 438, col 65 to line 438, col 104 of module ticketing: 164:327
@!@!@ENDMSG 2775 @!@!@
@!@!@STARTMSG 2221:0 @!@!@
  |||line 438, col 80 to line 438, col 103 of module ticketing: 1640
@!@!@ENDMSG 2221 @!@!@
@!@!@STARTMSG 2221:0 @!@!@
  |||line 438, col 72 to line 438, col 76 of module ticketing: 164
@!@!@ENDMSG 2221 @!@!@
@!@!@STARTMSG 2221:0 @!@!@
  line 439, col 25 to line 439, col 46 of module ticketing: 164
@!@!@ENDMSG 2221 @!@!@
@!@!@STARTMSG 2221:0 @!@!@
  line 440, col 30 to line 446, col 72 of module ticketing: 164
@!@!@ENDMSG 2221 @!@!@
@!@!@STARTMSG 2221:0 @!@!@
  line 447, col 33 to line 447, col 70 of module ticketing: 0
@!@!@ENDMSG 2221 @!@!@
@!@!@STARTMSG 2221:0 @!@!@
  line 448, col 33 to line 448, col 66 of module ticketing: 0
@!@!@ENDMSG 2221 @!@!@
@!@!@STARTMSG 2221:0 @!@!@
  line 449, col 22 to line 450, col 71 of module ticketing: 164
@!@!@ENDMSG 2221 @!@!@
@!@!@STARTMSG 2772:0 @!@!@
<BNoSeats line 452, col 1 to line 452, col 14 of module ticketing>: 0:0
@!@!@ENDMSG 2772 @!@!@
@!@!@STARTMSG 2221:0 @!@!@
  line 452, col 22 to line 452, col 42 of module ticketing: 2152
@!@!@ENDMSG 2221 @!@!@
@!@!@STARTMSG 2221:0 @!@!@
  line 453, col 22 to line 453, col 63 of module ticketing: 0
@!@!@ENDMSG 2221 @!@!@
@!@!@STARTMSG 2221:0 @!@!@
  line 454, col 22 to line 454, col 60 of module ticketing: 0
@!@!@ENDMSG 2221 @!@!@
@!@!@STARTMSG 2221:0 @!@!@
  line 455, col 22 to line 457, col 55 of module ticketing: 0
@!@!@ENDMSG 2221 @!@!@
@!@!@STARTMSG 2772:0 @!@!@
<BSendCancel line 459, col 1 to line 459, col 17 of module ticketing>: 0:0
@!@!@ENDMSG 2772 @!@!@
@!@!@STARTMSG 2221:0 @!@!@
  line 459, col 25 to line 459, col 48 of module ticketing: 2152
@!@!@ENDMSG 2221 @!@!@
@!@!@STARTMSG 2221:0 @!@!@
  line 460, col 25 to line 460, col 42 of module ticketing: 163
@!@!@ENDMSG 2221 @!@!@
@!@!@STARTMSG 2221:0 @!@!@
  line 461, col 25 to line 461, col 69 of module ticketing: 0
@!@!@ENDMSG 2221 @!@!@
@!@!@STARTMSG 2221:0 @!@!@
  line 462, col 25 to line 462, col 97 of module ticketing: 0
@!@!@ENDMSG 2221 @!@!@
@!@!@STARTMSG 2221:0 @!@!@
  line 463, col 25 to line 467, col 89 of module ticketing: 0
@!@!@ENDMSG 2221 @!@!@
@!@!@STARTMSG 2221:0 @!@!@
  line 468, col 25 to line 468, col 64 of module ticketing: 0
@!@!@ENDMSG 2221 @!@!@
@!@!@STARTMSG 2221:0 @!@!@
  line 469, col 25 to line 471, col 50 of module ticketing: 0
@!@!@ENDMSG 2221 @!@!@
@!@!@STARTMSG 2772:0 @!@!@
<BWaitReply line 473, col 1 to line 473, col 16 of module ticketing>: 10:18
@!@!@ENDMSG 2772 @!@!@
@!@!@STARTMSG 2221:0 @!@!@
  line 473, col 24 to line 473, col 46 of module ticketing: 2170
@!@!@ENDMSG 2221 @!@!@
@!@!@STARTMSG 2221:0 @!@!@
  |line 473, col 24 to line 473, col 31 of module ticketing: 2152
@!@!@ENDMSG 2221 @!@!@
@!@!@STARTMSG 2221:0 @!@!@
  line 474, col 25 to line 474, col 51 of module ticketing: 18
@!@!@ENDMSG 2221 @!@!@
@!@!@STARTMSG 2221:0 @!@!@
  |line 474, col 25 to line 474, col 47 of module ticketing: 183
@!@!@ENDMSG 2221 @!@!@
@!@!@STARTMSG 2221:0 @!@!@
  line 475, col 24 to line 475, col 64 of module ticketing: 18
@!@!@ENDMSG 2221 @!@!@
@!@!@STARTMSG 2221:0 @!@!@
  line 476, col 24 to line 478, col 74 of module ticketing: 18
@!@!@ENDMSG 2221 @!@!@
@!@!@STARTMSG 2772:0 @!@!@
<BProcessing line 480, col 1 to line 480, col 17 of module ticketing>: 6:7
@!@!@ENDMSG 2772 @!@!@
@!@!@STARTMSG 2221:0 @!@!@
  line 480, col 25 to line 480, col 48 of module ticketing: 2158
@!@!@ENDMSG 2221 @!@!@
@!@!@STARTMSG 2221:0 @!@!@
  |line 480, col 25 to line 480, col 32 of module ticketing: 2151
@!@!@ENDMSG 2221 @!@!@
@!@!@STARTMSG 2221:0 @!@!@
  line 481, col 25 to line 481, col 82 of module ticketing: 7
@!@!@ENDMSG 2221 @!@!@
@!@!@STARTMSG 2221:0 @!@!@
  line 482, col 25 to line 482, col 92 of module ticketing: 7
@!@!@ENDMSG 2221 @!@!@
@!@!@STARTMSG 2221:0 @!@!@
  line 483, col 25 to line 483, col 61 of module ticketing: 7
@!@!@ENDMSG 2221 @!@!@
@!@!@STARTMSG 2221:0 @!@!@
  line 484, col 25 to line 486, col 58 of module ticketing: 7
@!@!@ENDMSG 2221 @!@!@
@!@!@STARTMSG 2772:0 @!@!@
<BUpdate line 488, col 1 to line 488, col 13 of module ticketing>: 1:2
@!@!@ENDMSG 2772 @!@!@
@!@!@STARTMSG 2221:0 @!@!@
  line 488, col 21 to line 488, col 40 of module ticketing: 2151
@!@!@ENDMSG 2221 @!@!@
@!@!@STARTMSG 2221:0 @!@!@
  |line 488, col 21 to line 488, col 28 of module ticketing: 2150
@!@!@ENDMSG 2221 @!@!@
@!@!@STARTMSG 2221:0 @!@!@
  line 489, col 24 to line 489, col 51 of module ticketing: 2
@!@!@ENDMSG 2221 @!@!@
@!@!@STARTMSG 2221:0 @!@!@
  line 490, col 35 to line 490, col 68 of module ticketing: 2
@!@!@ENDMSG 2221 @!@!@
@!@!@STARTMSG 2221:0 @!@!@
  line 491, col 43 to line 491, col 114 of module ticketing: 1
@!@!@ENDMSG 2221 @!@!@
@!@!@STARTMSG 2221:0 @!@!@
  |line 491, col 54 to line 491, col 114 of module ticketing: 2
@!@!@ENDMSG 2221 @!@!@
@!@!@STARTMSG 2221:0 @!@!@
  line 493, col 43 to line 493, col 59 of module ticketing: 0
@!@!@ENDMSG 2221 @!@!@
@!@!@STARTMSG 2221:0 @!@!@
  line 495, col 32 to line 495, col 48 of module ticketing: 0
@!@!@ENDMSG 2221 @!@!@
@!@!@STARTMSG 2221:0 @!@!@
  line 496, col 21 to line 496, col 62 of module ticketing: 1
@!@!@ENDMSG 2221 @!@!@
@!@!@STARTMSG 2221:0 @!@!@
  |line 496, col 31 to line 496, col 62 of module ticketing: 2
@!@!@ENDMSG 2221 @!@!@
@!@!@STARTMSG 2221:0 @!@!@
  line 497, col 21 to line 497, col 52 of module ticketing: 1
@!@!@ENDMSG 2221 @!@!@
@!@!@STARTMSG 2221:0 @!@!@
  |line 497, col 27 to line 497, col 52 of module ticketing: 2
@!@!@ENDMSG 2221 @!@!@
@!@!@STARTMSG 2221:0 @!@!@
  line 498, col 21 to line 500, col 46 of module ticketing: 1
@!@!@ENDMSG 2221 @!@!@
@!@!@STARTMSG 2772:0 @!@!@
<Done_ line 502, col 1 to line 502, col 11 of module ticketing>: 0:0
@!@!@ENDMSG 2772 @!@!@
@!@!@STARTMSG 2221:0 @!@!@
  line 502, col 19 to line 502, col 36 of module ticketing: 2148
@!@!@ENDMSG 2221 @!@!@
@!@!@STARTMSG 2221:0 @!@!@
  line 504, col 19 to line 504, col 53 of module ticketing: 0
@!@!@ENDMSG 2221 @!@!@
@!@!@STARTMSG 2221:0 @!@!@
  line 505, col 19 to line 507, col 52 of module ticketing: 0
@!@!@ENDMSG 2221 @!@!@
@!@!@STARTMSG 2774:0 @!@!@
<TypeOK line 272, col 1 to line 272, col 6 of module ticketing>
@!@!@ENDMSG 2774 @!@!@
@!@!@STARTMSG 2221:0 @!@!@
  line 273, col 3 to line 277, col 56 of module ticketing: 891
@!@!@ENDMSG 2221 @!@!@
@!@!@STARTMSG 2774:0 @!@!@
<MoneyTicketsInv line 279, col 1 to line 279, col 15 of module ticketing>
@!@!@ENDMSG 2774 @!@!@
@!@!@STARTMSG 2221:0 @!@!@
  line 280, col 3 to line 281, col 56 of module ticketing: 891
@!@!@ENDMSG 2221 @!@!@
@!@!@STARTMSG 2221:0 @!@!@
  |line 281, col 5 to line 281, col 56 of module ticketing: 2671
@!@!@ENDMSG 2221 @!@!@
@!@!@STARTMSG 2221:0 @!@!@
  |line 280, col 12 to line 280, col 20 of module ticketing: 891
@!@!@ENDMSG 2221 @!@!@
@!@!@STARTMSG 2774:0 @!@!@
<TicketsPaidInv line 284, col 1 to line 284, col 14 of module ticketing>
@!@!@ENDMSG 2774 @!@!@
@!@!@STARTMSG 2221:0 @!@!@
  line 285, col 3 to line 286, col 45 of module ticketing: 890
@!@!@ENDMSG 2221 @!@!@
@!@!@STARTMSG 2221:0 @!@!@
  |line 286, col 5 to line 286, col 45 of module ticketing: 2670
@!@!@ENDMSG 2221 @!@!@
@!@!@STARTMSG 2221:0 @!@!@
  ||line 286, col 27 to line 286, col 45 of module ticketing: 57
@!@!@ENDMSG 2221 @!@!@
@!@!@STARTMSG 2221:0 @!@!@
  ||line 286, col 14 to line 286, col 23 of module ticketing: 2670
@!@!@ENDMSG 2221 @!@!@
@!@!@STARTMSG 2221:0 @!@!@
  |line 285, col 12 to line 285, col 20 of module ticketing: 890
@!@!@ENDMSG 2221 @!@!@
@!@!@STARTMSG 2774:0 @!@!@
<NoDoubleSell line 289, col 1 to line 289, col 12 of module ticketing>
@!@!@ENDMSG 2774 @!@!@
@!@!@STARTMSG 2221:0 @!@!@
  line 290, col 3 to line 291, col 58 of module ticketing: 890
@!@!@ENDMSG 2221 @!@!@
@!@!@STARTMSG 2221:0 @!@!@
  |line 291, col 5 to line 291, col 58 of module ticketing: 8900
@!@!@ENDMSG 2221 @!@!@
@!@!@STARTMSG 2221:0 @!@!@
  ||line 291, col 5 to line 291, col 53 of module ticketing: 8900
@!@!@ENDMSG 2221 @!@!@
@!@!@STARTMSG 2221:0 @!@!@
  |||line 291, col 17 to line 291, col 52 of module ticketing: 8900
@!@!@ENDMSG 2221 @!@!@
@!@!@STARTMSG 2221:0 @!@!@
  ||||line 291, col 36 to line 291, col 51 of module ticketing: 26700
@!@!@ENDMSG 2221 @!@!@
@!@!@STARTMSG 2221:0 @!@!@
  ||||line 291, col 24 to line 291, col 32 of module ticketing: 8900
@!@!@ENDMSG 2221 @!@!@
@!@!@STARTMSG 2221:0 @!@!@
  |line 290, col 12 to line 290, col 16 of module ticketing: 890
@!@!@ENDMSG 2221 @!@!@
@!@!@STARTMSG 2202:0 @!@!@
End of statistics.
@!@!@ENDMSG 2202 @!@!@
@!@!@STARTMSG 2200:0 @!@!@
Progress(14) at 2026-02-04 18:00:55: 2,499 states generated (24,588 s/min), 891 distinct states found (8,766 ds/min), 174 states left on queue.
@!@!@ENDMSG 2200 @!@!@
@!@!@STARTMSG 2199:0 @!@!@
2499 states generated, 891 distinct states found, 174 states left on queue.
@!@!@ENDMSG 2199 @!@!@
@!@!@STARTMSG 2194:0 @!@!@
The depth of the complete state graph search is 14.
@!@!@ENDMSG 2194 @!@!@
@!@!@STARTMSG 2268:0 @!@!@
The average outdegree of the complete state graph is 1 (minimum is 0, the maximum 4 and the 95th percentile is 3).
@!@!@ENDMSG 2268 @!@!@
@!@!@STARTMSG 2186:0 @!@!@
Finished in 6111ms at (2026-02-04 18:00:55)
@!@!@ENDMSG 2186 @!@!@
