@!@!@STARTMSG 2262:0 @!@!@
TLC2 Version 2.16 of 31 December 2020 (rev: cdddf55)
@!@!@ENDMSG 2262 @!@!@
@!@!@STARTMSG 2187:0 @!@!@
Running breadth-first search Model-Checking with fp 118 and seed 580341571620372769 with 4 workers on 4 cores with 608MB heap and 1365MB offheap memory [pid: 54265] (Mac OS X 10.16 x86_64, AdoptOpenJDK 14.0.1 x86_64, OffHeapDiskFPSet, DiskStateQueue).
@!@!@ENDMSG 2187 @!@!@
@!@!@STARTMSG 2220:0 @!@!@
Starting SANY...
@!@!@ENDMSG 2220 @!@!@
Parsing file /Users/BiaLeao/Documents/verification_des_system/Part3_2/ticketing3_2.toolbox/Model_1/MC.tla
Parsing file /Users/BiaLeao/Documents/verification_des_system/Part3_2/ticketing3_2.toolbox/Model_1/ticketing3_2.tla
Warning: symbols were renamed.
Parsing file /Applications/TLA+ Toolbox.app/Contents/Eclipse/plugins/org.lamport.tlatools_1.0.0.202012311918/tla2sany/StandardModules/TLC.tla
Parsing file /Applications/TLA+ Toolbox.app/Contents/Eclipse/plugins/org.lamport.tlatools_1.0.0.202012311918/tla2sany/StandardModules/Integers.tla
Parsing file /Applications/TLA+ Toolbox.app/Contents/Eclipse/plugins/org.lamport.tlatools_1.0.0.202012311918/tla2sany/StandardModules/Sequences.tla
Parsing file /Applications/TLA+ Toolbox.app/Contents/Eclipse/plugins/org.lamport.tlatools_1.0.0.202012311918/tla2sany/StandardModules/FiniteSets.tla
Parsing file /Applications/TLA+ Toolbox.app/Contents/Eclipse/plugins/org.lamport.tlatools_1.0.0.202012311918/tla2sany/StandardModules/Naturals.tla
Semantic processing of module Naturals
Semantic processing of module Integers
Semantic processing of module Sequences
Semantic processing of module FiniteSets
Semantic processing of module TLC
Semantic processing of module ticketing3_2
Semantic processing of module MC
@!@!@STARTMSG 2219:0 @!@!@
SANY finished.
@!@!@ENDMSG 2219 @!@!@
@!@!@STARTMSG 2185:0 @!@!@
Starting... (2026-02-04 22:11:11)
@!@!@ENDMSG 2185 @!@!@
@!@!@STARTMSG 2212:0 @!@!@
Implied-temporal checking--satisfiability problem has 1 branches.
@!@!@ENDMSG 2212 @!@!@
@!@!@STARTMSG 2189:0 @!@!@
Computing initial states...
@!@!@ENDMSG 2189 @!@!@
@!@!@STARTMSG 2190:0 @!@!@
Finished computing initial states: 1 distinct state generated at 2026-02-04 22:11:14.
@!@!@ENDMSG 2190 @!@!@
@!@!@STARTMSG 2192:0 @!@!@
Checking temporal properties for the current state space with 2775 total distinct states at (2026-02-04 22:11:17)
@!@!@ENDMSG 2192 @!@!@
@!@!@STARTMSG 2267:0 @!@!@
Finished checking temporal properties in 00s at 2026-02-04 22:11:17
@!@!@ENDMSG 2267 @!@!@
@!@!@STARTMSG 2200:0 @!@!@
Progress(21) at 2026-02-04 22:11:17: 8,330 states generated (8,330 s/min), 2,775 distinct states found (2,775 ds/min), 345 states left on queue.
@!@!@ENDMSG 2200 @!@!@
@!@!@STARTMSG 2192:0 @!@!@
Checking temporal properties for the current state space with 248629 total distinct states at (2026-02-04 22:12:17)
@!@!@ENDMSG 2192 @!@!@
@!@!@STARTMSG 2267:0 @!@!@
Finished checking temporal properties in 04s at 2026-02-04 22:12:22
@!@!@ENDMSG 2267 @!@!@
@!@!@STARTMSG 2200:0 @!@!@
Progress(70) at 2026-02-04 22:12:22: 755,422 states generated (747,092 s/min), 248,635 distinct states found (245,860 ds/min), 7,828 states left on queue.
@!@!@ENDMSG 2200 @!@!@
@!@!@STARTMSG 2200:0 @!@!@
Progress(90) at 2026-02-04 22:12:35: 942,278 states generated, 303,290 distinct states found, 0 states left on queue.
@!@!@ENDMSG 2200 @!@!@
@!@!@STARTMSG 2192:0 @!@!@
Checking temporal properties for the complete state space with 303290 total distinct states at (2026-02-04 22:12:35)
@!@!@ENDMSG 2192 @!@!@
@!@!@STARTMSG 2267:0 @!@!@
Finished checking temporal properties in 06s at 2026-02-04 22:12:42
@!@!@ENDMSG 2267 @!@!@
@!@!@STARTMSG 2193:0 @!@!@
Model checking completed. No error has been found.
  Estimates of the probability that TLC did not check all reachable states
  because two distinct states had the same fingerprint:
  calculated (optimistic):  val = 1.1E-8
  based on the actual fingerprints:  val = 2.5E-9
@!@!@ENDMSG 2193 @!@!@
@!@!@STARTMSG 2201:0 @!@!@
The coverage statistics at 2026-02-04 22:12:47
@!@!@ENDMSG 2201 @!@!@
@!@!@STARTMSG 2773:0 @!@!@
<Init line 446, col 1 to line 446, col 4 of module ticketing3_2>: 1:1
@!@!@ENDMSG 2773 @!@!@
@!@!@STARTMSG 2221:0 @!@!@
  line 447, col 9 to line 466, col 78 of module ticketing3_2: 1
@!@!@ENDMSG 2221 @!@!@
@!@!@STARTMSG 2772:0 @!@!@
<s1_ line 468, col 1 to line 468, col 3 of module ticketing3_2>: 8842:87657
@!@!@ENDMSG 2772 @!@!@
@!@!@STARTMSG 2221:0 @!@!@
  line 468, col 11 to line 468, col 23 of module ticketing3_2: 390950
@!@!@ENDMSG 2221 @!@!@
@!@!@STARTMSG 2221:0 @!@!@
  |line 468, col 11 to line 468, col 15 of module ticketing3_2: 303293
@!@!@ENDMSG 2221 @!@!@
@!@!@STARTMSG 2221:0 @!@!@
  line 469, col 14 to line 469, col 21 of module ticketing3_2: 87657
@!@!@ENDMSG 2221 @!@!@
@!@!@STARTMSG 2221:0 @!@!@
  |line 469, col 15 to line 469, col 21 of module ticketing3_2: 87657
@!@!@ENDMSG 2221 @!@!@
@!@!@STARTMSG 2221:0 @!@!@
  ||line 433, col 3 to line 433, col 44 of module ticketing3_2: 87657
@!@!@ENDMSG 2221 @!@!@
@!@!@STARTMSG 2221:0 @!@!@
  |||line 433, col 6 to line 433, col 44 of module ticketing3_2: 87657
@!@!@ENDMSG 2221 @!@!@
@!@!@STARTMSG 2221:0 @!@!@
  ||||line 433, col 27 to line 433, col 44 of module ticketing3_2: 102515
@!@!@ENDMSG 2221 @!@!@
@!@!@STARTMSG 2221:0 @!@!@
  ||||line 433, col 15 to line 433, col 23 of module ticketing3_2: 87657
@!@!@ENDMSG 2221 @!@!@
@!@!@STARTMSG 2221:0 @!@!@
  line 470, col 19 to line 470, col 50 of module ticketing3_2: 87513
@!@!@ENDMSG 2221 @!@!@
@!@!@STARTMSG 2221:0 @!@!@
  line 471, col 19 to line 471, col 52 of module ticketing3_2: 144
@!@!@ENDMSG 2221 @!@!@
@!@!@STARTMSG 2221:0 @!@!@
  line 472, col 11 to line 474, col 56 of module ticketing3_2: 87657
@!@!@ENDMSG 2221 @!@!@
@!@!@STARTMSG 2772:0 @!@!@
<WW line 476, col 1 to line 476, col 2 of module ticketing3_2>: 10853:25488
@!@!@ENDMSG 2772 @!@!@
@!@!@STARTMSG 2221:0 @!@!@
  line 476, col 10 to line 476, col 21 of module ticketing3_2: 328781
@!@!@ENDMSG 2221 @!@!@
@!@!@STARTMSG 2221:0 @!@!@
  |line 476, col 10 to line 476, col 14 of module ticketing3_2: 303293
@!@!@ENDMSG 2221 @!@!@
@!@!@STARTMSG 2221:0 @!@!@
  line 477, col 11 to line 477, col 30 of module ticketing3_2: 25344
@!@!@ENDMSG 2221 @!@!@
@!@!@STARTMSG 2221:0 @!@!@
  |line 477, col 11 to line 477, col 26 of module ticketing3_2: 87656
@!@!@ENDMSG 2221 @!@!@
@!@!@STARTMSG 2221:0 @!@!@
  line 433, col 27 to line 433, col 44 of module ticketing3_2: 102946
@!@!@ENDMSG 2221 @!@!@
@!@!@STARTMSG 2221:0 @!@!@
  |line 433, col 27 to line 433, col 35 of module ticketing3_2: 102514
@!@!@ENDMSG 2221 @!@!@
@!@!@STARTMSG 2221:0 @!@!@
  line 433, col 15 to line 433, col 23 of module ticketing3_2: 87656
@!@!@ENDMSG 2221 @!@!@
@!@!@STARTMSG 2221:0 @!@!@
  line 478, col 13 to line 478, col 19 of module ticketing3_2: 25488
@!@!@ENDMSG 2221 @!@!@
@!@!@STARTMSG 2221:0 @!@!@
  |line 433, col 3 to line 433, col 44 of module ticketing3_2: 25488
@!@!@ENDMSG 2221 @!@!@
@!@!@STARTMSG 2221:0 @!@!@
  ||line 433, col 6 to line 433, col 44 of module ticketing3_2: 25488
@!@!@ENDMSG 2221 @!@!@
@!@!@STARTMSG 2221:0 @!@!@
  |||line 433, col 27 to line 433, col 44 of module ticketing3_2: 28604
@!@!@ENDMSG 2221 @!@!@
@!@!@STARTMSG 2221:0 @!@!@
  |||line 433, col 15 to line 433, col 23 of module ticketing3_2: 25488
@!@!@ENDMSG 2221 @!@!@
@!@!@STARTMSG 2221:0 @!@!@
  line 479, col 18 to line 479, col 50 of module ticketing3_2: 144
@!@!@ENDMSG 2221 @!@!@
@!@!@STARTMSG 2221:0 @!@!@
  line 480, col 18 to line 480, col 50 of module ticketing3_2: 25344
@!@!@ENDMSG 2221 @!@!@
@!@!@STARTMSG 2221:0 @!@!@
  line 481, col 10 to line 483, col 50 of module ticketing3_2: 25488
@!@!@ENDMSG 2221 @!@!@
@!@!@STARTMSG 2772:0 @!@!@
<GET line 485, col 1 to line 485, col 3 of module ticketing3_2>: 8239:25344
@!@!@ENDMSG 2772 @!@!@
@!@!@STARTMSG 2221:0 @!@!@
  line 485, col 11 to line 485, col 23 of module ticketing3_2: 328637
@!@!@ENDMSG 2221 @!@!@
@!@!@STARTMSG 2221:0 @!@!@
  |line 485, col 11 to line 485, col 15 of module ticketing3_2: 303293
@!@!@ENDMSG 2221 @!@!@
@!@!@STARTMSG 2221:0 @!@!@
  line 486, col 11 to line 486, col 42 of module ticketing3_2: 25344
@!@!@ENDMSG 2221 @!@!@
@!@!@STARTMSG 2221:0 @!@!@
  line 487, col 11 to line 487, col 64 of module ticketing3_2: 25344
@!@!@ENDMSG 2221 @!@!@
@!@!@STARTMSG 2221:0 @!@!@
  line 488, col 11 to line 488, col 42 of module ticketing3_2: 25344
@!@!@ENDMSG 2221 @!@!@
@!@!@STARTMSG 2221:0 @!@!@
  line 489, col 11 to line 490, col 80 of module ticketing3_2: 25344
@!@!@ENDMSG 2221 @!@!@
@!@!@STARTMSG 2772:0 @!@!@
<TREAT line 492, col 1 to line 492, col 5 of module ticketing3_2>: 7263:16203
@!@!@ENDMSG 2772 @!@!@
@!@!@STARTMSG 2221:0 @!@!@
  line 492, col 13 to line 492, col 27 of module ticketing3_2: 319496
@!@!@ENDMSG 2221 @!@!@
@!@!@STARTMSG 2221:0 @!@!@
  |line 492, col 13 to line 492, col 17 of module ticketing3_2: 303293
@!@!@ENDMSG 2221 @!@!@
@!@!@STARTMSG 2221:0 @!@!@
  line 493, col 16 to line 493, col 43 of module ticketing3_2: 16203
@!@!@ENDMSG 2221 @!@!@
@!@!@STARTMSG 2221:0 @!@!@
  line 494, col 27 to line 495, col 60 of module ticketing3_2: 7080
@!@!@ENDMSG 2221 @!@!@
@!@!@STARTMSG 2221:0 @!@!@
  line 496, col 32 to line 499, col 170 of module ticketing3_2: 4404
@!@!@ENDMSG 2221 @!@!@
@!@!@STARTMSG 2221:0 @!@!@
  line 500, col 35 to line 501, col 167 of module ticketing3_2: 2676
@!@!@ENDMSG 2221 @!@!@
@!@!@STARTMSG 2221:0 @!@!@
  line 502, col 35 to line 502, col 67 of module ticketing3_2: 2676
@!@!@ENDMSG 2221 @!@!@
@!@!@STARTMSG 2221:0 @!@!@
  line 503, col 24 to line 503, col 59 of module ticketing3_2: 7080
@!@!@ENDMSG 2221 @!@!@
@!@!@STARTMSG 2221:0 @!@!@
  line 504, col 27 to line 504, col 56 of module ticketing3_2: 9123
@!@!@ENDMSG 2221 @!@!@
@!@!@STARTMSG 2221:0 @!@!@
  line 507, col 46 to line 507, col 105 of module ticketing3_2: 0
@!@!@ENDMSG 2221 @!@!@
@!@!@STARTMSG 2221:0 @!@!@
  line 508, col 46 to line 508, col 99 of module ticketing3_2: 0
@!@!@ENDMSG 2221 @!@!@
@!@!@STARTMSG 2221:0 @!@!@
  line 509, col 46 to line 510, col 181 of module ticketing3_2: 0
@!@!@ENDMSG 2221 @!@!@
@!@!@STARTMSG 2221:0 @!@!@
  line 511, col 46 to line 512, col 178 of module ticketing3_2: 0
@!@!@ENDMSG 2221 @!@!@
@!@!@STARTMSG 2221:0 @!@!@
  line 513, col 46 to line 513, col 78 of module ticketing3_2: 0
@!@!@ENDMSG 2221 @!@!@
@!@!@STARTMSG 2221:0 @!@!@
  line 514, col 35 to line 514, col 70 of module ticketing3_2: 0
@!@!@ENDMSG 2221 @!@!@
@!@!@STARTMSG 2221:0 @!@!@
  line 515, col 38 to line 515, col 61 of module ticketing3_2: 9123
@!@!@ENDMSG 2221 @!@!@
@!@!@STARTMSG 2221:0 @!@!@
  line 516, col 49 to line 518, col 109 of module ticketing3_2: 9123
@!@!@ENDMSG 2221 @!@!@
@!@!@STARTMSG 2221:0 @!@!@
  line 519, col 54 to line 527, col 192 of module ticketing3_2: 9123
@!@!@ENDMSG 2221 @!@!@
@!@!@STARTMSG 2221:0 @!@!@
  line 528, col 57 to line 529, col 189 of module ticketing3_2: 0
@!@!@ENDMSG 2221 @!@!@
@!@!@STARTMSG 2221:0 @!@!@
  line 530, col 57 to line 533, col 79 of module ticketing3_2: 0
@!@!@ENDMSG 2221 @!@!@
@!@!@STARTMSG 2221:0 @!@!@
  line 537, col 68 to line 537, col 127 of module ticketing3_2: 0
@!@!@ENDMSG 2221 @!@!@
@!@!@STARTMSG 2221:0 @!@!@
  line 538, col 68 to line 540, col 135 of module ticketing3_2: 0
@!@!@ENDMSG 2221 @!@!@
@!@!@STARTMSG 2221:0 @!@!@
  line 541, col 68 to line 542, col 126 of module ticketing3_2: 0
@!@!@ENDMSG 2221 @!@!@
@!@!@STARTMSG 2221:0 @!@!@
  line 543, col 68 to line 544, col 203 of module ticketing3_2: 0
@!@!@ENDMSG 2221 @!@!@
@!@!@STARTMSG 2221:0 @!@!@
  line 545, col 68 to line 546, col 200 of module ticketing3_2: 0
@!@!@ENDMSG 2221 @!@!@
@!@!@STARTMSG 2221:0 @!@!@
  line 547, col 68 to line 549, col 90 of module ticketing3_2: 0
@!@!@ENDMSG 2221 @!@!@
@!@!@STARTMSG 2221:0 @!@!@
  line 551, col 57 to line 554, col 79 of module ticketing3_2: 0
@!@!@ENDMSG 2221 @!@!@
@!@!@STARTMSG 2221:0 @!@!@
  line 555, col 46 to line 555, col 63 of module ticketing3_2: 0
@!@!@ENDMSG 2221 @!@!@
@!@!@STARTMSG 2221:0 @!@!@
  line 556, col 13 to line 556, col 42 of module ticketing3_2: 16203
@!@!@ENDMSG 2221 @!@!@
@!@!@STARTMSG 2221:0 @!@!@
  line 557, col 13 to line 558, col 58 of module ticketing3_2: 16203
@!@!@ENDMSG 2221 @!@!@
@!@!@STARTMSG 2772:0 @!@!@
<End line 560, col 1 to line 560, col 3 of module ticketing3_2>: 9835:86289
@!@!@ENDMSG 2772 @!@!@
@!@!@STARTMSG 2221:0 @!@!@
  line 560, col 11 to line 560, col 23 of module ticketing3_2: 389582
@!@!@ENDMSG 2221 @!@!@
@!@!@STARTMSG 2221:0 @!@!@
  |line 560, col 11 to line 560, col 15 of module ticketing3_2: 303293
@!@!@ENDMSG 2221 @!@!@
@!@!@STARTMSG 2221:0 @!@!@
  line 561, col 11 to line 561, col 14 of module ticketing3_2: 86289
@!@!@ENDMSG 2221 @!@!@
@!@!@STARTMSG 2221:0 @!@!@
  line 562, col 11 to line 562, col 40 of module ticketing3_2: 86289
@!@!@ENDMSG 2221 @!@!@
@!@!@STARTMSG 2221:0 @!@!@
  line 563, col 11 to line 565, col 56 of module ticketing3_2: 86289
@!@!@ENDMSG 2221 @!@!@
@!@!@STARTMSG 2772:0 @!@!@
<InitTarget line 569, col 1 to line 569, col 16 of module ticketing3_2>: 1829:9049
@!@!@ENDMSG 2772 @!@!@
@!@!@STARTMSG 2221:0 @!@!@
  line 569, col 24 to line 569, col 46 of module ticketing3_2: 918928
@!@!@ENDMSG 2221 @!@!@
@!@!@STARTMSG 2221:0 @!@!@
  |line 569, col 24 to line 569, col 31 of module ticketing3_2: 909879
@!@!@ENDMSG 2221 @!@!@
@!@!@STARTMSG 2221:0 @!@!@
  line 570, col 24 to line 570, col 107 of module ticketing3_2: 9049
@!@!@ENDMSG 2221 @!@!@
@!@!@STARTMSG 2221:0 @!@!@
  line 571, col 24 to line 571, col 55 of module ticketing3_2: 9049
@!@!@ENDMSG 2221 @!@!@
@!@!@STARTMSG 2221:0 @!@!@
  line 572, col 24 to line 575, col 49 of module ticketing3_2: 9049
@!@!@ENDMSG 2221 @!@!@
@!@!@STARTMSG 2772:0 @!@!@
<s1 line 577, col 1 to line 577, col 8 of module ticketing3_2>: 28859:74926
@!@!@ENDMSG 2772 @!@!@
@!@!@STARTMSG 2221:0 @!@!@
  line 577, col 16 to line 577, col 30 of module ticketing3_2: 984805
@!@!@ENDMSG 2221 @!@!@
@!@!@STARTMSG 2221:0 @!@!@
  |line 577, col 16 to line 577, col 23 of module ticketing3_2: 909879
@!@!@ENDMSG 2221 @!@!@
@!@!@STARTMSG 2221:0 @!@!@
  line 578, col 19 to line 578, col 39 of module ticketing3_2: 74926
@!@!@ENDMSG 2221 @!@!@
@!@!@STARTMSG 2221:0 @!@!@
  line 579, col 24 to line 579, col 65 of module ticketing3_2: 9043
@!@!@ENDMSG 2221 @!@!@
@!@!@STARTMSG 2221:0 @!@!@
  line 580, col 24 to line 580, col 60 of module ticketing3_2: 65883
@!@!@ENDMSG 2221 @!@!@
@!@!@STARTMSG 2221:0 @!@!@
  line 581, col 16 to line 583, col 64 of module ticketing3_2: 74926
@!@!@ENDMSG 2221 @!@!@
@!@!@STARTMSG 2772:0 @!@!@
<CheckDone line 585, col 1 to line 585, col 15 of module ticketing3_2>: 37052:90778
@!@!@ENDMSG 2772 @!@!@
@!@!@STARTMSG 2221:0 @!@!@
  line 585, col 23 to line 585, col 44 of module ticketing3_2: 1000657
@!@!@ENDMSG 2221 @!@!@
@!@!@STARTMSG 2221:0 @!@!@
  |line 585, col 23 to line 585, col 30 of module ticketing3_2: 909879
@!@!@ENDMSG 2221 @!@!@
@!@!@STARTMSG 2221:0 @!@!@
  line 586, col 26 to line 587, col 66 of module ticketing3_2: 90778
@!@!@ENDMSG 2221 @!@!@
@!@!@STARTMSG 2221:0 @!@!@
  |line 586, col 26 to line 586, col 67 of module ticketing3_2: 90778
@!@!@ENDMSG 2221 @!@!@
@!@!@STARTMSG 2221:0 @!@!@
  |line 587, col 30 to line 587, col 65 of module ticketing3_2: 25111
@!@!@ENDMSG 2221 @!@!@
@!@!@STARTMSG 2221:0 @!@!@
  ||line 587, col 47 to line 587, col 65 of module ticketing3_2: 45361
@!@!@ENDMSG 2221 @!@!@
@!@!@STARTMSG 2221:0 @!@!@
  ||line 587, col 39 to line 587, col 43 of module ticketing3_2: 25111
@!@!@ENDMSG 2221 @!@!@
@!@!@STARTMSG 2221:0 @!@!@
  line 588, col 31 to line 589, col 65 of module ticketing3_2: 65667
@!@!@ENDMSG 2221 @!@!@
@!@!@STARTMSG 2221:0 @!@!@
  line 590, col 34 to line 590, col 72 of module ticketing3_2: 25111
@!@!@ENDMSG 2221 @!@!@
@!@!@STARTMSG 2221:0 @!@!@
  line 591, col 34 to line 591, col 49 of module ticketing3_2: 25111
@!@!@ENDMSG 2221 @!@!@
@!@!@STARTMSG 2221:0 @!@!@
  line 592, col 23 to line 595, col 48 of module ticketing3_2: 90778
@!@!@ENDMSG 2221 @!@!@
@!@!@STARTMSG 2772:0 @!@!@
<BWaitIdle line 597, col 1 to line 597, col 15 of module ticketing3_2>: 10120:25110
@!@!@ENDMSG 2772 @!@!@
@!@!@STARTMSG 2221:0 @!@!@
  line 597, col 23 to line 597, col 44 of module ticketing3_2: 934989
@!@!@ENDMSG 2221 @!@!@
@!@!@STARTMSG 2221:0 @!@!@
  |line 597, col 23 to line 597, col 30 of module ticketing3_2: 909879
@!@!@ENDMSG 2221 @!@!@
@!@!@STARTMSG 2221:0 @!@!@
  line 598, col 24 to line 598, col 44 of module ticketing3_2: 50220
@!@!@ENDMSG 2221 @!@!@
@!@!@STARTMSG 2221:0 @!@!@
  |line 598, col 24 to line 598, col 35 of module ticketing3_2: 25110
@!@!@ENDMSG 2221 @!@!@
@!@!@STARTMSG 2221:0 @!@!@
  line 599, col 23 to line 599, col 64 of module ticketing3_2: 25110
@!@!@ENDMSG 2221 @!@!@
@!@!@STARTMSG 2221:0 @!@!@
  line 600, col 23 to line 603, col 48 of module ticketing3_2: 25110
@!@!@ENDMSG 2221 @!@!@
@!@!@STARTMSG 2772:0 @!@!@
<ActionChoice line 605, col 1 to line 605, col 18 of module ticketing3_2>: 10612:25110
@!@!@ENDMSG 2772 @!@!@
@!@!@STARTMSG 2221:0 @!@!@
  line 605, col 26 to line 605, col 50 of module ticketing3_2: 934989
@!@!@ENDMSG 2221 @!@!@
@!@!@STARTMSG 2221:0 @!@!@
  |line 605, col 26 to line 605, col 33 of module ticketing3_2: 909879
@!@!@ENDMSG 2221 @!@!@
@!@!@STARTMSG 2221:0 @!@!@
  line 606, col 29 to line 606, col 46 of module ticketing3_2: 25110
@!@!@ENDMSG 2221 @!@!@
@!@!@STARTMSG 2221:0 @!@!@
  line 607, col 34 to line 607, col 77 of module ticketing3_2: 25110
@!@!@ENDMSG 2221 @!@!@
@!@!@STARTMSG 2221:0 @!@!@
  line 608, col 43 to line 608, col 83 of module ticketing3_2: 0
@!@!@ENDMSG 2221 @!@!@
@!@!@STARTMSG 2221:0 @!@!@
  line 609, col 43 to line 609, col 83 of module ticketing3_2: 0
@!@!@ENDMSG 2221 @!@!@
@!@!@STARTMSG 2221:0 @!@!@
  line 610, col 26 to line 613, col 59 of module ticketing3_2: 25110
@!@!@ENDMSG 2221 @!@!@
@!@!@STARTMSG 2772:0 @!@!@
<BReserveBuy line 615, col 1 to line 615, col 17 of module ticketing3_2>: 10439:25110
@!@!@ENDMSG 2772 @!@!@
@!@!@STARTMSG 2221:0 @!@!@
  line 615, col 25 to line 615, col 48 of module ticketing3_2: 934989
@!@!@ENDMSG 2221 @!@!@
@!@!@STARTMSG 2221:0 @!@!@
  |line 615, col 25 to line 615, col 32 of module ticketing3_2: 909879
@!@!@ENDMSG 2221 @!@!@
@!@!@STARTMSG 2221:0 @!@!@
  line 616, col 25 to line 616, col 69 of module ticketing3_2: 25110
@!@!@ENDMSG 2221 @!@!@
@!@!@STARTMSG 2221:0 @!@!@
  line 617, col 25 to line 617, col 108 of module ticketing3_2: 25110
@!@!@ENDMSG 2221 @!@!@
@!@!@STARTMSG 2221:0 @!@!@
  |line 617, col 39 to line 617, col 108 of module ticketing3_2: 25110
@!@!@ENDMSG 2221 @!@!@
@!@!@STARTMSG 2221:0 @!@!@
  ||line 617, col 40 to line 617, col 49 of module ticketing3_2: 25110
@!@!@ENDMSG 2221 @!@!@
@!@!@STARTMSG 2221:0 @!@!@
  ||line 617, col 58 to line 617, col 107 of module ticketing3_2: 25110
@!@!@ENDMSG 2221 @!@!@
@!@!@STARTMSG 2775:0 @!@!@
  ||line 617, col 68 to line 617, col 107 of module ticketing3_2: 25110:164964
@!@!@ENDMSG 2775 @!@!@
@!@!@STARTMSG 2221:0 @!@!@
  |||line 617, col 83 to line 617, col 106 of module ticketing3_2: 251100
@!@!@ENDMSG 2221 @!@!@
@!@!@STARTMSG 2221:0 @!@!@
  |||line 617, col 75 to line 617, col 79 of module ticketing3_2: 25110
@!@!@ENDMSG 2221 @!@!@
@!@!@STARTMSG 2221:0 @!@!@
  line 618, col 25 to line 619, col 86 of module ticketing3_2: 25110
@!@!@ENDMSG 2221 @!@!@
@!@!@STARTMSG 2221:0 @!@!@
  line 620, col 25 to line 620, col 60 of module ticketing3_2: 25110
@!@!@ENDMSG 2221 @!@!@
@!@!@STARTMSG 2221:0 @!@!@
  line 621, col 25 to line 623, col 69 of module ticketing3_2: 25110
@!@!@ENDMSG 2221 @!@!@
@!@!@STARTMSG 2772:0 @!@!@
<Label1 line 625, col 1 to line 625, col 12 of module ticketing3_2>: 14266:38004
@!@!@ENDMSG 2772 @!@!@
@!@!@STARTMSG 2221:0 @!@!@
  line 625, col 20 to line 625, col 38 of module ticketing3_2: 947883
@!@!@ENDMSG 2221 @!@!@
@!@!@STARTMSG 2221:0 @!@!@
  |line 625, col 20 to line 625, col 27 of module ticketing3_2: 909879
@!@!@ENDMSG 2221 @!@!@
@!@!@STARTMSG 2221:0 @!@!@
  line 626, col 23 to line 626, col 33 of module ticketing3_2: 38004
@!@!@ENDMSG 2221 @!@!@
@!@!@STARTMSG 2221:0 @!@!@
  line 627, col 31 to line 627, col 72 of module ticketing3_2: 0
@!@!@ENDMSG 2221 @!@!@
@!@!@STARTMSG 2221:0 @!@!@
  line 628, col 31 to line 628, col 69 of module ticketing3_2: 0
@!@!@ENDMSG 2221 @!@!@
@!@!@STARTMSG 2221:0 @!@!@
  line 629, col 31 to line 629, col 66 of module ticketing3_2: 38004
@!@!@ENDMSG 2221 @!@!@
@!@!@STARTMSG 2221:0 @!@!@
  line 630, col 31 to line 630, col 46 of module ticketing3_2: 38004
@!@!@ENDMSG 2221 @!@!@
@!@!@STARTMSG 2221:0 @!@!@
  line 631, col 20 to line 633, col 79 of module ticketing3_2: 38004
@!@!@ENDMSG 2221 @!@!@
@!@!@STARTMSG 2772:0 @!@!@
<Label2 line 635, col 1 to line 635, col 12 of module ticketing3_2>: 15178:38004
@!@!@ENDMSG 2772 @!@!@
@!@!@STARTMSG 2221:0 @!@!@
  line 635, col 20 to line 635, col 38 of module ticketing3_2: 947883
@!@!@ENDMSG 2221 @!@!@
@!@!@STARTMSG 2221:0 @!@!@
  |line 635, col 20 to line 635, col 27 of module ticketing3_2: 909879
@!@!@ENDMSG 2221 @!@!@
@!@!@STARTMSG 2221:0 @!@!@
  line 636, col 20 to line 636, col 63 of module ticketing3_2: 38004
@!@!@ENDMSG 2221 @!@!@
@!@!@STARTMSG 2221:0 @!@!@
  line 637, col 20 to line 637, col 65 of module ticketing3_2: 38004
@!@!@ENDMSG 2221 @!@!@
@!@!@STARTMSG 2221:0 @!@!@
  line 638, col 20 to line 638, col 57 of module ticketing3_2: 38004
@!@!@ENDMSG 2221 @!@!@
@!@!@STARTMSG 2221:0 @!@!@
  line 639, col 20 to line 641, col 63 of module ticketing3_2: 38004
@!@!@ENDMSG 2221 @!@!@
@!@!@STARTMSG 2772:0 @!@!@
<PickLoop line 643, col 1 to line 643, col 14 of module ticketing3_2>: 35173:76008
@!@!@ENDMSG 2772 @!@!@
@!@!@STARTMSG 2221:0 @!@!@
  line 643, col 22 to line 643, col 42 of module ticketing3_2: 985887
@!@!@ENDMSG 2221 @!@!@
@!@!@STARTMSG 2221:0 @!@!@
  |line 643, col 22 to line 643, col 29 of module ticketing3_2: 909879
@!@!@ENDMSG 2221 @!@!@
@!@!@STARTMSG 2221:0 @!@!@
  line 644, col 25 to line 644, col 62 of module ticketing3_2: 76008
@!@!@ENDMSG 2221 @!@!@
@!@!@STARTMSG 2221:0 @!@!@
  line 645, col 33 to line 645, col 101 of module ticketing3_2: 38004
@!@!@ENDMSG 2221 @!@!@
@!@!@STARTMSG 2221:0 @!@!@
  line 646, col 33 to line 646, col 114 of module ticketing3_2: 38004
@!@!@ENDMSG 2221 @!@!@
@!@!@STARTMSG 2221:0 @!@!@
  line 647, col 33 to line 647, col 91 of module ticketing3_2: 38004
@!@!@ENDMSG 2221 @!@!@
@!@!@STARTMSG 2221:0 @!@!@
  line 648, col 33 to line 648, col 70 of module ticketing3_2: 38004
@!@!@ENDMSG 2221 @!@!@
@!@!@STARTMSG 2221:0 @!@!@
  line 649, col 33 to line 649, col 50 of module ticketing3_2: 38004
@!@!@ENDMSG 2221 @!@!@
@!@!@STARTMSG 2221:0 @!@!@
  line 650, col 33 to line 654, col 97 of module ticketing3_2: 38004
@!@!@ENDMSG 2221 @!@!@
@!@!@STARTMSG 2221:0 @!@!@
  line 655, col 33 to line 655, col 74 of module ticketing3_2: 38004
@!@!@ENDMSG 2221 @!@!@
@!@!@STARTMSG 2221:0 @!@!@
  line 656, col 33 to line 656, col 72 of module ticketing3_2: 38004
@!@!@ENDMSG 2221 @!@!@
@!@!@STARTMSG 2221:0 @!@!@
  line 657, col 22 to line 659, col 55 of module ticketing3_2: 76008
@!@!@ENDMSG 2221 @!@!@
@!@!@STARTMSG 2772:0 @!@!@
<WaitResReply line 661, col 1 to line 661, col 18 of module ticketing3_2>: 15310:89496
@!@!@ENDMSG 2772 @!@!@
@!@!@STARTMSG 2221:0 @!@!@
  line 661, col 26 to line 661, col 50 of module ticketing3_2: 999375
@!@!@ENDMSG 2221 @!@!@
@!@!@STARTMSG 2221:0 @!@!@
  |line 661, col 26 to line 661, col 33 of module ticketing3_2: 909879
@!@!@ENDMSG 2221 @!@!@
@!@!@STARTMSG 2221:0 @!@!@
  line 662, col 26 to line 662, col 52 of module ticketing3_2: 89496
@!@!@ENDMSG 2221 @!@!@
@!@!@STARTMSG 2221:0 @!@!@
  |line 662, col 26 to line 662, col 48 of module ticketing3_2: 153642
@!@!@ENDMSG 2221 @!@!@
@!@!@STARTMSG 2221:0 @!@!@
  line 663, col 26 to line 663, col 83 of module ticketing3_2: 89496
@!@!@ENDMSG 2221 @!@!@
@!@!@STARTMSG 2221:0 @!@!@
  line 664, col 26 to line 664, col 93 of module ticketing3_2: 89496
@!@!@ENDMSG 2221 @!@!@
@!@!@STARTMSG 2221:0 @!@!@
  line 665, col 26 to line 665, col 61 of module ticketing3_2: 89496
@!@!@ENDMSG 2221 @!@!@
@!@!@STARTMSG 2221:0 @!@!@
  line 666, col 26 to line 668, col 78 of module ticketing3_2: 89496
@!@!@ENDMSG 2221 @!@!@
@!@!@STARTMSG 2772:0 @!@!@
<Label3 line 670, col 1 to line 670, col 12 of module ticketing3_2>: 27924:62292
@!@!@ENDMSG 2772 @!@!@
@!@!@STARTMSG 2221:0 @!@!@
  line 670, col 20 to line 670, col 38 of module ticketing3_2: 972171
@!@!@ENDMSG 2221 @!@!@
@!@!@STARTMSG 2221:0 @!@!@
  |line 670, col 20 to line 670, col 27 of module ticketing3_2: 909879
@!@!@ENDMSG 2221 @!@!@
@!@!@STARTMSG 2221:0 @!@!@
  line 671, col 23 to line 671, col 50 of module ticketing3_2: 62292
@!@!@ENDMSG 2221 @!@!@
@!@!@STARTMSG 2221:0 @!@!@
  line 672, col 28 to line 677, col 72 of module ticketing3_2: 46224
@!@!@ENDMSG 2221 @!@!@
@!@!@STARTMSG 2221:0 @!@!@
  line 678, col 31 to line 678, col 66 of module ticketing3_2: 16068
@!@!@ENDMSG 2221 @!@!@
@!@!@STARTMSG 2221:0 @!@!@
  line 679, col 31 to line 679, col 48 of module ticketing3_2: 16068
@!@!@ENDMSG 2221 @!@!@
@!@!@STARTMSG 2221:0 @!@!@
  line 680, col 20 to line 682, col 79 of module ticketing3_2: 62292
@!@!@ENDMSG 2221 @!@!@
@!@!@STARTMSG 2772:0 @!@!@
<WaitBuyReply line 684, col 1 to line 684, col 18 of module ticketing3_2>: 19762:65667
@!@!@ENDMSG 2772 @!@!@
@!@!@STARTMSG 2221:0 @!@!@
  line 684, col 26 to line 684, col 50 of module ticketing3_2: 975546
@!@!@ENDMSG 2221 @!@!@
@!@!@STARTMSG 2221:0 @!@!@
  |line 684, col 26 to line 684, col 33 of module ticketing3_2: 909879
@!@!@ENDMSG 2221 @!@!@
@!@!@STARTMSG 2221:0 @!@!@
  line 685, col 26 to line 685, col 52 of module ticketing3_2: 65667
@!@!@ENDMSG 2221 @!@!@
@!@!@STARTMSG 2221:0 @!@!@
  |line 685, col 26 to line 685, col 48 of module ticketing3_2: 144228
@!@!@ENDMSG 2221 @!@!@
@!@!@STARTMSG 2221:0 @!@!@
  line 686, col 26 to line 686, col 83 of module ticketing3_2: 65667
@!@!@ENDMSG 2221 @!@!@
@!@!@STARTMSG 2221:0 @!@!@
  line 687, col 26 to line 687, col 93 of module ticketing3_2: 65667
@!@!@ENDMSG 2221 @!@!@
@!@!@STARTMSG 2221:0 @!@!@
  line 688, col 26 to line 688, col 61 of module ticketing3_2: 65667
@!@!@ENDMSG 2221 @!@!@
@!@!@STARTMSG 2221:0 @!@!@
  line 689, col 26 to line 691, col 78 of module ticketing3_2: 65667
@!@!@ENDMSG 2221 @!@!@
@!@!@STARTMSG 2772:0 @!@!@
<Label4 line 693, col 1 to line 693, col 12 of module ticketing3_2>: 31733:81735
@!@!@ENDMSG 2772 @!@!@
@!@!@STARTMSG 2221:0 @!@!@
  line 693, col 20 to line 693, col 38 of module ticketing3_2: 991614
@!@!@ENDMSG 2221 @!@!@
@!@!@STARTMSG 2221:0 @!@!@
  |line 693, col 20 to line 693, col 27 of module ticketing3_2: 909879
@!@!@ENDMSG 2221 @!@!@
@!@!@STARTMSG 2221:0 @!@!@
  line 694, col 20 to line 694, col 61 of module ticketing3_2: 81735
@!@!@ENDMSG 2221 @!@!@
@!@!@STARTMSG 2221:0 @!@!@
  line 695, col 20 to line 695, col 58 of module ticketing3_2: 81735
@!@!@ENDMSG 2221 @!@!@
@!@!@STARTMSG 2221:0 @!@!@
  line 696, col 20 to line 698, col 79 of module ticketing3_2: 81735
@!@!@ENDMSG 2221 @!@!@
@!@!@STARTMSG 2772:0 @!@!@
<BCancelPaid line 700, col 1 to line 700, col 17 of module ticketing3_2>: 0:0
@!@!@ENDMSG 2772 @!@!@
@!@!@STARTMSG 2221:0 @!@!@
  line 700, col 25 to line 700, col 48 of module ticketing3_2: 909879
@!@!@ENDMSG 2221 @!@!@
@!@!@STARTMSG 2221:0 @!@!@
  line 702, col 36 to line 702, col 77 of module ticketing3_2: 0
@!@!@ENDMSG 2221 @!@!@
@!@!@STARTMSG 2221:0 @!@!@
  line 703, col 36 to line 703, col 74 of module ticketing3_2: 0
@!@!@ENDMSG 2221 @!@!@
@!@!@STARTMSG 2221:0 @!@!@
  line 704, col 36 to line 704, col 71 of module ticketing3_2: 0
@!@!@ENDMSG 2221 @!@!@
@!@!@STARTMSG 2221:0 @!@!@
  line 705, col 36 to line 705, col 51 of module ticketing3_2: 0
@!@!@ENDMSG 2221 @!@!@
@!@!@STARTMSG 2221:0 @!@!@
  line 706, col 25 to line 709, col 50 of module ticketing3_2: 0
@!@!@ENDMSG 2221 @!@!@
@!@!@STARTMSG 2772:0 @!@!@
<Label5 line 711, col 1 to line 711, col 12 of module ticketing3_2>: 0:0
@!@!@ENDMSG 2772 @!@!@
@!@!@STARTMSG 2221:0 @!@!@
  line 711, col 20 to line 711, col 38 of module ticketing3_2: 909879
@!@!@ENDMSG 2221 @!@!@
@!@!@STARTMSG 2221:0 @!@!@
  line 712, col 20 to line 712, col 64 of module ticketing3_2: 0
@!@!@ENDMSG 2221 @!@!@
@!@!@STARTMSG 2221:0 @!@!@
  line 713, col 20 to line 713, col 92 of module ticketing3_2: 0
@!@!@ENDMSG 2221 @!@!@
@!@!@STARTMSG 2221:0 @!@!@
  line 714, col 20 to line 714, col 78 of module ticketing3_2: 0
@!@!@ENDMSG 2221 @!@!@
@!@!@STARTMSG 2221:0 @!@!@
  line 715, col 20 to line 719, col 84 of module ticketing3_2: 0
@!@!@ENDMSG 2221 @!@!@
@!@!@STARTMSG 2221:0 @!@!@
  line 720, col 20 to line 720, col 64 of module ticketing3_2: 0
@!@!@ENDMSG 2221 @!@!@
@!@!@STARTMSG 2221:0 @!@!@
  line 721, col 20 to line 723, col 45 of module ticketing3_2: 0
@!@!@ENDMSG 2221 @!@!@
@!@!@STARTMSG 2772:0 @!@!@
<WaitCancelReply line 725, col 1 to line 725, col 21 of module ticketing3_2>: 0:0
@!@!@ENDMSG 2772 @!@!@
@!@!@STARTMSG 2221:0 @!@!@
  line 725, col 29 to line 725, col 56 of module ticketing3_2: 909879
@!@!@ENDMSG 2221 @!@!@
@!@!@STARTMSG 2221:0 @!@!@
  line 727, col 29 to line 727, col 86 of module ticketing3_2: 0
@!@!@ENDMSG 2221 @!@!@
@!@!@STARTMSG 2221:0 @!@!@
  line 728, col 29 to line 728, col 96 of module ticketing3_2: 0
@!@!@ENDMSG 2221 @!@!@
@!@!@STARTMSG 2221:0 @!@!@
  line 729, col 29 to line 729, col 70 of module ticketing3_2: 0
@!@!@ENDMSG 2221 @!@!@
@!@!@STARTMSG 2221:0 @!@!@
  line 730, col 29 to line 730, col 67 of module ticketing3_2: 0
@!@!@ENDMSG 2221 @!@!@
@!@!@STARTMSG 2221:0 @!@!@
  line 731, col 29 to line 734, col 54 of module ticketing3_2: 0
@!@!@ENDMSG 2221 @!@!@
@!@!@STARTMSG 2772:0 @!@!@
<Terminating line 745, col 1 to line 745, col 11 of module ticketing3_2>: 0:18
@!@!@ENDMSG 2772 @!@!@
@!@!@STARTMSG 2221:0 @!@!@
  line 745, col 40 to line 745, col 56 of module ticketing3_2: 303617
@!@!@ENDMSG 2221 @!@!@
@!@!@STARTMSG 2221:0 @!@!@
  |line 745, col 40 to line 745, col 47 of module ticketing3_2: 303545
@!@!@ENDMSG 2221 @!@!@
@!@!@STARTMSG 2221:0 @!@!@
  line 745, col 31 to line 745, col 37 of module ticketing3_2: 303293
@!@!@ENDMSG 2221 @!@!@
@!@!@STARTMSG 2221:0 @!@!@
  line 746, col 19 to line 746, col 32 of module ticketing3_2: 18
@!@!@ENDMSG 2221 @!@!@
@!@!@STARTMSG 2774:0 @!@!@
<TypeOK line 402, col 1 to line 402, col 6 of module ticketing3_2>
@!@!@ENDMSG 2774 @!@!@
@!@!@STARTMSG 2221:0 @!@!@
  line 403, col 3 to line 408, col 56 of module ticketing3_2: 303290
@!@!@ENDMSG 2221 @!@!@
@!@!@STARTMSG 2774:0 @!@!@
<MoneyTicketsInv line 410, col 1 to line 410, col 15 of module ticketing3_2>
@!@!@ENDMSG 2774 @!@!@
@!@!@STARTMSG 2221:0 @!@!@
  line 411, col 3 to line 412, col 56 of module ticketing3_2: 303290
@!@!@ENDMSG 2221 @!@!@
@!@!@STARTMSG 2221:0 @!@!@
  |line 412, col 5 to line 412, col 56 of module ticketing3_2: 909870
@!@!@ENDMSG 2221 @!@!@
@!@!@STARTMSG 2221:0 @!@!@
  |line 411, col 12 to line 411, col 20 of module ticketing3_2: 303290
@!@!@ENDMSG 2221 @!@!@
@!@!@STARTMSG 2774:0 @!@!@
<TicketsPaidInv line 414, col 1 to line 414, col 14 of module ticketing3_2>
@!@!@ENDMSG 2774 @!@!@
@!@!@STARTMSG 2221:0 @!@!@
  line 415, col 3 to line 416, col 45 of module ticketing3_2: 303290
@!@!@ENDMSG 2221 @!@!@
@!@!@STARTMSG 2221:0 @!@!@
  |line 416, col 5 to line 416, col 45 of module ticketing3_2: 909870
@!@!@ENDMSG 2221 @!@!@
@!@!@STARTMSG 2221:0 @!@!@
  ||line 416, col 27 to line 416, col 45 of module ticketing3_2: 328767
@!@!@ENDMSG 2221 @!@!@
@!@!@STARTMSG 2221:0 @!@!@
  ||line 416, col 14 to line 416, col 23 of module ticketing3_2: 909870
@!@!@ENDMSG 2221 @!@!@
@!@!@STARTMSG 2221:0 @!@!@
  |line 415, col 12 to line 415, col 20 of module ticketing3_2: 303290
@!@!@ENDMSG 2221 @!@!@
@!@!@STARTMSG 2774:0 @!@!@
<NoDoubleSell line 418, col 1 to line 418, col 12 of module ticketing3_2>
@!@!@ENDMSG 2774 @!@!@
@!@!@STARTMSG 2221:0 @!@!@
  line 419, col 3 to line 420, col 58 of module ticketing3_2: 303290
@!@!@ENDMSG 2221 @!@!@
@!@!@STARTMSG 2221:0 @!@!@
  |line 420, col 5 to line 420, col 58 of module ticketing3_2: 3032900
@!@!@ENDMSG 2221 @!@!@
@!@!@STARTMSG 2221:0 @!@!@
  ||line 420, col 5 to line 420, col 53 of module ticketing3_2: 3032900
@!@!@ENDMSG 2221 @!@!@
@!@!@STARTMSG 2221:0 @!@!@
  |||line 420, col 17 to line 420, col 52 of module ticketing3_2: 3032900
@!@!@ENDMSG 2221 @!@!@
@!@!@STARTMSG 2221:0 @!@!@
  ||||line 420, col 36 to line 420, col 51 of module ticketing3_2: 9098700
@!@!@ENDMSG 2221 @!@!@
@!@!@STARTMSG 2221:0 @!@!@
  ||||line 420, col 24 to line 420, col 32 of module ticketing3_2: 3032900
@!@!@ENDMSG 2221 @!@!@
@!@!@STARTMSG 2221:0 @!@!@
  |line 419, col 12 to line 419, col 16 of module ticketing3_2: 303290
@!@!@ENDMSG 2221 @!@!@
@!@!@STARTMSG 2774:0 @!@!@
<ReservedConsistent line 423, col 1 to line 423, col 18 of module ticketing3_2>
@!@!@ENDMSG 2774 @!@!@
@!@!@STARTMSG 2221:0 @!@!@
  line 424, col 3 to line 425, col 61 of module ticketing3_2: 303290
@!@!@ENDMSG 2221 @!@!@
@!@!@STARTMSG 2221:0 @!@!@
  |line 425, col 5 to line 425, col 61 of module ticketing3_2: 3032900
@!@!@ENDMSG 2221 @!@!@
@!@!@STARTMSG 2221:0 @!@!@
  ||line 425, col 6 to line 425, col 28 of module ticketing3_2: 3032900
@!@!@ENDMSG 2221 @!@!@
@!@!@STARTMSG 2221:0 @!@!@
  ||line 425, col 35 to line 425, col 60 of module ticketing3_2: 195105
@!@!@ENDMSG 2221 @!@!@
@!@!@STARTMSG 2221:0 @!@!@
  |line 424, col 12 to line 424, col 16 of module ticketing3_2: 303290
@!@!@ENDMSG 2221 @!@!@
@!@!@STARTMSG 2774:0 @!@!@
<PaidNoOwner line 427, col 1 to line 427, col 11 of module ticketing3_2>
@!@!@ENDMSG 2774 @!@!@
@!@!@STARTMSG 2221:0 @!@!@
  line 428, col 3 to line 429, col 43 of module ticketing3_2: 303290
@!@!@ENDMSG 2221 @!@!@
@!@!@STARTMSG 2221:0 @!@!@
  |line 429, col 5 to line 429, col 43 of module ticketing3_2: 3032900
@!@!@ENDMSG 2221 @!@!@
@!@!@STARTMSG 2221:0 @!@!@
  ||line 429, col 5 to line 429, col 23 of module ticketing3_2: 3032900
@!@!@ENDMSG 2221 @!@!@
@!@!@STARTMSG 2221:0 @!@!@
  ||line 429, col 28 to line 429, col 43 of module ticketing3_2: 328767
@!@!@ENDMSG 2221 @!@!@
@!@!@STARTMSG 2221:0 @!@!@
  |line 428, col 12 to line 428, col 16 of module ticketing3_2: 303290
@!@!@ENDMSG 2221 @!@!@
@!@!@STARTMSG 2202:0 @!@!@
End of statistics.
@!@!@ENDMSG 2202 @!@!@
@!@!@STARTMSG 2200:0 @!@!@
Progress(90) at 2026-02-04 22:12:47: 942,278 states generated (579,399 s/min), 303,290 distinct states found (186,490 ds/min), 0 states left on queue.
@!@!@ENDMSG 2200 @!@!@
@!@!@STARTMSG 2199:0 @!@!@
942278 states generated, 303290 distinct states found, 0 states left on queue.
@!@!@ENDMSG 2199 @!@!@
@!@!@STARTMSG 2194:0 @!@!@
The depth of the complete state graph search is 90.
@!@!@ENDMSG 2194 @!@!@
@!@!@STARTMSG 2268:0 @!@!@
The average outdegree of the complete state graph is 1 (minimum is 0, the maximum 4 and the 95th percentile is 2).
@!@!@ENDMSG 2268 @!@!@
@!@!@STARTMSG 2186:0 @!@!@
Finished in 97595ms at (2026-02-04 22:12:47)
@!@!@ENDMSG 2186 @!@!@
