@!@!@STARTMSG 2262:0 @!@!@
TLC2 Version 2.16 of 31 December 2020 (rev: cdddf55)
@!@!@ENDMSG 2262 @!@!@
@!@!@STARTMSG 2187:0 @!@!@
Running breadth-first search Model-Checking with fp 61 and seed 7205080084278765571 with 4 workers on 8 cores with 564MB heap and 1266MB offheap memory [pid: 66227] (Linux 6.8.0-90-generic amd64, AdoptOpenJDK 14.0.1 x86_64, OffHeapDiskFPSet, DiskStateQueue).
@!@!@ENDMSG 2187 @!@!@
@!@!@STARTMSG 2220:0 @!@!@
Starting SANY...
@!@!@ENDMSG 2220 @!@!@
Parsing file /home/aline_fortaleza/Documents/classes_TSP/verificationSystems/project/verification_des_system/Part 1/ticketing_1.toolbox/Model_1/MC.tla
Parsing file /home/aline_fortaleza/Documents/classes_TSP/verificationSystems/project/verification_des_system/Part 1/ticketing_1.toolbox/Model_1/ticketing.tla
Warning: symbols were renamed.
Parsing file /home/aline_fortaleza/Documents/TLA/toolbox/plugins/org.lamport.tlatools_1.0.0.202012311918/tla2sany/StandardModules/TLC.tla
Parsing file /home/aline_fortaleza/Documents/TLA/toolbox/plugins/org.lamport.tlatools_1.0.0.202012311918/tla2sany/StandardModules/Integers.tla
Parsing file /home/aline_fortaleza/Documents/TLA/toolbox/plugins/org.lamport.tlatools_1.0.0.202012311918/tla2sany/StandardModules/Sequences.tla
Parsing file /home/aline_fortaleza/Documents/TLA/toolbox/plugins/org.lamport.tlatools_1.0.0.202012311918/tla2sany/StandardModules/FiniteSets.tla
Parsing file /home/aline_fortaleza/Documents/TLA/toolbox/plugins/org.lamport.tlatools_1.0.0.202012311918/tla2sany/StandardModules/Naturals.tla
Semantic processing of module Naturals
Semantic processing of module Integers
Semantic processing of module Sequences
Semantic processing of module FiniteSets
Semantic processing of module TLC
Semantic processing of module ticketing
Semantic processing of module MC
@!@!@STARTMSG 2219:0 @!@!@
SANY finished.
@!@!@ENDMSG 2219 @!@!@
@!@!@STARTMSG 2185:0 @!@!@
Starting... (2026-02-04 17:32:23)
@!@!@ENDMSG 2185 @!@!@
@!@!@STARTMSG 2212:0 @!@!@
Implied-temporal checking--satisfiability problem has 1 branches.
@!@!@ENDMSG 2212 @!@!@
@!@!@STARTMSG 2189:0 @!@!@
Computing initial states...
@!@!@ENDMSG 2189 @!@!@
@!@!@STARTMSG 2190:0 @!@!@
Finished computing initial states: 1 distinct state generated at 2026-02-04 17:32:23.
@!@!@ENDMSG 2190 @!@!@
@!@!@STARTMSG 2110:1 @!@!@
Invariant BadInv_NoRequestsToServer is violated.
@!@!@ENDMSG 2110 @!@!@
@!@!@STARTMSG 2121:1 @!@!@
The behavior up to this point is:
@!@!@ENDMSG 2121 @!@!@
@!@!@STARTMSG 2217:4 @!@!@
1: <Initial predicate>
/\ seatMap = << "available",
   "available",
   "available",
   "available",
   "available",
   "available",
   "available",
   "available",
   "available",
   "available" >>
/\ internalReq = [type |-> "buy", from |-> 0, seat |-> 0, bankID |-> 0]
/\ pc = (0 :> "test" @@ 1 :> "InitTarget" @@ 2 :> "InitTarget" @@ 3 :> "InitTarget")
/\ reply = << [type |-> "buy", from |-> 0, seat |-> 0, bankID |-> 0],
   [type |-> "buy", from |-> 0, seat |-> 0, bankID |-> 0],
   [type |-> "buy", from |-> 0, seat |-> 0, bankID |-> 0] >>
/\ wantSeat = <<1, 1, 1>>
/\ target = <<0, 0, 0>>
/\ Tickets = <<{}, {}, {}>>
/\ id = <<1, 2, 3>>
/\ ip_ = 0
/\ ip = <<1, 2, 3>>
/\ id_ = 0
/\ Channels = (0 :> <<>> @@ 1 :> <<>> @@ 2 :> <<>> @@ 3 :> <<>>)
/\ BankAccount = (0 :> 0 @@ 1 :> 4 @@ 2 :> 4 @@ 3 :> 4)
/\ availSeats = <<{}, {}, {}>>
/\ getFlag = 0
/\ CState = <<"idle", "idle", "idle">>

@!@!@ENDMSG 2217 @!@!@
@!@!@STARTMSG 2217:4 @!@!@
2: <test line 297, col 9 to line 302, col 37 of module ticketing>
/\ seatMap = << "available",
   "available",
   "available",
   "available",
   "available",
   "available",
   "available",
   "available",
   "available",
   "available" >>
/\ internalReq = [type |-> "buy", from |-> 0, seat |-> 0, bankID |-> 0]
/\ pc = (0 :> "s1_" @@ 1 :> "InitTarget" @@ 2 :> "InitTarget" @@ 3 :> "InitTarget")
/\ reply = << [type |-> "buy", from |-> 0, seat |-> 0, bankID |-> 0],
   [type |-> "buy", from |-> 0, seat |-> 0, bankID |-> 0],
   [type |-> "buy", from |-> 0, seat |-> 0, bankID |-> 0] >>
/\ wantSeat = <<1, 1, 1>>
/\ target = <<0, 0, 0>>
/\ Tickets = <<{}, {}, {}>>
/\ id = <<1, 2, 3>>
/\ ip_ = 0
/\ ip = <<1, 2, 3>>
/\ id_ = 0
/\ Channels = (0 :> <<>> @@ 1 :> <<>> @@ 2 :> <<>> @@ 3 :> <<>>)
/\ BankAccount = (0 :> 0 @@ 1 :> 4 @@ 2 :> 4 @@ 3 :> 4)
/\ availSeats = <<{}, {}, {}>>
/\ getFlag = 1
/\ CState = <<"idle", "idle", "idle">>

@!@!@ENDMSG 2217 @!@!@
@!@!@STARTMSG 2217:4 @!@!@
3: <InitTarget line 361, col 21 to line 366, col 70 of module ticketing>
/\ seatMap = << "available",
   "available",
   "available",
   "available",
   "available",
   "available",
   "available",
   "available",
   "available",
   "available" >>
/\ internalReq = [type |-> "buy", from |-> 0, seat |-> 0, bankID |-> 0]
/\ pc = (0 :> "s1_" @@ 1 :> "s1" @@ 2 :> "InitTarget" @@ 3 :> "InitTarget")
/\ reply = << [type |-> "buy", from |-> 0, seat |-> 0, bankID |-> 0],
   [type |-> "buy", from |-> 0, seat |-> 0, bankID |-> 0],
   [type |-> "buy", from |-> 0, seat |-> 0, bankID |-> 0] >>
/\ wantSeat = <<1, 1, 1>>
/\ target = <<1, 0, 0>>
/\ Tickets = <<{}, {}, {}>>
/\ id = <<1, 2, 3>>
/\ ip_ = 0
/\ ip = <<1, 2, 3>>
/\ id_ = 0
/\ Channels = (0 :> <<>> @@ 1 :> <<>> @@ 2 :> <<>> @@ 3 :> <<>>)
/\ BankAccount = (0 :> 0 @@ 1 :> 4 @@ 2 :> 4 @@ 3 :> 4)
/\ availSeats = <<{}, {}, {}>>
/\ getFlag = 1
/\ CState = <<"idle", "idle", "idle">>

@!@!@ENDMSG 2217 @!@!@
@!@!@STARTMSG 2217:4 @!@!@
4: <s1 line 368, col 13 to line 374, col 56 of module ticketing>
/\ seatMap = << "available",
   "available",
   "available",
   "available",
   "available",
   "available",
   "available",
   "available",
   "available",
   "available" >>
/\ internalReq = [type |-> "buy", from |-> 0, seat |-> 0, bankID |-> 0]
/\ pc = (0 :> "s1_" @@ 1 :> "CheckDone" @@ 2 :> "InitTarget" @@ 3 :> "InitTarget")
/\ reply = << [type |-> "buy", from |-> 0, seat |-> 0, bankID |-> 0],
   [type |-> "buy", from |-> 0, seat |-> 0, bankID |-> 0],
   [type |-> "buy", from |-> 0, seat |-> 0, bankID |-> 0] >>
/\ wantSeat = <<1, 1, 1>>
/\ target = <<1, 0, 0>>
/\ Tickets = <<{}, {}, {}>>
/\ id = <<1, 2, 3>>
/\ ip_ = 0
/\ ip = <<1, 2, 3>>
/\ id_ = 0
/\ Channels = (0 :> <<>> @@ 1 :> <<>> @@ 2 :> <<>> @@ 3 :> <<>>)
/\ BankAccount = (0 :> 0 @@ 1 :> 4 @@ 2 :> 4 @@ 3 :> 4)
/\ availSeats = <<{}, {}, {}>>
/\ getFlag = 1
/\ CState = <<"idle", "idle", "idle">>

@!@!@ENDMSG 2217 @!@!@
@!@!@STARTMSG 2217:4 @!@!@
5: <CheckDone line 376, col 20 to line 385, col 73 of module ticketing>
/\ seatMap = << "available",
   "available",
   "available",
   "available",
   "available",
   "available",
   "available",
   "available",
   "available",
   "available" >>
/\ internalReq = [type |-> "buy", from |-> 0, seat |-> 0, bankID |-> 0]
/\ pc = (0 :> "s1_" @@ 1 :> "BWaitIdle" @@ 2 :> "InitTarget" @@ 3 :> "InitTarget")
/\ reply = << [type |-> "buy", from |-> 0, seat |-> 0, bankID |-> 0],
   [type |-> "buy", from |-> 0, seat |-> 0, bankID |-> 0],
   [type |-> "buy", from |-> 0, seat |-> 0, bankID |-> 0] >>
/\ wantSeat = <<1, 1, 1>>
/\ target = <<1, 0, 0>>
/\ Tickets = <<{}, {}, {}>>
/\ id = <<1, 2, 3>>
/\ ip_ = 0
/\ ip = <<1, 2, 3>>
/\ id_ = 0
/\ Channels = (0 :> <<>> @@ 1 :> <<>> @@ 2 :> <<>> @@ 3 :> <<>>)
/\ BankAccount = (0 :> 0 @@ 1 :> 4 @@ 2 :> 4 @@ 3 :> 4)
/\ availSeats = <<{}, {}, {}>>
/\ getFlag = 1
/\ CState = <<"idle", "idle", "idle">>

@!@!@ENDMSG 2217 @!@!@
@!@!@STARTMSG 2217:4 @!@!@
6: <BWaitIdle line 387, col 20 to line 392, col 77 of module ticketing>
/\ seatMap = << "available",
   "available",
   "available",
   "available",
   "available",
   "available",
   "available",
   "available",
   "available",
   "available" >>
/\ internalReq = [type |-> "buy", from |-> 0, seat |-> 0, bankID |-> 0]
/\ pc = (0 :> "s1_" @@ 1 :> "BSend" @@ 2 :> "InitTarget" @@ 3 :> "InitTarget")
/\ reply = << [type |-> "buy", from |-> 0, seat |-> 0, bankID |-> 0],
   [type |-> "buy", from |-> 0, seat |-> 0, bankID |-> 0],
   [type |-> "buy", from |-> 0, seat |-> 0, bankID |-> 0] >>
/\ wantSeat = <<1, 1, 1>>
/\ target = <<1, 0, 0>>
/\ Tickets = <<{}, {}, {}>>
/\ id = <<1, 2, 3>>
/\ ip_ = 0
/\ ip = <<1, 2, 3>>
/\ id_ = 0
/\ Channels = (0 :> <<>> @@ 1 :> <<>> @@ 2 :> <<>> @@ 3 :> <<>>)
/\ BankAccount = (0 :> 0 @@ 1 :> 4 @@ 2 :> 4 @@ 3 :> 4)
/\ availSeats = <<{}, {}, {}>>
/\ getFlag = 1
/\ CState = <<"idle", "idle", "idle">>

@!@!@ENDMSG 2217 @!@!@
@!@!@STARTMSG 2217:4 @!@!@
7: <BSend line 394, col 16 to line 405, col 73 of module ticketing>
/\ seatMap = << "available",
   "available",
   "available",
   "available",
   "available",
   "available",
   "available",
   "available",
   "available",
   "available" >>
/\ internalReq = [type |-> "buy", from |-> 0, seat |-> 0, bankID |-> 0]
/\ pc = (0 :> "s1_" @@ 1 :> "BWaitReply" @@ 2 :> "InitTarget" @@ 3 :> "InitTarget")
/\ reply = << [type |-> "buy", from |-> 0, seat |-> 0, bankID |-> 0],
   [type |-> "buy", from |-> 0, seat |-> 0, bankID |-> 0],
   [type |-> "buy", from |-> 0, seat |-> 0, bankID |-> 0] >>
/\ wantSeat = <<1, 1, 1>>
/\ target = <<1, 0, 0>>
/\ Tickets = <<{}, {}, {}>>
/\ id = <<1, 2, 3>>
/\ ip_ = 0
/\ ip = <<1, 2, 3>>
/\ id_ = 0
/\ Channels = ( 0 :> <<[type |-> "buy", from |-> 1, seat |-> 1, bankID |-> 1]>> @@
  1 :> <<>> @@
  2 :> <<>> @@
  3 :> <<>> )
/\ BankAccount = (0 :> 0 @@ 1 :> 4 @@ 2 :> 4 @@ 3 :> 4)
/\ availSeats = <<{1, 2, 3, 4, 5, 6, 7, 8, 9, 10}, {}, {}>>
/\ getFlag = 1
/\ CState = <<"waiting", "idle", "idle">>

@!@!@ENDMSG 2217 @!@!@
@!@!@STARTMSG 2217:4 @!@!@
8: <InitTarget line 361, col 21 to line 366, col 70 of module ticketing>
/\ seatMap = << "available",
   "available",
   "available",
   "available",
   "available",
   "available",
   "available",
   "available",
   "available",
   "available" >>
/\ internalReq = [type |-> "buy", from |-> 0, seat |-> 0, bankID |-> 0]
/\ pc = (0 :> "s1_" @@ 1 :> "BWaitReply" @@ 2 :> "s1" @@ 3 :> "InitTarget")
/\ reply = << [type |-> "buy", from |-> 0, seat |-> 0, bankID |-> 0],
   [type |-> "buy", from |-> 0, seat |-> 0, bankID |-> 0],
   [type |-> "buy", from |-> 0, seat |-> 0, bankID |-> 0] >>
/\ wantSeat = <<1, 1, 1>>
/\ target = <<1, 1, 0>>
/\ Tickets = <<{}, {}, {}>>
/\ id = <<1, 2, 3>>
/\ ip_ = 0
/\ ip = <<1, 2, 3>>
/\ id_ = 0
/\ Channels = ( 0 :> <<[type |-> "buy", from |-> 1, seat |-> 1, bankID |-> 1]>> @@
  1 :> <<>> @@
  2 :> <<>> @@
  3 :> <<>> )
/\ BankAccount = (0 :> 0 @@ 1 :> 4 @@ 2 :> 4 @@ 3 :> 4)
/\ availSeats = <<{1, 2, 3, 4, 5, 6, 7, 8, 9, 10}, {}, {}>>
/\ getFlag = 1
/\ CState = <<"waiting", "idle", "idle">>

@!@!@ENDMSG 2217 @!@!@
@!@!@STARTMSG 2217:4 @!@!@
9: <s1 line 368, col 13 to line 374, col 56 of module ticketing>
/\ seatMap = << "available",
   "available",
   "available",
   "available",
   "available",
   "available",
   "available",
   "available",
   "available",
   "available" >>
/\ internalReq = [type |-> "buy", from |-> 0, seat |-> 0, bankID |-> 0]
/\ pc = (0 :> "s1_" @@ 1 :> "BWaitReply" @@ 2 :> "CheckDone" @@ 3 :> "InitTarget")
/\ reply = << [type |-> "buy", from |-> 0, seat |-> 0, bankID |-> 0],
   [type |-> "buy", from |-> 0, seat |-> 0, bankID |-> 0],
   [type |-> "buy", from |-> 0, seat |-> 0, bankID |-> 0] >>
/\ wantSeat = <<1, 1, 1>>
/\ target = <<1, 1, 0>>
/\ Tickets = <<{}, {}, {}>>
/\ id = <<1, 2, 3>>
/\ ip_ = 0
/\ ip = <<1, 2, 3>>
/\ id_ = 0
/\ Channels = ( 0 :> <<[type |-> "buy", from |-> 1, seat |-> 1, bankID |-> 1]>> @@
  1 :> <<>> @@
  2 :> <<>> @@
  3 :> <<>> )
/\ BankAccount = (0 :> 0 @@ 1 :> 4 @@ 2 :> 4 @@ 3 :> 4)
/\ availSeats = <<{1, 2, 3, 4, 5, 6, 7, 8, 9, 10}, {}, {}>>
/\ getFlag = 1
/\ CState = <<"waiting", "idle", "idle">>

@!@!@ENDMSG 2217 @!@!@
@!@!@STARTMSG 2217:4 @!@!@
10: <CheckDone line 376, col 20 to line 385, col 73 of module ticketing>
/\ seatMap = << "available",
   "available",
   "available",
   "available",
   "available",
   "available",
   "available",
   "available",
   "available",
   "available" >>
/\ internalReq = [type |-> "buy", from |-> 0, seat |-> 0, bankID |-> 0]
/\ pc = (0 :> "s1_" @@ 1 :> "BWaitReply" @@ 2 :> "BWaitIdle" @@ 3 :> "InitTarget")
/\ reply = << [type |-> "buy", from |-> 0, seat |-> 0, bankID |-> 0],
   [type |-> "buy", from |-> 0, seat |-> 0, bankID |-> 0],
   [type |-> "buy", from |-> 0, seat |-> 0, bankID |-> 0] >>
/\ wantSeat = <<1, 1, 1>>
/\ target = <<1, 1, 0>>
/\ Tickets = <<{}, {}, {}>>
/\ id = <<1, 2, 3>>
/\ ip_ = 0
/\ ip = <<1, 2, 3>>
/\ id_ = 0
/\ Channels = ( 0 :> <<[type |-> "buy", from |-> 1, seat |-> 1, bankID |-> 1]>> @@
  1 :> <<>> @@
  2 :> <<>> @@
  3 :> <<>> )
/\ BankAccount = (0 :> 0 @@ 1 :> 4 @@ 2 :> 4 @@ 3 :> 4)
/\ availSeats = <<{1, 2, 3, 4, 5, 6, 7, 8, 9, 10}, {}, {}>>
/\ getFlag = 1
/\ CState = <<"waiting", "idle", "idle">>

@!@!@ENDMSG 2217 @!@!@
@!@!@STARTMSG 2217:4 @!@!@
11: <BWaitIdle line 387, col 20 to line 392, col 77 of module ticketing>
/\ seatMap = << "available",
   "available",
   "available",
   "available",
   "available",
   "available",
   "available",
   "available",
   "available",
   "available" >>
/\ internalReq = [type |-> "buy", from |-> 0, seat |-> 0, bankID |-> 0]
/\ pc = (0 :> "s1_" @@ 1 :> "BWaitReply" @@ 2 :> "BSend" @@ 3 :> "InitTarget")
/\ reply = << [type |-> "buy", from |-> 0, seat |-> 0, bankID |-> 0],
   [type |-> "buy", from |-> 0, seat |-> 0, bankID |-> 0],
   [type |-> "buy", from |-> 0, seat |-> 0, bankID |-> 0] >>
/\ wantSeat = <<1, 1, 1>>
/\ target = <<1, 1, 0>>
/\ Tickets = <<{}, {}, {}>>
/\ id = <<1, 2, 3>>
/\ ip_ = 0
/\ ip = <<1, 2, 3>>
/\ id_ = 0
/\ Channels = ( 0 :> <<[type |-> "buy", from |-> 1, seat |-> 1, bankID |-> 1]>> @@
  1 :> <<>> @@
  2 :> <<>> @@
  3 :> <<>> )
/\ BankAccount = (0 :> 0 @@ 1 :> 4 @@ 2 :> 4 @@ 3 :> 4)
/\ availSeats = <<{1, 2, 3, 4, 5, 6, 7, 8, 9, 10}, {}, {}>>
/\ getFlag = 1
/\ CState = <<"waiting", "idle", "idle">>

@!@!@ENDMSG 2217 @!@!@
@!@!@STARTMSG 2217:4 @!@!@
12: <BSend line 394, col 16 to line 405, col 73 of module ticketing>
/\ seatMap = << "available",
   "available",
   "available",
   "available",
   "available",
   "available",
   "available",
   "available",
   "available",
   "available" >>
/\ internalReq = [type |-> "buy", from |-> 0, seat |-> 0, bankID |-> 0]
/\ pc = (0 :> "s1_" @@ 1 :> "BWaitReply" @@ 2 :> "BWaitReply" @@ 3 :> "InitTarget")
/\ reply = << [type |-> "buy", from |-> 0, seat |-> 0, bankID |-> 0],
   [type |-> "buy", from |-> 0, seat |-> 0, bankID |-> 0],
   [type |-> "buy", from |-> 0, seat |-> 0, bankID |-> 0] >>
/\ wantSeat = <<1, 1, 1>>
/\ target = <<1, 1, 0>>
/\ Tickets = <<{}, {}, {}>>
/\ id = <<1, 2, 3>>
/\ ip_ = 0
/\ ip = <<1, 2, 3>>
/\ id_ = 0
/\ Channels = ( 0 :>
      << [type |-> "buy", from |-> 1, seat |-> 1, bankID |-> 1],
         [type |-> "buy", from |-> 2, seat |-> 1, bankID |-> 2] >> @@
  1 :> <<>> @@
  2 :> <<>> @@
  3 :> <<>> )
/\ BankAccount = (0 :> 0 @@ 1 :> 4 @@ 2 :> 4 @@ 3 :> 4)
/\ availSeats = <<{1, 2, 3, 4, 5, 6, 7, 8, 9, 10}, {1, 2, 3, 4, 5, 6, 7, 8, 9, 10}, {}>>
/\ getFlag = 1
/\ CState = <<"waiting", "waiting", "idle">>

@!@!@ENDMSG 2217 @!@!@
@!@!@STARTMSG 2217:4 @!@!@
13: <InitTarget line 361, col 21 to line 366, col 70 of module ticketing>
/\ seatMap = << "available",
   "available",
   "available",
   "available",
   "available",
   "available",
   "available",
   "available",
   "available",
   "available" >>
/\ internalReq = [type |-> "buy", from |-> 0, seat |-> 0, bankID |-> 0]
/\ pc = (0 :> "s1_" @@ 1 :> "BWaitReply" @@ 2 :> "BWaitReply" @@ 3 :> "s1")
/\ reply = << [type |-> "buy", from |-> 0, seat |-> 0, bankID |-> 0],
   [type |-> "buy", from |-> 0, seat |-> 0, bankID |-> 0],
   [type |-> "buy", from |-> 0, seat |-> 0, bankID |-> 0] >>
/\ wantSeat = <<1, 1, 1>>
/\ target = <<1, 1, 1>>
/\ Tickets = <<{}, {}, {}>>
/\ id = <<1, 2, 3>>
/\ ip_ = 0
/\ ip = <<1, 2, 3>>
/\ id_ = 0
/\ Channels = ( 0 :>
      << [type |-> "buy", from |-> 1, seat |-> 1, bankID |-> 1],
         [type |-> "buy", from |-> 2, seat |-> 1, bankID |-> 2] >> @@
  1 :> <<>> @@
  2 :> <<>> @@
  3 :> <<>> )
/\ BankAccount = (0 :> 0 @@ 1 :> 4 @@ 2 :> 4 @@ 3 :> 4)
/\ availSeats = <<{1, 2, 3, 4, 5, 6, 7, 8, 9, 10}, {1, 2, 3, 4, 5, 6, 7, 8, 9, 10}, {}>>
/\ getFlag = 1
/\ CState = <<"waiting", "waiting", "idle">>

@!@!@ENDMSG 2217 @!@!@
@!@!@STARTMSG 2217:4 @!@!@
14: <s1 line 368, col 13 to line 374, col 56 of module ticketing>
/\ seatMap = << "available",
   "available",
   "available",
   "available",
   "available",
   "available",
   "available",
   "available",
   "available",
   "available" >>
/\ internalReq = [type |-> "buy", from |-> 0, seat |-> 0, bankID |-> 0]
/\ pc = (0 :> "s1_" @@ 1 :> "BWaitReply" @@ 2 :> "BWaitReply" @@ 3 :> "CheckDone")
/\ reply = << [type |-> "buy", from |-> 0, seat |-> 0, bankID |-> 0],
   [type |-> "buy", from |-> 0, seat |-> 0, bankID |-> 0],
   [type |-> "buy", from |-> 0, seat |-> 0, bankID |-> 0] >>
/\ wantSeat = <<1, 1, 1>>
/\ target = <<1, 1, 1>>
/\ Tickets = <<{}, {}, {}>>
/\ id = <<1, 2, 3>>
/\ ip_ = 0
/\ ip = <<1, 2, 3>>
/\ id_ = 0
/\ Channels = ( 0 :>
      << [type |-> "buy", from |-> 1, seat |-> 1, bankID |-> 1],
         [type |-> "buy", from |-> 2, seat |-> 1, bankID |-> 2] >> @@
  1 :> <<>> @@
  2 :> <<>> @@
  3 :> <<>> )
/\ BankAccount = (0 :> 0 @@ 1 :> 4 @@ 2 :> 4 @@ 3 :> 4)
/\ availSeats = <<{1, 2, 3, 4, 5, 6, 7, 8, 9, 10}, {1, 2, 3, 4, 5, 6, 7, 8, 9, 10}, {}>>
/\ getFlag = 1
/\ CState = <<"waiting", "waiting", "idle">>

@!@!@ENDMSG 2217 @!@!@
@!@!@STARTMSG 2217:4 @!@!@
15: <CheckDone line 376, col 20 to line 385, col 73 of module ticketing>
/\ seatMap = << "available",
   "available",
   "available",
   "available",
   "available",
   "available",
   "available",
   "available",
   "available",
   "available" >>
/\ internalReq = [type |-> "buy", from |-> 0, seat |-> 0, bankID |-> 0]
/\ pc = (0 :> "s1_" @@ 1 :> "BWaitReply" @@ 2 :> "BWaitReply" @@ 3 :> "BWaitIdle")
/\ reply = << [type |-> "buy", from |-> 0, seat |-> 0, bankID |-> 0],
   [type |-> "buy", from |-> 0, seat |-> 0, bankID |-> 0],
   [type |-> "buy", from |-> 0, seat |-> 0, bankID |-> 0] >>
/\ wantSeat = <<1, 1, 1>>
/\ target = <<1, 1, 1>>
/\ Tickets = <<{}, {}, {}>>
/\ id = <<1, 2, 3>>
/\ ip_ = 0
/\ ip = <<1, 2, 3>>
/\ id_ = 0
/\ Channels = ( 0 :>
      << [type |-> "buy", from |-> 1, seat |-> 1, bankID |-> 1],
         [type |-> "buy", from |-> 2, seat |-> 1, bankID |-> 2] >> @@
  1 :> <<>> @@
  2 :> <<>> @@
  3 :> <<>> )
/\ BankAccount = (0 :> 0 @@ 1 :> 4 @@ 2 :> 4 @@ 3 :> 4)
/\ availSeats = <<{1, 2, 3, 4, 5, 6, 7, 8, 9, 10}, {1, 2, 3, 4, 5, 6, 7, 8, 9, 10}, {}>>
/\ getFlag = 1
/\ CState = <<"waiting", "waiting", "idle">>

@!@!@ENDMSG 2217 @!@!@
@!@!@STARTMSG 2217:4 @!@!@
16: <BWaitIdle line 387, col 20 to line 392, col 77 of module ticketing>
/\ seatMap = << "available",
   "available",
   "available",
   "available",
   "available",
   "available",
   "available",
   "available",
   "available",
   "available" >>
/\ internalReq = [type |-> "buy", from |-> 0, seat |-> 0, bankID |-> 0]
/\ pc = (0 :> "s1_" @@ 1 :> "BWaitReply" @@ 2 :> "BWaitReply" @@ 3 :> "BSend")
/\ reply = << [type |-> "buy", from |-> 0, seat |-> 0, bankID |-> 0],
   [type |-> "buy", from |-> 0, seat |-> 0, bankID |-> 0],
   [type |-> "buy", from |-> 0, seat |-> 0, bankID |-> 0] >>
/\ wantSeat = <<1, 1, 1>>
/\ target = <<1, 1, 1>>
/\ Tickets = <<{}, {}, {}>>
/\ id = <<1, 2, 3>>
/\ ip_ = 0
/\ ip = <<1, 2, 3>>
/\ id_ = 0
/\ Channels = ( 0 :>
      << [type |-> "buy", from |-> 1, seat |-> 1, bankID |-> 1],
         [type |-> "buy", from |-> 2, seat |-> 1, bankID |-> 2] >> @@
  1 :> <<>> @@
  2 :> <<>> @@
  3 :> <<>> )
/\ BankAccount = (0 :> 0 @@ 1 :> 4 @@ 2 :> 4 @@ 3 :> 4)
/\ availSeats = <<{1, 2, 3, 4, 5, 6, 7, 8, 9, 10}, {1, 2, 3, 4, 5, 6, 7, 8, 9, 10}, {}>>
/\ getFlag = 1
/\ CState = <<"waiting", "waiting", "idle">>

@!@!@ENDMSG 2217 @!@!@
@!@!@STARTMSG 2217:4 @!@!@
17: <BSend line 394, col 16 to line 405, col 73 of module ticketing>
/\ seatMap = << "available",
   "available",
   "available",
   "available",
   "available",
   "available",
   "available",
   "available",
   "available",
   "available" >>
/\ internalReq = [type |-> "buy", from |-> 0, seat |-> 0, bankID |-> 0]
/\ pc = (0 :> "s1_" @@ 1 :> "BWaitReply" @@ 2 :> "BWaitReply" @@ 3 :> "BWaitReply")
/\ reply = << [type |-> "buy", from |-> 0, seat |-> 0, bankID |-> 0],
   [type |-> "buy", from |-> 0, seat |-> 0, bankID |-> 0],
   [type |-> "buy", from |-> 0, seat |-> 0, bankID |-> 0] >>
/\ wantSeat = <<1, 1, 1>>
/\ target = <<1, 1, 1>>
/\ Tickets = <<{}, {}, {}>>
/\ id = <<1, 2, 3>>
/\ ip_ = 0
/\ ip = <<1, 2, 3>>
/\ id_ = 0
/\ Channels = ( 0 :>
      << [type |-> "buy", from |-> 1, seat |-> 1, bankID |-> 1],
         [type |-> "buy", from |-> 2, seat |-> 1, bankID |-> 2],
         [type |-> "buy", from |-> 3, seat |-> 1, bankID |-> 3] >> @@
  1 :> <<>> @@
  2 :> <<>> @@
  3 :> <<>> )
/\ BankAccount = (0 :> 0 @@ 1 :> 4 @@ 2 :> 4 @@ 3 :> 4)
/\ availSeats = << {1, 2, 3, 4, 5, 6, 7, 8, 9, 10},
   {1, 2, 3, 4, 5, 6, 7, 8, 9, 10},
   {1, 2, 3, 4, 5, 6, 7, 8, 9, 10} >>
/\ getFlag = 1
/\ CState = <<"waiting", "waiting", "waiting">>

@!@!@ENDMSG 2217 @!@!@
@!@!@STARTMSG 2201:0 @!@!@
The coverage statistics at 2026-02-04 17:32:24
@!@!@ENDMSG 2201 @!@!@
@!@!@STARTMSG 2773:0 @!@!@
<Init line 276, col 1 to line 276, col 4 of module ticketing>: 2:2
@!@!@ENDMSG 2773 @!@!@
@!@!@STARTMSG 2221:0 @!@!@
  line 277, col 9 to line 295, col 78 of module ticketing: 2
@!@!@ENDMSG 2221 @!@!@
@!@!@STARTMSG 2772:0 @!@!@
<test line 297, col 1 to line 297, col 4 of module ticketing>: 1:225
@!@!@ENDMSG 2772 @!@!@
@!@!@STARTMSG 2221:0 @!@!@
  line 297, col 12 to line 297, col 25 of module ticketing: 1320
@!@!@ENDMSG 2221 @!@!@
@!@!@STARTMSG 2221:0 @!@!@
  |line 297, col 12 to line 297, col 16 of module ticketing: 1095
@!@!@ENDMSG 2221 @!@!@
@!@!@STARTMSG 2221:0 @!@!@
  line 298, col 12 to line 298, col 23 of module ticketing: 225
@!@!@ENDMSG 2221 @!@!@
@!@!@STARTMSG 2221:0 @!@!@
  line 299, col 12 to line 299, col 41 of module ticketing: 225
@!@!@ENDMSG 2221 @!@!@
@!@!@STARTMSG 2221:0 @!@!@
  line 300, col 12 to line 302, col 37 of module ticketing: 225
@!@!@ENDMSG 2221 @!@!@
@!@!@STARTMSG 2772:0 @!@!@
<s1_ line 304, col 1 to line 304, col 3 of module ticketing>: 39:393
@!@!@ENDMSG 2772 @!@!@
@!@!@STARTMSG 2221:0 @!@!@
  line 304, col 11 to line 304, col 23 of module ticketing: 1487
@!@!@ENDMSG 2221 @!@!@
@!@!@STARTMSG 2221:0 @!@!@
  |line 304, col 11 to line 304, col 15 of module ticketing: 1094
@!@!@ENDMSG 2221 @!@!@
@!@!@STARTMSG 2221:0 @!@!@
  line 305, col 11 to line 305, col 39 of module ticketing: 393
@!@!@ENDMSG 2221 @!@!@
@!@!@STARTMSG 2221:0 @!@!@
  line 306, col 11 to line 308, col 44 of module ticketing: 393
@!@!@ENDMSG 2221 @!@!@
@!@!@STARTMSG 2772:0 @!@!@
<WW line 310, col 1 to line 310, col 2 of module ticketing>: 40:99
@!@!@ENDMSG 2772 @!@!@
@!@!@STARTMSG 2221:0 @!@!@
  line 310, col 10 to line 310, col 21 of module ticketing: 1193
@!@!@ENDMSG 2221 @!@!@
@!@!@STARTMSG 2221:0 @!@!@
  |line 310, col 10 to line 310, col 14 of module ticketing: 1094
@!@!@ENDMSG 2221 @!@!@
@!@!@STARTMSG 2221:0 @!@!@
  line 311, col 10 to line 311, col 21 of module ticketing: 99
@!@!@ENDMSG 2221 @!@!@
@!@!@STARTMSG 2221:0 @!@!@
  line 312, col 10 to line 312, col 29 of module ticketing: 99
@!@!@ENDMSG 2221 @!@!@
@!@!@STARTMSG 2221:0 @!@!@
  |line 312, col 10 to line 312, col 25 of module ticketing: 311
@!@!@ENDMSG 2221 @!@!@
@!@!@STARTMSG 2221:0 @!@!@
  line 313, col 10 to line 313, col 39 of module ticketing: 99
@!@!@ENDMSG 2221 @!@!@
@!@!@STARTMSG 2221:0 @!@!@
  line 314, col 10 to line 316, col 35 of module ticketing: 99
@!@!@ENDMSG 2221 @!@!@
@!@!@STARTMSG 2772:0 @!@!@
<GET line 318, col 1 to line 318, col 3 of module ticketing>: 33:90
@!@!@ENDMSG 2772 @!@!@
@!@!@STARTMSG 2221:0 @!@!@
  line 318, col 11 to line 318, col 23 of module ticketing: 1184
@!@!@ENDMSG 2221 @!@!@
@!@!@STARTMSG 2221:0 @!@!@
  |line 318, col 11 to line 318, col 15 of module ticketing: 1094
@!@!@ENDMSG 2221 @!@!@
@!@!@STARTMSG 2221:0 @!@!@
  line 319, col 11 to line 319, col 42 of module ticketing: 90
@!@!@ENDMSG 2221 @!@!@
@!@!@STARTMSG 2221:0 @!@!@
  line 320, col 11 to line 320, col 66 of module ticketing: 90
@!@!@ENDMSG 2221 @!@!@
@!@!@STARTMSG 2221:0 @!@!@
  line 321, col 11 to line 321, col 42 of module ticketing: 90
@!@!@ENDMSG 2221 @!@!@
@!@!@STARTMSG 2221:0 @!@!@
  line 322, col 11 to line 323, col 74 of module ticketing: 90
@!@!@ENDMSG 2221 @!@!@
@!@!@STARTMSG 2772:0 @!@!@
<TREAT line 325, col 1 to line 325, col 5 of module ticketing>: 44:76
@!@!@ENDMSG 2772 @!@!@
@!@!@STARTMSG 2221:0 @!@!@
  line 325, col 13 to line 325, col 27 of module ticketing: 1170
@!@!@ENDMSG 2221 @!@!@
@!@!@STARTMSG 2221:0 @!@!@
  |line 325, col 13 to line 325, col 17 of module ticketing: 1094
@!@!@ENDMSG 2221 @!@!@
@!@!@STARTMSG 2221:0 @!@!@
  line 326, col 16 to line 326, col 39 of module ticketing: 76
@!@!@ENDMSG 2221 @!@!@
@!@!@STARTMSG 2221:0 @!@!@
  line 327, col 27 to line 328, col 64 of module ticketing: 76
@!@!@ENDMSG 2221 @!@!@
@!@!@STARTMSG 2221:0 @!@!@
  line 329, col 32 to line 339, col 109 of module ticketing: 76
@!@!@ENDMSG 2221 @!@!@
@!@!@STARTMSG 2221:0 @!@!@
  line 340, col 35 to line 344, col 109 of module ticketing: 0
@!@!@ENDMSG 2221 @!@!@
@!@!@STARTMSG 2221:0 @!@!@
  line 345, col 35 to line 345, col 79 of module ticketing: 0
@!@!@ENDMSG 2221 @!@!@
@!@!@STARTMSG 2221:0 @!@!@
  line 347, col 24 to line 347, col 78 of module ticketing: 0
@!@!@ENDMSG 2221 @!@!@
@!@!@STARTMSG 2221:0 @!@!@
  line 348, col 13 to line 348, col 42 of module ticketing: 76
@!@!@ENDMSG 2221 @!@!@
@!@!@STARTMSG 2221:0 @!@!@
  line 349, col 13 to line 350, col 63 of module ticketing: 76
@!@!@ENDMSG 2221 @!@!@
@!@!@STARTMSG 2772:0 @!@!@
<Done__ line 352, col 1 to line 352, col 6 of module ticketing>: 0:0
@!@!@ENDMSG 2772 @!@!@
@!@!@STARTMSG 2221:0 @!@!@
  line 352, col 14 to line 352, col 29 of module ticketing: 1094
@!@!@ENDMSG 2221 @!@!@
@!@!@STARTMSG 2221:0 @!@!@
  line 354, col 14 to line 354, col 46 of module ticketing: 0
@!@!@ENDMSG 2221 @!@!@
@!@!@STARTMSG 2221:0 @!@!@
  line 355, col 14 to line 357, col 54 of module ticketing: 0
@!@!@ENDMSG 2221 @!@!@
@!@!@STARTMSG 2772:0 @!@!@
<InitTarget line 361, col 1 to line 361, col 16 of module ticketing>: 156:598
@!@!@ENDMSG 2772 @!@!@
@!@!@STARTMSG 2221:0 @!@!@
  line 361, col 24 to line 361, col 46 of module ticketing: 3863
@!@!@ENDMSG 2221 @!@!@
@!@!@STARTMSG 2221:0 @!@!@
  |line 361, col 24 to line 361, col 31 of module ticketing: 3265
@!@!@ENDMSG 2221 @!@!@
@!@!@STARTMSG 2221:0 @!@!@
  line 362, col 24 to line 362, col 107 of module ticketing: 598
@!@!@ENDMSG 2221 @!@!@
@!@!@STARTMSG 2221:0 @!@!@
  line 363, col 24 to line 363, col 55 of module ticketing: 598
@!@!@ENDMSG 2221 @!@!@
@!@!@STARTMSG 2221:0 @!@!@
  line 364, col 24 to line 366, col 70 of module ticketing: 598
@!@!@ENDMSG 2221 @!@!@
@!@!@STARTMSG 2772:0 @!@!@
<s1 line 368, col 1 to line 368, col 8 of module ticketing>: 226:550
@!@!@ENDMSG 2772 @!@!@
@!@!@STARTMSG 2221:0 @!@!@
  line 368, col 16 to line 368, col 30 of module ticketing: 3812
@!@!@ENDMSG 2221 @!@!@
@!@!@STARTMSG 2221:0 @!@!@
  |line 368, col 16 to line 368, col 23 of module ticketing: 3262
@!@!@ENDMSG 2221 @!@!@
@!@!@STARTMSG 2221:0 @!@!@
  line 369, col 19 to line 369, col 39 of module ticketing: 550
@!@!@ENDMSG 2221 @!@!@
@!@!@STARTMSG 2221:0 @!@!@
  line 370, col 24 to line 370, col 65 of module ticketing: 549
@!@!@ENDMSG 2221 @!@!@
@!@!@STARTMSG 2221:0 @!@!@
  line 371, col 24 to line 371, col 61 of module ticketing: 1
@!@!@ENDMSG 2221 @!@!@
@!@!@STARTMSG 2221:0 @!@!@
  line 372, col 16 to line 374, col 56 of module ticketing: 550
@!@!@ENDMSG 2221 @!@!@
@!@!@STARTMSG 2772:0 @!@!@
<CheckDone line 376, col 1 to line 376, col 15 of module ticketing>: 205:496
@!@!@ENDMSG 2772 @!@!@
@!@!@STARTMSG 2221:0 @!@!@
  line 376, col 23 to line 376, col 44 of module ticketing: 3755
@!@!@ENDMSG 2221 @!@!@
@!@!@STARTMSG 2221:0 @!@!@
  |line 376, col 23 to line 376, col 30 of module ticketing: 3259
@!@!@ENDMSG 2221 @!@!@
@!@!@STARTMSG 2221:0 @!@!@
  line 377, col 26 to line 378, col 66 of module ticketing: 496
@!@!@ENDMSG 2221 @!@!@
@!@!@STARTMSG 2221:0 @!@!@
  |line 377, col 26 to line 377, col 67 of module ticketing: 496
@!@!@ENDMSG 2221 @!@!@
@!@!@STARTMSG 2221:0 @!@!@
  |line 378, col 30 to line 378, col 65 of module ticketing: 490
@!@!@ENDMSG 2221 @!@!@
@!@!@STARTMSG 2221:0 @!@!@
  ||line 378, col 47 to line 378, col 65 of module ticketing: 578
@!@!@ENDMSG 2221 @!@!@
@!@!@STARTMSG 2221:0 @!@!@
  ||line 378, col 39 to line 378, col 43 of module ticketing: 490
@!@!@ENDMSG 2221 @!@!@
@!@!@STARTMSG 2221:0 @!@!@
  line 379, col 31 to line 380, col 65 of module ticketing: 6
@!@!@ENDMSG 2221 @!@!@
@!@!@STARTMSG 2221:0 @!@!@
  line 381, col 34 to line 381, col 72 of module ticketing: 490
@!@!@ENDMSG 2221 @!@!@
@!@!@STARTMSG 2221:0 @!@!@
  line 382, col 34 to line 382, col 49 of module ticketing: 490
@!@!@ENDMSG 2221 @!@!@
@!@!@STARTMSG 2221:0 @!@!@
  line 383, col 23 to line 385, col 73 of module ticketing: 496
@!@!@ENDMSG 2221 @!@!@
@!@!@STARTMSG 2772:0 @!@!@
<BWaitIdle line 387, col 1 to line 387, col 15 of module ticketing>: 200:436
@!@!@ENDMSG 2772 @!@!@
@!@!@STARTMSG 2221:0 @!@!@
  line 387, col 23 to line 387, col 44 of module ticketing: 3692
@!@!@ENDMSG 2221 @!@!@
@!@!@STARTMSG 2221:0 @!@!@
  |line 387, col 23 to line 387, col 30 of module ticketing: 3256
@!@!@ENDMSG 2221 @!@!@
@!@!@STARTMSG 2221:0 @!@!@
  line 388, col 24 to line 388, col 44 of module ticketing: 872
@!@!@ENDMSG 2221 @!@!@
@!@!@STARTMSG 2221:0 @!@!@
  |line 388, col 24 to line 388, col 35 of module ticketing: 436
@!@!@ENDMSG 2221 @!@!@
@!@!@STARTMSG 2221:0 @!@!@
  line 389, col 23 to line 389, col 57 of module ticketing: 436
@!@!@ENDMSG 2221 @!@!@
@!@!@STARTMSG 2221:0 @!@!@
  line 390, col 23 to line 392, col 77 of module ticketing: 436
@!@!@ENDMSG 2221 @!@!@
@!@!@STARTMSG 2772:0 @!@!@
<BSend line 394, col 1 to line 394, col 11 of module ticketing>: 203:382
@!@!@ENDMSG 2772 @!@!@
@!@!@STARTMSG 2221:0 @!@!@
  line 394, col 19 to line 394, col 36 of module ticketing: 3631
@!@!@ENDMSG 2221 @!@!@
@!@!@STARTMSG 2221:0 @!@!@
  |line 394, col 19 to line 394, col 26 of module ticketing: 3253
@!@!@ENDMSG 2221 @!@!@
@!@!@STARTMSG 2221:0 @!@!@
  line 395, col 19 to line 395, col 63 of module ticketing: 378
@!@!@ENDMSG 2221 @!@!@
@!@!@STARTMSG 2221:0 @!@!@
  |line 395, col 29 to line 395, col 63 of module ticketing: 382
@!@!@ENDMSG 2221 @!@!@
@!@!@STARTMSG 2221:0 @!@!@
  line 396, col 19 to line 396, col 102 of module ticketing: 378
@!@!@ENDMSG 2221 @!@!@
@!@!@STARTMSG 2221:0 @!@!@
  |line 396, col 33 to line 396, col 102 of module ticketing: 382
@!@!@ENDMSG 2221 @!@!@
@!@!@STARTMSG 2221:0 @!@!@
  ||line 396, col 34 to line 396, col 43 of module ticketing: 382
@!@!@ENDMSG 2221 @!@!@
@!@!@STARTMSG 2221:0 @!@!@
  ||line 396, col 52 to line 396, col 101 of module ticketing: 382
@!@!@ENDMSG 2221 @!@!@
@!@!@STARTMSG 2775:0 @!@!@
  ||line 396, col 62 to line 396, col 101 of module ticketing: 382:757
@!@!@ENDMSG 2775 @!@!@
@!@!@STARTMSG 2221:0 @!@!@
  |||line 396, col 77 to line 396, col 100 of module ticketing: 3820
@!@!@ENDMSG 2221 @!@!@
@!@!@STARTMSG 2221:0 @!@!@
  |||line 396, col 69 to line 396, col 73 of module ticketing: 382
@!@!@ENDMSG 2221 @!@!@
@!@!@STARTMSG 2221:0 @!@!@
  line 397, col 19 to line 397, col 95 of module ticketing: 378
@!@!@ENDMSG 2221 @!@!@
@!@!@STARTMSG 2221:0 @!@!@
  |line 397, col 31 to line 397, col 95 of module ticketing: 382
@!@!@ENDMSG 2221 @!@!@
@!@!@STARTMSG 2221:0 @!@!@
  line 398, col 19 to line 402, col 83 of module ticketing: 378
@!@!@ENDMSG 2221 @!@!@
@!@!@STARTMSG 2221:0 @!@!@
  |line 398, col 31 to line 402, col 83 of module ticketing: 382
@!@!@ENDMSG 2221 @!@!@
@!@!@STARTMSG 2221:0 @!@!@
  line 403, col 19 to line 403, col 58 of module ticketing: 378
@!@!@ENDMSG 2221 @!@!@
@!@!@STARTMSG 2221:0 @!@!@
  |line 403, col 25 to line 403, col 58 of module ticketing: 382
@!@!@ENDMSG 2221 @!@!@
@!@!@STARTMSG 2221:0 @!@!@
  line 404, col 19 to line 405, col 73 of module ticketing: 378
@!@!@ENDMSG 2221 @!@!@
@!@!@STARTMSG 2772:0 @!@!@
<BWaitReply line 407, col 1 to line 407, col 16 of module ticketing>: 58:104
@!@!@ENDMSG 2772 @!@!@
@!@!@STARTMSG 2221:0 @!@!@
  line 407, col 24 to line 407, col 46 of module ticketing: 3350
@!@!@ENDMSG 2221 @!@!@
@!@!@STARTMSG 2221:0 @!@!@
  |line 407, col 24 to line 407, col 31 of module ticketing: 3246
@!@!@ENDMSG 2221 @!@!@
@!@!@STARTMSG 2221:0 @!@!@
  line 408, col 25 to line 408, col 51 of module ticketing: 104
@!@!@ENDMSG 2221 @!@!@
@!@!@STARTMSG 2221:0 @!@!@
  |line 408, col 25 to line 408, col 47 of module ticketing: 696
@!@!@ENDMSG 2221 @!@!@
@!@!@STARTMSG 2221:0 @!@!@
  line 409, col 24 to line 409, col 60 of module ticketing: 104
@!@!@ENDMSG 2221 @!@!@
@!@!@STARTMSG 2221:0 @!@!@
  line 410, col 24 to line 412, col 78 of module ticketing: 104
@!@!@ENDMSG 2221 @!@!@
@!@!@STARTMSG 2772:0 @!@!@
<BBuying line 414, col 1 to line 414, col 13 of module ticketing>: 36:67
@!@!@ENDMSG 2772 @!@!@
@!@!@STARTMSG 2221:0 @!@!@
  line 414, col 21 to line 414, col 40 of module ticketing: 3313
@!@!@ENDMSG 2221 @!@!@
@!@!@STARTMSG 2221:0 @!@!@
  |line 414, col 21 to line 414, col 28 of module ticketing: 3246
@!@!@ENDMSG 2221 @!@!@
@!@!@STARTMSG 2221:0 @!@!@
  line 415, col 21 to line 415, col 78 of module ticketing: 67
@!@!@ENDMSG 2221 @!@!@
@!@!@STARTMSG 2221:0 @!@!@
  line 416, col 21 to line 416, col 88 of module ticketing: 67
@!@!@ENDMSG 2221 @!@!@
@!@!@STARTMSG 2221:0 @!@!@
  line 417, col 21 to line 417, col 57 of module ticketing: 67
@!@!@ENDMSG 2221 @!@!@
@!@!@STARTMSG 2221:0 @!@!@
  line 418, col 21 to line 420, col 64 of module ticketing: 67
@!@!@ENDMSG 2221 @!@!@
@!@!@STARTMSG 2772:0 @!@!@
<BUpdate line 422, col 1 to line 422, col 13 of module ticketing>: 27:40
@!@!@ENDMSG 2772 @!@!@
@!@!@STARTMSG 2221:0 @!@!@
  line 422, col 21 to line 422, col 40 of module ticketing: 3286
@!@!@ENDMSG 2221 @!@!@
@!@!@STARTMSG 2221:0 @!@!@
  |line 422, col 21 to line 422, col 28 of module ticketing: 3246
@!@!@ENDMSG 2221 @!@!@
@!@!@STARTMSG 2221:0 @!@!@
  line 423, col 21 to line 423, col 24 of module ticketing: 40
@!@!@ENDMSG 2221 @!@!@
@!@!@STARTMSG 2221:0 @!@!@
  line 424, col 21 to line 424, col 62 of module ticketing: 40
@!@!@ENDMSG 2221 @!@!@
@!@!@STARTMSG 2221:0 @!@!@
  line 425, col 21 to line 425, col 52 of module ticketing: 40
@!@!@ENDMSG 2221 @!@!@
@!@!@STARTMSG 2221:0 @!@!@
  line 426, col 21 to line 428, col 71 of module ticketing: 40
@!@!@ENDMSG 2221 @!@!@
@!@!@STARTMSG 2772:0 @!@!@
<Done_ line 430, col 1 to line 430, col 11 of module ticketing>: 0:0
@!@!@ENDMSG 2772 @!@!@
@!@!@STARTMSG 2221:0 @!@!@
  line 430, col 19 to line 430, col 36 of module ticketing: 3246
@!@!@ENDMSG 2221 @!@!@
@!@!@STARTMSG 2221:0 @!@!@
  line 432, col 19 to line 432, col 53 of module ticketing: 0
@!@!@ENDMSG 2221 @!@!@
@!@!@STARTMSG 2221:0 @!@!@
  line 433, col 19 to line 435, col 69 of module ticketing: 0
@!@!@ENDMSG 2221 @!@!@
@!@!@STARTMSG 2772:0 @!@!@
<Terminating line 442, col 1 to line 442, col 11 of module ticketing>: 0:0
@!@!@ENDMSG 2772 @!@!@
@!@!@STARTMSG 2221:0 @!@!@
  line 442, col 19 to line 442, col 56 of module ticketing: 1075
@!@!@ENDMSG 2221 @!@!@
@!@!@STARTMSG 2221:0 @!@!@
  line 443, col 19 to line 443, col 32 of module ticketing: 0
@!@!@ENDMSG 2221 @!@!@
@!@!@STARTMSG 2774:0 @!@!@
<TypeOK line 236, col 1 to line 236, col 6 of module ticketing>
@!@!@ENDMSG 2774 @!@!@
@!@!@STARTMSG 2221:0 @!@!@
  line 237, col 3 to line 241, col 56 of module ticketing: 1269
@!@!@ENDMSG 2221 @!@!@
@!@!@STARTMSG 2774:0 @!@!@
<MoneyTicketsInv line 243, col 1 to line 243, col 15 of module ticketing>
@!@!@ENDMSG 2774 @!@!@
@!@!@STARTMSG 2221:0 @!@!@
  line 244, col 3 to line 245, col 56 of module ticketing: 1269
@!@!@ENDMSG 2221 @!@!@
@!@!@STARTMSG 2221:0 @!@!@
  |line 245, col 5 to line 245, col 56 of module ticketing: 3807
@!@!@ENDMSG 2221 @!@!@
@!@!@STARTMSG 2221:0 @!@!@
  |line 244, col 12 to line 244, col 20 of module ticketing: 1269
@!@!@ENDMSG 2221 @!@!@
@!@!@STARTMSG 2774:0 @!@!@
<TicketsPaidInv line 248, col 1 to line 248, col 14 of module ticketing>
@!@!@ENDMSG 2774 @!@!@
@!@!@STARTMSG 2221:0 @!@!@
  line 249, col 3 to line 250, col 45 of module ticketing: 1269
@!@!@ENDMSG 2221 @!@!@
@!@!@STARTMSG 2221:0 @!@!@
  |line 250, col 5 to line 250, col 45 of module ticketing: 3807
@!@!@ENDMSG 2221 @!@!@
@!@!@STARTMSG 2221:0 @!@!@
  ||line 250, col 27 to line 250, col 45 of module ticketing: 386
@!@!@ENDMSG 2221 @!@!@
@!@!@STARTMSG 2221:0 @!@!@
  ||line 250, col 14 to line 250, col 23 of module ticketing: 3807
@!@!@ENDMSG 2221 @!@!@
@!@!@STARTMSG 2221:0 @!@!@
  |line 249, col 12 to line 249, col 20 of module ticketing: 1269
@!@!@ENDMSG 2221 @!@!@
@!@!@STARTMSG 2774:0 @!@!@
<NoDoubleSell line 253, col 1 to line 253, col 12 of module ticketing>
@!@!@ENDMSG 2774 @!@!@
@!@!@STARTMSG 2221:0 @!@!@
  line 254, col 3 to line 255, col 58 of module ticketing: 1269
@!@!@ENDMSG 2221 @!@!@
@!@!@STARTMSG 2221:0 @!@!@
  |line 255, col 5 to line 255, col 58 of module ticketing: 12690
@!@!@ENDMSG 2221 @!@!@
@!@!@STARTMSG 2221:0 @!@!@
  ||line 255, col 5 to line 255, col 53 of module ticketing: 12690
@!@!@ENDMSG 2221 @!@!@
@!@!@STARTMSG 2221:0 @!@!@
  |||line 255, col 17 to line 255, col 52 of module ticketing: 12690
@!@!@ENDMSG 2221 @!@!@
@!@!@STARTMSG 2221:0 @!@!@
  ||||line 255, col 36 to line 255, col 51 of module ticketing: 38070
@!@!@ENDMSG 2221 @!@!@
@!@!@STARTMSG 2221:0 @!@!@
  ||||line 255, col 24 to line 255, col 32 of module ticketing: 12690
@!@!@ENDMSG 2221 @!@!@
@!@!@STARTMSG 2221:0 @!@!@
  |line 254, col 12 to line 254, col 16 of module ticketing: 1269
@!@!@ENDMSG 2221 @!@!@
@!@!@STARTMSG 2774:0 @!@!@
<BadInv_NoRequestsToServer line 258, col 1 to line 258, col 25 of module ticketing>
@!@!@ENDMSG 2774 @!@!@
@!@!@STARTMSG 2221:0 @!@!@
  line 259, col 5 to line 259, col 25 of module ticketing: 1269
@!@!@ENDMSG 2221 @!@!@
@!@!@STARTMSG 2202:0 @!@!@
End of statistics.
@!@!@ENDMSG 2202 @!@!@
@!@!@STARTMSG 2200:0 @!@!@
Progress(17) at 2026-02-04 17:32:24: 3,526 states generated (135,182 s/min), 1,269 distinct states found (48,651 ds/min), 186 states left on queue.
@!@!@ENDMSG 2200 @!@!@
@!@!@STARTMSG 2199:0 @!@!@
3526 states generated, 1269 distinct states found, 186 states left on queue.
@!@!@ENDMSG 2199 @!@!@
@!@!@STARTMSG 2194:0 @!@!@
The depth of the complete state graph search is 17.
@!@!@ENDMSG 2194 @!@!@
@!@!@STARTMSG 2268:0 @!@!@
The average outdegree of the complete state graph is 1 (minimum is 0, the maximum 4 and the 95th percentile is 2).
@!@!@ENDMSG 2268 @!@!@
@!@!@STARTMSG 2186:0 @!@!@
Finished in 1573ms at (2026-02-04 17:32:24)
@!@!@ENDMSG 2186 @!@!@
